<?xml version="1.0"?>
<link_info>
   <banner>TMS320C2000 Linker PC v15.12.3.LTS</banner>
   <copyright>Copyright (c) 1996-2015 Texas Instruments Incorporated</copyright>
   <link_time>0x59c3bb52</link_time>
   <link_errors>0x0</link_errors>
   <output_file>Example_2833xLEDBlink.out</output_file>
   <entry_point>
      <name>code_start</name>
      <address>0x0</address>
   </entry_point>
   <input_file_list>
      <input_file id="fl-4">
         <path>.\</path>
         <kind>object</kind>
         <file>DSP2833x_ADC_cal.obj</file>
         <name>DSP2833x_ADC_cal.obj</name>
      </input_file>
      <input_file id="fl-5">
         <path>.\</path>
         <kind>object</kind>
         <file>DSP2833x_CodeStartBranch.obj</file>
         <name>DSP2833x_CodeStartBranch.obj</name>
      </input_file>
      <input_file id="fl-6">
         <path>.\</path>
         <kind>object</kind>
         <file>DSP2833x_CpuTimers.obj</file>
         <name>DSP2833x_CpuTimers.obj</name>
      </input_file>
      <input_file id="fl-7">
         <path>.\</path>
         <kind>object</kind>
         <file>DSP2833x_DefaultIsr.obj</file>
         <name>DSP2833x_DefaultIsr.obj</name>
      </input_file>
      <input_file id="fl-8">
         <path>.\</path>
         <kind>object</kind>
         <file>DSP2833x_GlobalVariableDefs.obj</file>
         <name>DSP2833x_GlobalVariableDefs.obj</name>
      </input_file>
      <input_file id="fl-9">
         <path>.\</path>
         <kind>object</kind>
         <file>DSP2833x_PieCtrl.obj</file>
         <name>DSP2833x_PieCtrl.obj</name>
      </input_file>
      <input_file id="fl-a">
         <path>.\</path>
         <kind>object</kind>
         <file>DSP2833x_PieVect.obj</file>
         <name>DSP2833x_PieVect.obj</name>
      </input_file>
      <input_file id="fl-b">
         <path>.\</path>
         <kind>object</kind>
         <file>DSP2833x_Sci.obj</file>
         <name>DSP2833x_Sci.obj</name>
      </input_file>
      <input_file id="fl-c">
         <path>.\</path>
         <kind>object</kind>
         <file>DSP2833x_SysCtrl.obj</file>
         <name>DSP2833x_SysCtrl.obj</name>
      </input_file>
      <input_file id="fl-d">
         <path>.\</path>
         <kind>object</kind>
         <file>DSP2833x_usDelay.obj</file>
         <name>DSP2833x_usDelay.obj</name>
      </input_file>
      <input_file id="fl-e">
         <path>.\</path>
         <kind>object</kind>
         <file>Example_2833xLEDBlink.obj</file>
         <name>Example_2833xLEDBlink.obj</name>
      </input_file>
      <input_file id="fl-f">
         <path>.\Blinky\</path>
         <kind>object</kind>
         <file>Blinky.obj</file>
         <name>Blinky.obj</name>
      </input_file>
      <input_file id="fl-10">
         <path>.\Blinky\</path>
         <kind>object</kind>
         <file>bsp.obj</file>
         <name>bsp.obj</name>
      </input_file>
      <input_file id="fl-11">
         <path>.\Console\</path>
         <kind>object</kind>
         <file>Console.obj</file>
         <name>Console.obj</name>
      </input_file>
      <input_file id="fl-12">
         <path>.\Console\</path>
         <kind>object</kind>
         <file>Console_BSP.obj</file>
         <name>Console_BSP.obj</name>
      </input_file>
      <input_file id="fl-13">
         <path>.\QP_port\</path>
         <kind>object</kind>
         <file>qf_port.obj</file>
         <name>qf_port.obj</name>
      </input_file>
      <input_file id="fl-14">
         <path>.\QP_qep\</path>
         <kind>object</kind>
         <file>qep.obj</file>
         <name>qep.obj</name>
      </input_file>
      <input_file id="fl-15">
         <path>.\QP_qep\</path>
         <kind>object</kind>
         <file>qfsm_dis.obj</file>
         <name>qfsm_dis.obj</name>
      </input_file>
      <input_file id="fl-16">
         <path>.\QP_qep\</path>
         <kind>object</kind>
         <file>qfsm_ini.obj</file>
         <name>qfsm_ini.obj</name>
      </input_file>
      <input_file id="fl-17">
         <path>.\QP_qep\</path>
         <kind>object</kind>
         <file>qhsm_dis.obj</file>
         <name>qhsm_dis.obj</name>
      </input_file>
      <input_file id="fl-18">
         <path>.\QP_qep\</path>
         <kind>object</kind>
         <file>qhsm_in.obj</file>
         <name>qhsm_in.obj</name>
      </input_file>
      <input_file id="fl-19">
         <path>.\QP_qep\</path>
         <kind>object</kind>
         <file>qhsm_ini.obj</file>
         <name>qhsm_ini.obj</name>
      </input_file>
      <input_file id="fl-1a">
         <path>.\QP_qep\</path>
         <kind>object</kind>
         <file>qhsm_top.obj</file>
         <name>qhsm_top.obj</name>
      </input_file>
      <input_file id="fl-1b">
         <path>.\QP_qf\</path>
         <kind>object</kind>
         <file>qa_defer.obj</file>
         <name>qa_defer.obj</name>
      </input_file>
      <input_file id="fl-1c">
         <path>.\QP_qf\</path>
         <kind>object</kind>
         <file>qa_fifo.obj</file>
         <name>qa_fifo.obj</name>
      </input_file>
      <input_file id="fl-1d">
         <path>.\QP_qf\</path>
         <kind>object</kind>
         <file>qa_get_.obj</file>
         <name>qa_get_.obj</name>
      </input_file>
      <input_file id="fl-1e">
         <path>.\QP_qf\</path>
         <kind>object</kind>
         <file>qa_lifo.obj</file>
         <name>qa_lifo.obj</name>
      </input_file>
      <input_file id="fl-1f">
         <path>.\QP_qf\</path>
         <kind>object</kind>
         <file>qa_sub.obj</file>
         <name>qa_sub.obj</name>
      </input_file>
      <input_file id="fl-20">
         <path>.\QP_qf\</path>
         <kind>object</kind>
         <file>qa_usub.obj</file>
         <name>qa_usub.obj</name>
      </input_file>
      <input_file id="fl-21">
         <path>.\QP_qf\</path>
         <kind>object</kind>
         <file>qa_usuba.obj</file>
         <name>qa_usuba.obj</name>
      </input_file>
      <input_file id="fl-22">
         <path>.\QP_qf\</path>
         <kind>object</kind>
         <file>qeq_fifo.obj</file>
         <name>qeq_fifo.obj</name>
      </input_file>
      <input_file id="fl-23">
         <path>.\QP_qf\</path>
         <kind>object</kind>
         <file>qeq_get.obj</file>
         <name>qeq_get.obj</name>
      </input_file>
      <input_file id="fl-24">
         <path>.\QP_qf\</path>
         <kind>object</kind>
         <file>qeq_init.obj</file>
         <name>qeq_init.obj</name>
      </input_file>
      <input_file id="fl-25">
         <path>.\QP_qf\</path>
         <kind>object</kind>
         <file>qeq_lifo.obj</file>
         <name>qeq_lifo.obj</name>
      </input_file>
      <input_file id="fl-26">
         <path>.\QP_qf\</path>
         <kind>object</kind>
         <file>qf_act.obj</file>
         <name>qf_act.obj</name>
      </input_file>
      <input_file id="fl-27">
         <path>.\QP_qf\</path>
         <kind>object</kind>
         <file>qf_gc.obj</file>
         <name>qf_gc.obj</name>
      </input_file>
      <input_file id="fl-28">
         <path>.\QP_qf\</path>
         <kind>object</kind>
         <file>qf_log2.obj</file>
         <name>qf_log2.obj</name>
      </input_file>
      <input_file id="fl-29">
         <path>.\QP_qf\</path>
         <kind>object</kind>
         <file>qf_new.obj</file>
         <name>qf_new.obj</name>
      </input_file>
      <input_file id="fl-2a">
         <path>.\QP_qf\</path>
         <kind>object</kind>
         <file>qf_pool.obj</file>
         <name>qf_pool.obj</name>
      </input_file>
      <input_file id="fl-2b">
         <path>.\QP_qf\</path>
         <kind>object</kind>
         <file>qf_psini.obj</file>
         <name>qf_psini.obj</name>
      </input_file>
      <input_file id="fl-2c">
         <path>.\QP_qf\</path>
         <kind>object</kind>
         <file>qf_pspub.obj</file>
         <name>qf_pspub.obj</name>
      </input_file>
      <input_file id="fl-2d">
         <path>.\QP_qf\</path>
         <kind>object</kind>
         <file>qf_pwr2.obj</file>
         <name>qf_pwr2.obj</name>
      </input_file>
      <input_file id="fl-2e">
         <path>.\QP_qf\</path>
         <kind>object</kind>
         <file>qf_tick.obj</file>
         <name>qf_tick.obj</name>
      </input_file>
      <input_file id="fl-2f">
         <path>.\QP_qf\</path>
         <kind>object</kind>
         <file>qmp_get.obj</file>
         <name>qmp_get.obj</name>
      </input_file>
      <input_file id="fl-30">
         <path>.\QP_qf\</path>
         <kind>object</kind>
         <file>qmp_init.obj</file>
         <name>qmp_init.obj</name>
      </input_file>
      <input_file id="fl-31">
         <path>.\QP_qf\</path>
         <kind>object</kind>
         <file>qmp_put.obj</file>
         <name>qmp_put.obj</name>
      </input_file>
      <input_file id="fl-32">
         <path>.\QP_qf\</path>
         <kind>object</kind>
         <file>qte_arm.obj</file>
         <name>qte_arm.obj</name>
      </input_file>
      <input_file id="fl-33">
         <path>.\QP_qf\</path>
         <kind>object</kind>
         <file>qte_ctor.obj</file>
         <name>qte_ctor.obj</name>
      </input_file>
      <input_file id="fl-34">
         <path>.\QP_qf\</path>
         <kind>object</kind>
         <file>qte_ctr.obj</file>
         <name>qte_ctr.obj</name>
      </input_file>
      <input_file id="fl-35">
         <path>.\QP_qf\</path>
         <kind>object</kind>
         <file>qte_darm.obj</file>
         <name>qte_darm.obj</name>
      </input_file>
      <input_file id="fl-36">
         <path>.\QP_qf\</path>
         <kind>object</kind>
         <file>qte_rarm.obj</file>
         <name>qte_rarm.obj</name>
      </input_file>
      <input_file id="fl-37">
         <path>.\QP_qf\</path>
         <kind>object</kind>
         <file>qvanilla.obj</file>
         <name>qvanilla.obj</name>
      </input_file>
      <input_file id="fl-3d">
         <path>C:\ti\ccsv6\tools\compiler\c2000_15.12.3.LTS\lib\</path>
         <kind>archive</kind>
         <file>rts2800_fpu32.lib</file>
         <name>boot.obj</name>
      </input_file>
      <input_file id="fl-3e">
         <path>C:\ti\ccsv6\tools\compiler\c2000_15.12.3.LTS\lib\</path>
         <kind>archive</kind>
         <file>rts2800_fpu32.lib</file>
         <name>args_main.obj</name>
      </input_file>
      <input_file id="fl-3f">
         <path>C:\ti\ccsv6\tools\compiler\c2000_15.12.3.LTS\lib\</path>
         <kind>archive</kind>
         <file>rts2800_fpu32.lib</file>
         <name>startup.obj</name>
      </input_file>
      <input_file id="fl-40">
         <path>C:\ti\ccsv6\tools\compiler\c2000_15.12.3.LTS\lib\</path>
         <kind>archive</kind>
         <file>rts2800_fpu32.lib</file>
         <name>pre_init.obj</name>
      </input_file>
      <input_file id="fl-41">
         <path>C:\ti\ccsv6\tools\compiler\c2000_15.12.3.LTS\lib\</path>
         <kind>archive</kind>
         <file>rts2800_fpu32.lib</file>
         <name>cpy_tbl.obj</name>
      </input_file>
      <input_file id="fl-42">
         <path>C:\ti\ccsv6\tools\compiler\c2000_15.12.3.LTS\lib\</path>
         <kind>archive</kind>
         <file>rts2800_fpu32.lib</file>
         <name>cpy_utils.obj</name>
      </input_file>
      <input_file id="fl-43">
         <path>C:\ti\ccsv6\tools\compiler\c2000_15.12.3.LTS\lib\</path>
         <kind>archive</kind>
         <file>rts2800_fpu32.lib</file>
         <name>exit.obj</name>
      </input_file>
      <input_file id="fl-44">
         <path>C:\ti\ccsv6\tools\compiler\c2000_15.12.3.LTS\lib\</path>
         <kind>archive</kind>
         <file>rts2800_fpu32.lib</file>
         <name>_lock.obj</name>
      </input_file>
      <input_file id="fl-45">
         <path>C:\ti\ccsv6\tools\compiler\c2000_15.12.3.LTS\lib\</path>
         <kind>archive</kind>
         <file>rts2800_fpu32.lib</file>
         <name>strlen.obj</name>
      </input_file>
   </input_file_list>
   <object_component_list>
      <object_component id="oc-4c">
         <name>codestart</name>
         <load_address>0x0</load_address>
         <run_address>0x0</run_address>
         <size>0x2</size>
         <input_file_ref idref="fl-5"/>
      </object_component>
      <object_component id="oc-ce">
         <name>ramfuncs:retain</name>
         <load_address>0x8000</load_address>
         <run_address>0x8000</run_address>
         <size>0xa5</size>
         <input_file_ref idref="fl-12"/>
      </object_component>
      <object_component id="oc-1ce">
         <name>ramfuncs</name>
         <load_address>0x80a5</load_address>
         <run_address>0x80a5</run_address>
         <size>0x1d</size>
         <input_file_ref idref="fl-e"/>
      </object_component>
      <object_component id="oc-ab">
         <name>ramfuncs</name>
         <load_address>0x80c2</load_address>
         <run_address>0x80c2</run_address>
         <size>0x4</size>
         <input_file_ref idref="fl-d"/>
      </object_component>
      <object_component id="oc-1dc">
         <name>ramfuncs</name>
         <load_address>0x80c6</load_address>
         <run_address>0x80c6</run_address>
         <size>0x4</size>
         <input_file_ref idref="fl-10"/>
      </object_component>
      <object_component id="oc-5e">
         <name>.text:retain</name>
         <load_address>0x9000</load_address>
         <run_address>0x9000</run_address>
         <size>0x316</size>
         <input_file_ref idref="fl-7"/>
      </object_component>
      <object_component id="oc-1cd">
         <name>.text</name>
         <load_address>0x9316</load_address>
         <run_address>0x9316</run_address>
         <size>0x2b0</size>
         <input_file_ref idref="fl-12"/>
      </object_component>
      <object_component id="oc-1da">
         <name>.text</name>
         <load_address>0x95c6</load_address>
         <run_address>0x95c6</run_address>
         <size>0x15a</size>
         <input_file_ref idref="fl-17"/>
      </object_component>
      <object_component id="oc-1d2">
         <name>.text</name>
         <load_address>0x9720</load_address>
         <run_address>0x9720</run_address>
         <size>0xfc</size>
         <input_file_ref idref="fl-11"/>
      </object_component>
      <object_component id="oc-1c8">
         <name>.text</name>
         <load_address>0x981c</load_address>
         <run_address>0x981c</run_address>
         <size>0xf8</size>
         <input_file_ref idref="fl-c"/>
      </object_component>
      <object_component id="oc-1c3">
         <name>.text</name>
         <load_address>0x9914</load_address>
         <run_address>0x9914</run_address>
         <size>0xa1</size>
         <input_file_ref idref="fl-e"/>
      </object_component>
      <object_component id="oc-1d1">
         <name>.text</name>
         <load_address>0x99b5</load_address>
         <run_address>0x99b5</run_address>
         <size>0x97</size>
         <input_file_ref idref="fl-f"/>
      </object_component>
      <object_component id="oc-cf">
         <name>.text:retain</name>
         <load_address>0x9a4c</load_address>
         <run_address>0x9a4c</run_address>
         <size>0x82</size>
         <input_file_ref idref="fl-12"/>
      </object_component>
      <object_component id="oc-1d9">
         <name>.text</name>
         <load_address>0x9ace</load_address>
         <run_address>0x9ace</run_address>
         <size>0x79</size>
         <input_file_ref idref="fl-1d"/>
      </object_component>
      <object_component id="oc-1ba">
         <name>.text</name>
         <load_address>0x9b47</load_address>
         <run_address>0x9b47</run_address>
         <size>0x78</size>
         <input_file_ref idref="fl-2e"/>
      </object_component>
      <object_component id="oc-1cb">
         <name>.text</name>
         <load_address>0x9bbf</load_address>
         <run_address>0x9bbf</run_address>
         <size>0x73</size>
         <input_file_ref idref="fl-6"/>
      </object_component>
      <object_component id="oc-1e0">
         <name>.text</name>
         <load_address>0x9c32</load_address>
         <run_address>0x9c32</run_address>
         <size>0x67</size>
         <input_file_ref idref="fl-19"/>
      </object_component>
      <object_component id="oc-1c2">
         <name>.text</name>
         <load_address>0x9c99</load_address>
         <run_address>0x9c99</run_address>
         <size>0x5d</size>
         <input_file_ref idref="fl-1c"/>
      </object_component>
      <object_component id="oc-1df">
         <name>.text</name>
         <load_address>0x9cf6</load_address>
         <run_address>0x9cf6</run_address>
         <size>0x5a</size>
         <input_file_ref idref="fl-26"/>
      </object_component>
      <object_component id="oc-1cf">
         <name>.text</name>
         <load_address>0x9d50</load_address>
         <run_address>0x9d50</run_address>
         <size>0x58</size>
         <input_file_ref idref="fl-37"/>
      </object_component>
      <object_component id="oc-189">
         <name>.text</name>
         <load_address>0x9da8</load_address>
         <run_address>0x9da8</run_address>
         <size>0x56</size>
         <input_file_ref idref="fl-3d"/>
      </object_component>
      <object_component id="oc-1d6">
         <name>.text</name>
         <load_address>0x9dfe</load_address>
         <run_address>0x9dfe</run_address>
         <size>0x48</size>
         <input_file_ref idref="fl-b"/>
      </object_component>
      <object_component id="oc-1bc">
         <name>.text</name>
         <load_address>0x9e46</load_address>
         <run_address>0x9e46</run_address>
         <size>0x46</size>
         <input_file_ref idref="fl-41"/>
      </object_component>
      <object_component id="oc-b3">
         <name>.text:retain</name>
         <load_address>0x9e8c</load_address>
         <run_address>0x9e8c</run_address>
         <size>0x3e</size>
         <input_file_ref idref="fl-e"/>
      </object_component>
      <object_component id="oc-1e3">
         <name>.text</name>
         <load_address>0x9eca</load_address>
         <run_address>0x9eca</run_address>
         <size>0x3b</size>
         <input_file_ref idref="fl-32"/>
      </object_component>
      <object_component id="oc-1d0">
         <name>.text</name>
         <load_address>0x9f05</load_address>
         <run_address>0x9f05</run_address>
         <size>0x34</size>
         <input_file_ref idref="fl-13"/>
      </object_component>
      <object_component id="oc-1ea">
         <name>.text</name>
         <load_address>0x9f39</load_address>
         <run_address>0x9f39</run_address>
         <size>0x30</size>
         <input_file_ref idref="fl-31"/>
      </object_component>
      <object_component id="oc-1db">
         <name>.text</name>
         <load_address>0x9f69</load_address>
         <run_address>0x9f69</run_address>
         <size>0x2f</size>
         <input_file_ref idref="fl-27"/>
      </object_component>
      <object_component id="oc-1bf">
         <name>.text</name>
         <load_address>0x9f98</load_address>
         <run_address>0x9f98</run_address>
         <size>0x29</size>
         <input_file_ref idref="fl-43"/>
      </object_component>
      <object_component id="oc-1c9">
         <name>.text</name>
         <load_address>0x9fc1</load_address>
         <run_address>0x9fc1</run_address>
         <size>0x28</size>
         <input_file_ref idref="fl-9"/>
      </object_component>
      <object_component id="oc-1d3">
         <name>.text</name>
         <load_address>0x9fe9</load_address>
         <run_address>0x9fe9</run_address>
         <size>0x9</size>
         <input_file_ref idref="fl-44"/>
      </object_component>
      <object_component id="oc-52">
         <name>.text</name>
         <load_address>0x9ff2</load_address>
         <run_address>0x9ff2</run_address>
         <size>0x8</size>
         <input_file_ref idref="fl-5"/>
      </object_component>
      <object_component id="oc-1e1">
         <name>.text</name>
         <load_address>0x9ffa</load_address>
         <run_address>0x9ffa</run_address>
         <size>0x6</size>
         <input_file_ref idref="fl-1a"/>
      </object_component>
      <object_component id="oc-1ca">
         <name>.text</name>
         <load_address>0xa000</load_address>
         <run_address>0xa000</run_address>
         <size>0x20</size>
         <input_file_ref idref="fl-a"/>
      </object_component>
      <object_component id="oc-1e2">
         <name>.text</name>
         <load_address>0xa020</load_address>
         <run_address>0xa020</run_address>
         <size>0x20</size>
         <input_file_ref idref="fl-33"/>
      </object_component>
      <object_component id="oc-1c1">
         <name>.text</name>
         <load_address>0xa040</load_address>
         <run_address>0xa040</run_address>
         <size>0x1e</size>
         <input_file_ref idref="fl-10"/>
      </object_component>
      <object_component id="oc-1de">
         <name>.text</name>
         <load_address>0xa05e</load_address>
         <run_address>0xa05e</run_address>
         <size>0x1b</size>
         <input_file_ref idref="fl-24"/>
      </object_component>
      <object_component id="oc-1a4">
         <name>.text</name>
         <load_address>0xa079</load_address>
         <run_address>0xa079</run_address>
         <size>0x1a</size>
         <input_file_ref idref="fl-42"/>
      </object_component>
      <object_component id="oc-1be">
         <name>.text</name>
         <load_address>0xa093</load_address>
         <run_address>0xa093</run_address>
         <size>0x19</size>
         <input_file_ref idref="fl-3e"/>
      </object_component>
      <object_component id="oc-1cc">
         <name>.text</name>
         <load_address>0xa0ac</load_address>
         <run_address>0xa0ac</run_address>
         <size>0x8</size>
         <input_file_ref idref="fl-45"/>
      </object_component>
      <object_component id="oc-1bb">
         <name>.text</name>
         <load_address>0xa0b4</load_address>
         <run_address>0xa0b4</run_address>
         <size>0x2</size>
         <input_file_ref idref="fl-40"/>
      </object_component>
      <object_component id="oc-1bd">
         <name>.text</name>
         <load_address>0xa0b6</load_address>
         <run_address>0xa0b6</run_address>
         <size>0x1</size>
         <input_file_ref idref="fl-3f"/>
      </object_component>
      <object_component id="oc-b1">
         <name>.cinit</name>
         <load_address>0x8000</load_address>
         <run_address>0x8000</run_address>
         <size>0x24</size>
         <input_file_ref idref="fl-e"/>
      </object_component>
      <object_component id="oc-b9">
         <name>.cinit</name>
         <load_address>0x8024</load_address>
         <run_address>0x8024</run_address>
         <size>0x5</size>
         <input_file_ref idref="fl-f"/>
      </object_component>
      <object_component id="oc-c5">
         <name>.cinit</name>
         <load_address>0x8029</load_address>
         <run_address>0x8029</run_address>
         <size>0xc3</size>
         <input_file_ref idref="fl-11"/>
      </object_component>
      <object_component id="oc-cc">
         <name>.cinit</name>
         <load_address>0x80ec</load_address>
         <run_address>0x80ec</run_address>
         <size>0x14</size>
         <input_file_ref idref="fl-12"/>
      </object_component>
      <object_component id="oc-1aa">
         <name>.cinit</name>
         <load_address>0x8100</load_address>
         <run_address>0x8100</run_address>
         <size>0xe</size>
         <input_file_ref idref="fl-43"/>
      </object_component>
      <object_component id="oc-1d4">
         <name>.cinit:__unlock</name>
         <load_address>0x810e</load_address>
         <run_address>0x810e</run_address>
         <size>0x5</size>
         <input_file_ref idref="fl-44"/>
      </object_component>
      <object_component id="oc-1c5">
         <name>.cinit:__lock</name>
         <load_address>0x8113</load_address>
         <run_address>0x8113</run_address>
         <size>0x5</size>
         <input_file_ref idref="fl-44"/>
      </object_component>
      <object_component id="oc-18a">
         <name>.stack</name>
         <uninitialized>true</uninitialized>
         <run_address>0x400</run_address>
         <size>0x0</size>
         <input_file_ref idref="fl-3d"/>
      </object_component>
      <object_component id="oc-247">
         <name>.stack</name>
         <uninitialized>true</uninitialized>
         <run_address>0x400</run_address>
         <size>0x0</size>
      </object_component>
      <object_component id="oc-58">
         <name>.ebss</name>
         <uninitialized>true</uninitialized>
         <run_address>0xc25e</run_address>
         <size>0x18</size>
         <input_file_ref idref="fl-6"/>
      </object_component>
      <object_component id="oc-b2">
         <name>.ebss</name>
         <uninitialized>true</uninitialized>
         <run_address>0xc180</run_address>
         <size>0x7f</size>
         <input_file_ref idref="fl-e"/>
      </object_component>
      <object_component id="oc-ba">
         <name>.ebss</name>
         <uninitialized>true</uninitialized>
         <run_address>0xc240</run_address>
         <size>0x1e</size>
         <input_file_ref idref="fl-f"/>
      </object_component>
      <object_component id="oc-c6">
         <name>.ebss</name>
         <uninitialized>true</uninitialized>
         <run_address>0xc000</run_address>
         <size>0x160</size>
         <input_file_ref idref="fl-11"/>
      </object_component>
      <object_component id="oc-cd">
         <name>.ebss</name>
         <uninitialized>true</uninitialized>
         <run_address>0xc200</run_address>
         <size>0x36</size>
         <input_file_ref idref="fl-12"/>
      </object_component>
      <object_component id="oc-d5">
         <name>.ebss</name>
         <uninitialized>true</uninitialized>
         <run_address>0xc23c</run_address>
         <size>0x4</size>
         <input_file_ref idref="fl-13"/>
      </object_component>
      <object_component id="oc-135">
         <name>.ebss</name>
         <uninitialized>true</uninitialized>
         <run_address>0xc280</run_address>
         <size>0x10</size>
         <input_file_ref idref="fl-26"/>
      </object_component>
      <object_component id="oc-147">
         <name>.ebss</name>
         <uninitialized>true</uninitialized>
         <run_address>0xc160</run_address>
         <size>0x20</size>
         <input_file_ref idref="fl-2a"/>
      </object_component>
      <object_component id="oc-16a">
         <name>.ebss</name>
         <uninitialized>true</uninitialized>
         <run_address>0xc27a</run_address>
         <size>0x2</size>
         <input_file_ref idref="fl-32"/>
      </object_component>
      <object_component id="oc-184">
         <name>.ebss</name>
         <uninitialized>true</uninitialized>
         <run_address>0xc1ff</run_address>
         <size>0x1</size>
         <input_file_ref idref="fl-37"/>
      </object_component>
      <object_component id="oc-1ab">
         <name>.ebss</name>
         <uninitialized>true</uninitialized>
         <run_address>0xc236</run_address>
         <size>0x6</size>
         <input_file_ref idref="fl-43"/>
      </object_component>
      <object_component id="oc-1e4">
         <name>.ebss:__unlock</name>
         <uninitialized>true</uninitialized>
         <run_address>0xc278</run_address>
         <size>0x2</size>
         <input_file_ref idref="fl-44"/>
      </object_component>
      <object_component id="oc-1c4">
         <name>.ebss:__lock</name>
         <uninitialized>true</uninitialized>
         <run_address>0xc276</run_address>
         <size>0x2</size>
         <input_file_ref idref="fl-44"/>
      </object_component>
      <object_component id="oc-1d8">
         <name>.econst:.string:_QF_log2Lkup</name>
         <load_address>0xd000</load_address>
         <run_address>0xd000</run_address>
         <size>0x100</size>
         <input_file_ref idref="fl-28"/>
      </object_component>
      <object_component id="oc-1d5">
         <name>.econst:_PieVectTableInit</name>
         <load_address>0xd100</load_address>
         <run_address>0xd100</run_address>
         <size>0x100</size>
         <input_file_ref idref="fl-a"/>
      </object_component>
      <object_component id="oc-1e6">
         <name>.econst:.string:_QF_invPwr2Lkup</name>
         <load_address>0xd200</load_address>
         <run_address>0xd200</run_address>
         <size>0x41</size>
         <input_file_ref idref="fl-2d"/>
      </object_component>
      <object_component id="oc-1c6">
         <name>.econst:.string:_QF_pwr2Lkup</name>
         <load_address>0xd241</load_address>
         <run_address>0xd241</run_address>
         <size>0x41</size>
         <input_file_ref idref="fl-2d"/>
      </object_component>
      <object_component id="oc-1e8">
         <name>.econst:_QEP_reservedEvt_</name>
         <load_address>0xd282</load_address>
         <run_address>0xd282</run_address>
         <size>0xc</size>
         <input_file_ref idref="fl-14"/>
      </object_component>
      <object_component id="oc-1e7">
         <name>.econst:.string:_l_this_file</name>
         <load_address>0xd28e</load_address>
         <run_address>0xd28e</run_address>
         <size>0x9</size>
         <input_file_ref idref="fl-17"/>
      </object_component>
      <object_component id="oc-1ed">
         <name>.econst:.string:_l_this_file</name>
         <load_address>0xd297</load_address>
         <run_address>0xd297</run_address>
         <size>0x9</size>
         <input_file_ref idref="fl-19"/>
      </object_component>
      <object_component id="oc-1ee">
         <name>.econst:.string:_l_this_file</name>
         <load_address>0xd2a0</load_address>
         <run_address>0xd2a0</run_address>
         <size>0x9</size>
         <input_file_ref idref="fl-33"/>
      </object_component>
      <object_component id="oc-1dd">
         <name>.econst:.string:_l_this_file</name>
         <load_address>0xd2a9</load_address>
         <run_address>0xd2a9</run_address>
         <size>0x9</size>
         <input_file_ref idref="fl-37"/>
      </object_component>
      <object_component id="oc-1c7">
         <name>.econst:.string:_l_this_file</name>
         <load_address>0xd2b2</load_address>
         <run_address>0xd2b2</run_address>
         <size>0x8</size>
         <input_file_ref idref="fl-1c"/>
      </object_component>
      <object_component id="oc-1e5">
         <name>.econst:.string:_l_this_file</name>
         <load_address>0xd2ba</load_address>
         <run_address>0xd2ba</run_address>
         <size>0x8</size>
         <input_file_ref idref="fl-1d"/>
      </object_component>
      <object_component id="oc-1c0">
         <name>.econst:.string:_l_this_file</name>
         <load_address>0xd2c2</load_address>
         <run_address>0xd2c2</run_address>
         <size>0x8</size>
         <input_file_ref idref="fl-2e"/>
      </object_component>
      <object_component id="oc-1f0">
         <name>.econst:.string:_l_this_file</name>
         <load_address>0xd2ca</load_address>
         <run_address>0xd2ca</run_address>
         <size>0x8</size>
         <input_file_ref idref="fl-31"/>
      </object_component>
      <object_component id="oc-1ef">
         <name>.econst:.string:_l_this_file</name>
         <load_address>0xd2d2</load_address>
         <run_address>0xd2d2</run_address>
         <size>0x8</size>
         <input_file_ref idref="fl-32"/>
      </object_component>
      <object_component id="oc-1ec">
         <name>.econst:.string:_l_this_file</name>
         <load_address>0xd2da</load_address>
         <run_address>0xd2da</run_address>
         <size>0x7</size>
         <input_file_ref idref="fl-26"/>
      </object_component>
      <object_component id="oc-1eb">
         <name>.econst:.string:_version$1</name>
         <load_address>0xd2e1</load_address>
         <run_address>0xd2e1</run_address>
         <size>0x7</size>
         <input_file_ref idref="fl-26"/>
      </object_component>
      <object_component id="oc-1e9">
         <name>.econst:.string:_l_this_file</name>
         <load_address>0xd2e8</load_address>
         <run_address>0xd2e8</run_address>
         <size>0x6</size>
         <input_file_ref idref="fl-27"/>
      </object_component>
      <object_component id="oc-1d7">
         <name>.econst:_$P$T0$3</name>
         <load_address>0xd2ee</load_address>
         <run_address>0xd2ee</run_address>
         <size>0x3</size>
         <input_file_ref idref="fl-e"/>
      </object_component>
      <object_component id="oc-18b">
         <name>.reset</name>
         <load_address>0x3fffc0</load_address>
         <run_address>0x3fffc0</run_address>
         <size>0x2</size>
         <input_file_ref idref="fl-3d"/>
      </object_component>
      <object_component id="oc-4d">
         <name>.adc_cal</name>
         <load_address>0x380080</load_address>
         <run_address>0x380080</run_address>
         <size>0x7</size>
         <input_file_ref idref="fl-4"/>
      </object_component>
      <object_component id="oc-95">
         <name>PieVectTableFile</name>
         <uninitialized>true</uninitialized>
         <run_address>0xd00</run_address>
         <size>0x100</size>
         <input_file_ref idref="fl-8"/>
      </object_component>
      <object_component id="oc-91">
         <name>DevEmuRegsFile</name>
         <uninitialized>true</uninitialized>
         <run_address>0x880</run_address>
         <size>0xd0</size>
         <input_file_ref idref="fl-8"/>
      </object_component>
      <object_component id="oc-67">
         <name>FlashRegsFile</name>
         <uninitialized>true</uninitialized>
         <run_address>0xa80</run_address>
         <size>0x8</size>
         <input_file_ref idref="fl-8"/>
      </object_component>
      <object_component id="oc-6f">
         <name>CsmRegsFile</name>
         <uninitialized>true</uninitialized>
         <run_address>0xae0</run_address>
         <size>0x10</size>
         <input_file_ref idref="fl-8"/>
      </object_component>
      <object_component id="oc-70">
         <name>AdcMirrorFile</name>
         <uninitialized>true</uninitialized>
         <run_address>0xb00</run_address>
         <size>0x10</size>
         <input_file_ref idref="fl-8"/>
      </object_component>
      <object_component id="oc-74">
         <name>XintfRegsFile</name>
         <uninitialized>true</uninitialized>
         <run_address>0xb20</run_address>
         <size>0x1e</size>
         <input_file_ref idref="fl-8"/>
      </object_component>
      <object_component id="oc-68">
         <name>CpuTimer0RegsFile</name>
         <uninitialized>true</uninitialized>
         <run_address>0xc00</run_address>
         <size>0x8</size>
         <input_file_ref idref="fl-8"/>
      </object_component>
      <object_component id="oc-69">
         <name>CpuTimer1RegsFile</name>
         <uninitialized>true</uninitialized>
         <run_address>0xc08</run_address>
         <size>0x8</size>
         <input_file_ref idref="fl-8"/>
      </object_component>
      <object_component id="oc-65">
         <name>CpuTimer2RegsFile</name>
         <uninitialized>true</uninitialized>
         <run_address>0xc10</run_address>
         <size>0x8</size>
         <input_file_ref idref="fl-8"/>
      </object_component>
      <object_component id="oc-72">
         <name>PieCtrlRegsFile</name>
         <uninitialized>true</uninitialized>
         <run_address>0xce0</run_address>
         <size>0x1a</size>
         <input_file_ref idref="fl-8"/>
      </object_component>
      <object_component id="oc-92">
         <name>DmaRegsFile</name>
         <uninitialized>true</uninitialized>
         <run_address>0x1000</run_address>
         <size>0xe0</size>
         <input_file_ref idref="fl-8"/>
      </object_component>
      <object_component id="oc-85">
         <name>McbspaRegsFile</name>
         <uninitialized>true</uninitialized>
         <run_address>0x5000</run_address>
         <size>0x25</size>
         <input_file_ref idref="fl-8"/>
      </object_component>
      <object_component id="oc-84">
         <name>McbspbRegsFile</name>
         <uninitialized>true</uninitialized>
         <run_address>0x5040</run_address>
         <size>0x25</size>
         <input_file_ref idref="fl-8"/>
      </object_component>
      <object_component id="oc-87">
         <name>ECanaRegsFile</name>
         <uninitialized>true</uninitialized>
         <run_address>0x6000</run_address>
         <size>0x34</size>
         <input_file_ref idref="fl-8"/>
      </object_component>
      <object_component id="oc-8b">
         <name>ECanaLAMRegsFile</name>
         <uninitialized>true</uninitialized>
         <run_address>0x6040</run_address>
         <size>0x40</size>
         <input_file_ref idref="fl-8"/>
      </object_component>
      <object_component id="oc-94">
         <name>ECanaMboxesFile</name>
         <uninitialized>true</uninitialized>
         <run_address>0x6100</run_address>
         <size>0x100</size>
         <input_file_ref idref="fl-8"/>
      </object_component>
      <object_component id="oc-8c">
         <name>ECanaMOTSRegsFile</name>
         <uninitialized>true</uninitialized>
         <run_address>0x6080</run_address>
         <size>0x40</size>
         <input_file_ref idref="fl-8"/>
      </object_component>
      <object_component id="oc-89">
         <name>ECanaMOTORegsFile</name>
         <uninitialized>true</uninitialized>
         <run_address>0x60c0</run_address>
         <size>0x40</size>
         <input_file_ref idref="fl-8"/>
      </object_component>
      <object_component id="oc-88">
         <name>ECanbRegsFile</name>
         <uninitialized>true</uninitialized>
         <run_address>0x6200</run_address>
         <size>0x34</size>
         <input_file_ref idref="fl-8"/>
      </object_component>
      <object_component id="oc-90">
         <name>ECanbLAMRegsFile</name>
         <uninitialized>true</uninitialized>
         <run_address>0x6240</run_address>
         <size>0x40</size>
         <input_file_ref idref="fl-8"/>
      </object_component>
      <object_component id="oc-93">
         <name>ECanbMboxesFile</name>
         <uninitialized>true</uninitialized>
         <run_address>0x6300</run_address>
         <size>0x100</size>
         <input_file_ref idref="fl-8"/>
      </object_component>
      <object_component id="oc-8a">
         <name>ECanbMOTSRegsFile</name>
         <uninitialized>true</uninitialized>
         <run_address>0x6280</run_address>
         <size>0x40</size>
         <input_file_ref idref="fl-8"/>
      </object_component>
      <object_component id="oc-8d">
         <name>ECanbMOTORegsFile</name>
         <uninitialized>true</uninitialized>
         <run_address>0x62c0</run_address>
         <size>0x40</size>
         <input_file_ref idref="fl-8"/>
      </object_component>
      <object_component id="oc-82">
         <name>EPwm1RegsFile</name>
         <uninitialized>true</uninitialized>
         <run_address>0x6800</run_address>
         <size>0x22</size>
         <input_file_ref idref="fl-8"/>
      </object_component>
      <object_component id="oc-7d">
         <name>EPwm2RegsFile</name>
         <uninitialized>true</uninitialized>
         <run_address>0x6840</run_address>
         <size>0x22</size>
         <input_file_ref idref="fl-8"/>
      </object_component>
      <object_component id="oc-7e">
         <name>EPwm3RegsFile</name>
         <uninitialized>true</uninitialized>
         <run_address>0x6880</run_address>
         <size>0x22</size>
         <input_file_ref idref="fl-8"/>
      </object_component>
      <object_component id="oc-83">
         <name>EPwm4RegsFile</name>
         <uninitialized>true</uninitialized>
         <run_address>0x68c0</run_address>
         <size>0x22</size>
         <input_file_ref idref="fl-8"/>
      </object_component>
      <object_component id="oc-80">
         <name>EPwm5RegsFile</name>
         <uninitialized>true</uninitialized>
         <run_address>0x6900</run_address>
         <size>0x22</size>
         <input_file_ref idref="fl-8"/>
      </object_component>
      <object_component id="oc-81">
         <name>EPwm6RegsFile</name>
         <uninitialized>true</uninitialized>
         <run_address>0x6940</run_address>
         <size>0x22</size>
         <input_file_ref idref="fl-8"/>
      </object_component>
      <object_component id="oc-77">
         <name>ECap1RegsFile</name>
         <uninitialized>true</uninitialized>
         <run_address>0x6a00</run_address>
         <size>0x20</size>
         <input_file_ref idref="fl-8"/>
      </object_component>
      <object_component id="oc-78">
         <name>ECap2RegsFile</name>
         <uninitialized>true</uninitialized>
         <run_address>0x6a20</run_address>
         <size>0x20</size>
         <input_file_ref idref="fl-8"/>
      </object_component>
      <object_component id="oc-75">
         <name>ECap3RegsFile</name>
         <uninitialized>true</uninitialized>
         <run_address>0x6a40</run_address>
         <size>0x20</size>
         <input_file_ref idref="fl-8"/>
      </object_component>
      <object_component id="oc-76">
         <name>ECap4RegsFile</name>
         <uninitialized>true</uninitialized>
         <run_address>0x6a60</run_address>
         <size>0x20</size>
         <input_file_ref idref="fl-8"/>
      </object_component>
      <object_component id="oc-7b">
         <name>ECap5RegsFile</name>
         <uninitialized>true</uninitialized>
         <run_address>0x6a80</run_address>
         <size>0x20</size>
         <input_file_ref idref="fl-8"/>
      </object_component>
      <object_component id="oc-7c">
         <name>ECap6RegsFile</name>
         <uninitialized>true</uninitialized>
         <run_address>0x6aa0</run_address>
         <size>0x20</size>
         <input_file_ref idref="fl-8"/>
      </object_component>
      <object_component id="oc-8e">
         <name>EQep1RegsFile</name>
         <uninitialized>true</uninitialized>
         <run_address>0x6b00</run_address>
         <size>0x40</size>
         <input_file_ref idref="fl-8"/>
      </object_component>
      <object_component id="oc-8f">
         <name>EQep2RegsFile</name>
         <uninitialized>true</uninitialized>
         <run_address>0x6b40</run_address>
         <size>0x40</size>
         <input_file_ref idref="fl-8"/>
      </object_component>
      <object_component id="oc-86">
         <name>GpioCtrlRegsFile</name>
         <uninitialized>true</uninitialized>
         <run_address>0x6f80</run_address>
         <size>0x2e</size>
         <input_file_ref idref="fl-8"/>
      </object_component>
      <object_component id="oc-79">
         <name>GpioDataRegsFile</name>
         <uninitialized>true</uninitialized>
         <run_address>0x6fc0</run_address>
         <size>0x20</size>
         <input_file_ref idref="fl-8"/>
      </object_component>
      <object_component id="oc-6a">
         <name>GpioIntRegsFile</name>
         <uninitialized>true</uninitialized>
         <run_address>0x6fe0</run_address>
         <size>0xa</size>
         <input_file_ref idref="fl-8"/>
      </object_component>
      <object_component id="oc-7a">
         <name>SysCtrlRegsFile</name>
         <uninitialized>true</uninitialized>
         <run_address>0x7010</run_address>
         <size>0x20</size>
         <input_file_ref idref="fl-8"/>
      </object_component>
      <object_component id="oc-6b">
         <name>SpiaRegsFile</name>
         <uninitialized>true</uninitialized>
         <run_address>0x7040</run_address>
         <size>0x10</size>
         <input_file_ref idref="fl-8"/>
      </object_component>
      <object_component id="oc-6e">
         <name>SciaRegsFile</name>
         <uninitialized>true</uninitialized>
         <run_address>0x7050</run_address>
         <size>0x10</size>
         <input_file_ref idref="fl-8"/>
      </object_component>
      <object_component id="oc-71">
         <name>XIntruptRegsFile</name>
         <uninitialized>true</uninitialized>
         <run_address>0x7070</run_address>
         <size>0x10</size>
         <input_file_ref idref="fl-8"/>
      </object_component>
      <object_component id="oc-73">
         <name>AdcRegsFile</name>
         <uninitialized>true</uninitialized>
         <run_address>0x7100</run_address>
         <size>0x1e</size>
         <input_file_ref idref="fl-8"/>
      </object_component>
      <object_component id="oc-6c">
         <name>ScibRegsFile</name>
         <uninitialized>true</uninitialized>
         <run_address>0x7750</run_address>
         <size>0x10</size>
         <input_file_ref idref="fl-8"/>
      </object_component>
      <object_component id="oc-6d">
         <name>ScicRegsFile</name>
         <uninitialized>true</uninitialized>
         <run_address>0x7770</run_address>
         <size>0x10</size>
         <input_file_ref idref="fl-8"/>
      </object_component>
      <object_component id="oc-7f">
         <name>I2caRegsFile</name>
         <uninitialized>true</uninitialized>
         <run_address>0x7900</run_address>
         <size>0x22</size>
         <input_file_ref idref="fl-8"/>
      </object_component>
      <object_component id="oc-66">
         <name>CsmPwlFile</name>
         <uninitialized>true</uninitialized>
         <run_address>0x33fff8</run_address>
         <size>0x8</size>
         <input_file_ref idref="fl-8"/>
      </object_component>
      <object_component id="oc-64">
         <name>PartIdRegsFile</name>
         <uninitialized>true</uninitialized>
         <run_address>0x380090</run_address>
         <size>0x1</size>
         <input_file_ref idref="fl-8"/>
      </object_component>
      <object_component id="oc-4e">
         <name>.debug_info</name>
         <load_address>0x0</load_address>
         <run_address>0x0</run_address>
         <size>0x181</size>
         <input_file_ref idref="fl-4"/>
      </object_component>
      <object_component id="oc-53">
         <name>.debug_info</name>
         <load_address>0x181</load_address>
         <run_address>0x181</run_address>
         <size>0x1fa</size>
         <input_file_ref idref="fl-5"/>
      </object_component>
      <object_component id="oc-57">
         <name>.debug_info</name>
         <load_address>0x37b</load_address>
         <run_address>0x37b</run_address>
         <size>0xafc</size>
         <input_file_ref idref="fl-6"/>
      </object_component>
      <object_component id="oc-5d">
         <name>.debug_info</name>
         <load_address>0xe77</load_address>
         <run_address>0xe77</run_address>
         <size>0x491b</size>
         <input_file_ref idref="fl-7"/>
      </object_component>
      <object_component id="oc-63">
         <name>.debug_info</name>
         <load_address>0x5792</load_address>
         <run_address>0x5792</run_address>
         <size>0x13470</size>
         <input_file_ref idref="fl-8"/>
      </object_component>
      <object_component id="oc-97">
         <name>.debug_info</name>
         <load_address>0x18c02</load_address>
         <run_address>0x18c02</run_address>
         <size>0xca4</size>
         <input_file_ref idref="fl-9"/>
      </object_component>
      <object_component id="oc-9c">
         <name>.debug_info</name>
         <load_address>0x198a6</load_address>
         <run_address>0x198a6</run_address>
         <size>0x23ac</size>
         <input_file_ref idref="fl-a"/>
      </object_component>
      <object_component id="oc-a1">
         <name>.debug_info</name>
         <load_address>0x1bc52</load_address>
         <run_address>0x1bc52</run_address>
         <size>0x1da2</size>
         <input_file_ref idref="fl-b"/>
      </object_component>
      <object_component id="oc-a6">
         <name>.debug_info</name>
         <load_address>0x1d9f4</load_address>
         <run_address>0x1d9f4</run_address>
         <size>0x23cd</size>
         <input_file_ref idref="fl-c"/>
      </object_component>
      <object_component id="oc-ac">
         <name>.debug_info</name>
         <load_address>0x1fdc1</load_address>
         <run_address>0x1fdc1</run_address>
         <size>0x181</size>
         <input_file_ref idref="fl-d"/>
      </object_component>
      <object_component id="oc-b0">
         <name>.debug_info</name>
         <load_address>0x1ff42</load_address>
         <run_address>0x1ff42</run_address>
         <size>0x55ce</size>
         <input_file_ref idref="fl-e"/>
      </object_component>
      <object_component id="oc-b8">
         <name>.debug_info</name>
         <load_address>0x25510</load_address>
         <run_address>0x25510</run_address>
         <size>0xae6</size>
         <input_file_ref idref="fl-f"/>
      </object_component>
      <object_component id="oc-bf">
         <name>.debug_info</name>
         <load_address>0x25ff6</load_address>
         <run_address>0x25ff6</run_address>
         <size>0x1c45</size>
         <input_file_ref idref="fl-10"/>
      </object_component>
      <object_component id="oc-c4">
         <name>.debug_info</name>
         <load_address>0x27c3b</load_address>
         <run_address>0x27c3b</run_address>
         <size>0x22a8</size>
         <input_file_ref idref="fl-11"/>
      </object_component>
      <object_component id="oc-cb">
         <name>.debug_info</name>
         <load_address>0x29ee3</load_address>
         <run_address>0x29ee3</run_address>
         <size>0x44ec</size>
         <input_file_ref idref="fl-12"/>
      </object_component>
      <object_component id="oc-d4">
         <name>.debug_info</name>
         <load_address>0x2e3cf</load_address>
         <run_address>0x2e3cf</run_address>
         <size>0xa1e</size>
         <input_file_ref idref="fl-13"/>
      </object_component>
      <object_component id="oc-da">
         <name>.debug_info</name>
         <load_address>0x2eded</load_address>
         <run_address>0x2eded</run_address>
         <size>0x465</size>
         <input_file_ref idref="fl-14"/>
      </object_component>
      <object_component id="oc-df">
         <name>.debug_info</name>
         <load_address>0x2f252</load_address>
         <run_address>0x2f252</run_address>
         <size>0x554</size>
         <input_file_ref idref="fl-15"/>
      </object_component>
      <object_component id="oc-e4">
         <name>.debug_info</name>
         <load_address>0x2f7a6</load_address>
         <run_address>0x2f7a6</run_address>
         <size>0x554</size>
         <input_file_ref idref="fl-16"/>
      </object_component>
      <object_component id="oc-e9">
         <name>.debug_info</name>
         <load_address>0x2fcfa</load_address>
         <run_address>0x2fcfa</run_address>
         <size>0x75e</size>
         <input_file_ref idref="fl-17"/>
      </object_component>
      <object_component id="oc-ee">
         <name>.debug_info</name>
         <load_address>0x30458</load_address>
         <run_address>0x30458</run_address>
         <size>0x55d</size>
         <input_file_ref idref="fl-18"/>
      </object_component>
      <object_component id="oc-f3">
         <name>.debug_info</name>
         <load_address>0x309b5</load_address>
         <run_address>0x309b5</run_address>
         <size>0x6fb</size>
         <input_file_ref idref="fl-19"/>
      </object_component>
      <object_component id="oc-f8">
         <name>.debug_info</name>
         <load_address>0x310b0</load_address>
         <run_address>0x310b0</run_address>
         <size>0x4ca</size>
         <input_file_ref idref="fl-1a"/>
      </object_component>
      <object_component id="oc-fd">
         <name>.debug_info</name>
         <load_address>0x3157a</load_address>
         <run_address>0x3157a</run_address>
         <size>0x756</size>
         <input_file_ref idref="fl-1b"/>
      </object_component>
      <object_component id="oc-102">
         <name>.debug_info</name>
         <load_address>0x31cd0</load_address>
         <run_address>0x31cd0</run_address>
         <size>0x829</size>
         <input_file_ref idref="fl-1c"/>
      </object_component>
      <object_component id="oc-107">
         <name>.debug_info</name>
         <load_address>0x324f9</load_address>
         <run_address>0x324f9</run_address>
         <size>0x92e</size>
         <input_file_ref idref="fl-1d"/>
      </object_component>
      <object_component id="oc-10c">
         <name>.debug_info</name>
         <load_address>0x32e27</load_address>
         <run_address>0x32e27</run_address>
         <size>0x73d</size>
         <input_file_ref idref="fl-1e"/>
      </object_component>
      <object_component id="oc-111">
         <name>.debug_info</name>
         <load_address>0x33564</load_address>
         <run_address>0x33564</run_address>
         <size>0x7f5</size>
         <input_file_ref idref="fl-1f"/>
      </object_component>
      <object_component id="oc-116">
         <name>.debug_info</name>
         <load_address>0x33d59</load_address>
         <run_address>0x33d59</run_address>
         <size>0x7fc</size>
         <input_file_ref idref="fl-20"/>
      </object_component>
      <object_component id="oc-11b">
         <name>.debug_info</name>
         <load_address>0x34555</load_address>
         <run_address>0x34555</run_address>
         <size>0x813</size>
         <input_file_ref idref="fl-21"/>
      </object_component>
      <object_component id="oc-120">
         <name>.debug_info</name>
         <load_address>0x34d68</load_address>
         <run_address>0x34d68</run_address>
         <size>0x5c0</size>
         <input_file_ref idref="fl-22"/>
      </object_component>
      <object_component id="oc-125">
         <name>.debug_info</name>
         <load_address>0x35328</load_address>
         <run_address>0x35328</run_address>
         <size>0x54b</size>
         <input_file_ref idref="fl-23"/>
      </object_component>
      <object_component id="oc-12a">
         <name>.debug_info</name>
         <load_address>0x35873</load_address>
         <run_address>0x35873</run_address>
         <size>0x5b0</size>
         <input_file_ref idref="fl-24"/>
      </object_component>
      <object_component id="oc-12f">
         <name>.debug_info</name>
         <load_address>0x35e23</load_address>
         <run_address>0x35e23</run_address>
         <size>0x5c0</size>
         <input_file_ref idref="fl-25"/>
      </object_component>
      <object_component id="oc-134">
         <name>.debug_info</name>
         <load_address>0x363e3</load_address>
         <run_address>0x363e3</run_address>
         <size>0x917</size>
         <input_file_ref idref="fl-26"/>
      </object_component>
      <object_component id="oc-13a">
         <name>.debug_info</name>
         <load_address>0x36cfa</load_address>
         <run_address>0x36cfa</run_address>
         <size>0x73e</size>
         <input_file_ref idref="fl-27"/>
      </object_component>
      <object_component id="oc-13f">
         <name>.debug_info</name>
         <load_address>0x37438</load_address>
         <run_address>0x37438</run_address>
         <size>0x1dd</size>
         <input_file_ref idref="fl-28"/>
      </object_component>
      <object_component id="oc-141">
         <name>.debug_info</name>
         <load_address>0x37615</load_address>
         <run_address>0x37615</run_address>
         <size>0x5fc</size>
         <input_file_ref idref="fl-29"/>
      </object_component>
      <object_component id="oc-146">
         <name>.debug_info</name>
         <load_address>0x37c11</load_address>
         <run_address>0x37c11</run_address>
         <size>0x5a2</size>
         <input_file_ref idref="fl-2a"/>
      </object_component>
      <object_component id="oc-14c">
         <name>.debug_info</name>
         <load_address>0x381b3</load_address>
         <run_address>0x381b3</run_address>
         <size>0x191</size>
         <input_file_ref idref="fl-2b"/>
      </object_component>
      <object_component id="oc-14e">
         <name>.debug_info</name>
         <load_address>0x38344</load_address>
         <run_address>0x38344</run_address>
         <size>0x841</size>
         <input_file_ref idref="fl-2c"/>
      </object_component>
      <object_component id="oc-153">
         <name>.debug_info</name>
         <load_address>0x38b85</load_address>
         <run_address>0x38b85</run_address>
         <size>0x207</size>
         <input_file_ref idref="fl-2d"/>
      </object_component>
      <object_component id="oc-155">
         <name>.debug_info</name>
         <load_address>0x38d8c</load_address>
         <run_address>0x38d8c</run_address>
         <size>0x8ae</size>
         <input_file_ref idref="fl-2e"/>
      </object_component>
      <object_component id="oc-15a">
         <name>.debug_info</name>
         <load_address>0x3963a</load_address>
         <run_address>0x3963a</run_address>
         <size>0x5fa</size>
         <input_file_ref idref="fl-2f"/>
      </object_component>
      <object_component id="oc-15f">
         <name>.debug_info</name>
         <load_address>0x39c34</load_address>
         <run_address>0x39c34</run_address>
         <size>0x53b</size>
         <input_file_ref idref="fl-30"/>
      </object_component>
      <object_component id="oc-164">
         <name>.debug_info</name>
         <load_address>0x3a16f</load_address>
         <run_address>0x3a16f</run_address>
         <size>0x677</size>
         <input_file_ref idref="fl-31"/>
      </object_component>
      <object_component id="oc-169">
         <name>.debug_info</name>
         <load_address>0x3a7e6</load_address>
         <run_address>0x3a7e6</run_address>
         <size>0x92c</size>
         <input_file_ref idref="fl-32"/>
      </object_component>
      <object_component id="oc-16f">
         <name>.debug_info</name>
         <load_address>0x3b112</load_address>
         <run_address>0x3b112</run_address>
         <size>0x7dc</size>
         <input_file_ref idref="fl-33"/>
      </object_component>
      <object_component id="oc-174">
         <name>.debug_info</name>
         <load_address>0x3b8ee</load_address>
         <run_address>0x3b8ee</run_address>
         <size>0x6fb</size>
         <input_file_ref idref="fl-34"/>
      </object_component>
      <object_component id="oc-179">
         <name>.debug_info</name>
         <load_address>0x3bfe9</load_address>
         <run_address>0x3bfe9</run_address>
         <size>0x6f2</size>
         <input_file_ref idref="fl-35"/>
      </object_component>
      <object_component id="oc-17e">
         <name>.debug_info</name>
         <load_address>0x3c6db</load_address>
         <run_address>0x3c6db</run_address>
         <size>0x796</size>
         <input_file_ref idref="fl-36"/>
      </object_component>
      <object_component id="oc-183">
         <name>.debug_info</name>
         <load_address>0x3ce71</load_address>
         <run_address>0x3ce71</run_address>
         <size>0xcd4</size>
         <input_file_ref idref="fl-37"/>
      </object_component>
      <object_component id="oc-18c">
         <name>.debug_info</name>
         <load_address>0x3db45</load_address>
         <run_address>0x3db45</run_address>
         <size>0x16c</size>
         <input_file_ref idref="fl-3d"/>
      </object_component>
      <object_component id="oc-190">
         <name>.debug_info</name>
         <load_address>0x3dcb1</load_address>
         <run_address>0x3dcb1</run_address>
         <size>0x4cf</size>
         <input_file_ref idref="fl-3e"/>
      </object_component>
      <object_component id="oc-195">
         <name>.debug_info</name>
         <load_address>0x3e180</load_address>
         <run_address>0x3e180</run_address>
         <size>0x3e0</size>
         <input_file_ref idref="fl-3f"/>
      </object_component>
      <object_component id="oc-19a">
         <name>.debug_info</name>
         <load_address>0x3e560</load_address>
         <run_address>0x3e560</run_address>
         <size>0x3e3</size>
         <input_file_ref idref="fl-40"/>
      </object_component>
      <object_component id="oc-19f">
         <name>.debug_info</name>
         <load_address>0x3e943</load_address>
         <run_address>0x3e943</run_address>
         <size>0x628</size>
         <input_file_ref idref="fl-41"/>
      </object_component>
      <object_component id="oc-1a5">
         <name>.debug_info</name>
         <load_address>0x3ef6b</load_address>
         <run_address>0x3ef6b</run_address>
         <size>0x113</size>
         <input_file_ref idref="fl-42"/>
      </object_component>
      <object_component id="oc-1a9">
         <name>.debug_info</name>
         <load_address>0x3f07e</load_address>
         <run_address>0x3f07e</run_address>
         <size>0x5ac</size>
         <input_file_ref idref="fl-43"/>
      </object_component>
      <object_component id="oc-1b0">
         <name>.debug_info</name>
         <load_address>0x3f62a</load_address>
         <run_address>0x3f62a</run_address>
         <size>0x502</size>
         <input_file_ref idref="fl-44"/>
      </object_component>
      <object_component id="oc-1b5">
         <name>.debug_info</name>
         <load_address>0x3fb2c</load_address>
         <run_address>0x3fb2c</run_address>
         <size>0x4d0</size>
         <input_file_ref idref="fl-45"/>
      </object_component>
      <object_component id="oc-24a">
         <name>.debug_info</name>
         <load_address>0x3fffc</load_address>
         <run_address>0x3fffc</run_address>
         <size>0xb6</size>
      </object_component>
      <object_component id="oc-4f">
         <name>.debug_line</name>
         <load_address>0x0</load_address>
         <run_address>0x0</run_address>
         <size>0x8b</size>
         <input_file_ref idref="fl-4"/>
      </object_component>
      <object_component id="oc-54">
         <name>.debug_line</name>
         <load_address>0x8b</load_address>
         <run_address>0x8b</run_address>
         <size>0xa3</size>
         <input_file_ref idref="fl-5"/>
      </object_component>
      <object_component id="oc-5a">
         <name>.debug_line</name>
         <load_address>0x12e</load_address>
         <run_address>0x12e</run_address>
         <size>0xc6</size>
         <input_file_ref idref="fl-6"/>
      </object_component>
      <object_component id="oc-60">
         <name>.debug_line</name>
         <load_address>0x1f4</load_address>
         <run_address>0x1f4</run_address>
         <size>0x790</size>
         <input_file_ref idref="fl-7"/>
      </object_component>
      <object_component id="oc-99">
         <name>.debug_line</name>
         <load_address>0x984</load_address>
         <run_address>0x984</run_address>
         <size>0xc8</size>
         <input_file_ref idref="fl-9"/>
      </object_component>
      <object_component id="oc-9e">
         <name>.debug_line</name>
         <load_address>0xa4c</load_address>
         <run_address>0xa4c</run_address>
         <size>0xaa</size>
         <input_file_ref idref="fl-a"/>
      </object_component>
      <object_component id="oc-a3">
         <name>.debug_line</name>
         <load_address>0xaf6</load_address>
         <run_address>0xaf6</run_address>
         <size>0xba</size>
         <input_file_ref idref="fl-b"/>
      </object_component>
      <object_component id="oc-a8">
         <name>.debug_line</name>
         <load_address>0xbb0</load_address>
         <run_address>0xbb0</run_address>
         <size>0x187</size>
         <input_file_ref idref="fl-c"/>
      </object_component>
      <object_component id="oc-ad">
         <name>.debug_line</name>
         <load_address>0xd37</load_address>
         <run_address>0xd37</run_address>
         <size>0x8a</size>
         <input_file_ref idref="fl-d"/>
      </object_component>
      <object_component id="oc-b5">
         <name>.debug_line</name>
         <load_address>0xdc1</load_address>
         <run_address>0xdc1</run_address>
         <size>0xd4</size>
         <input_file_ref idref="fl-e"/>
      </object_component>
      <object_component id="oc-bc">
         <name>.debug_line</name>
         <load_address>0xe95</load_address>
         <run_address>0xe95</run_address>
         <size>0xd7</size>
         <input_file_ref idref="fl-f"/>
      </object_component>
      <object_component id="oc-c1">
         <name>.debug_line</name>
         <load_address>0xf6c</load_address>
         <run_address>0xf6c</run_address>
         <size>0xd7</size>
         <input_file_ref idref="fl-10"/>
      </object_component>
      <object_component id="oc-c8">
         <name>.debug_line</name>
         <load_address>0x1043</load_address>
         <run_address>0x1043</run_address>
         <size>0x13b</size>
         <input_file_ref idref="fl-11"/>
      </object_component>
      <object_component id="oc-d1">
         <name>.debug_line</name>
         <load_address>0x117e</load_address>
         <run_address>0x117e</run_address>
         <size>0x345</size>
         <input_file_ref idref="fl-12"/>
      </object_component>
      <object_component id="oc-d7">
         <name>.debug_line</name>
         <load_address>0x14c3</load_address>
         <run_address>0x14c3</run_address>
         <size>0x89</size>
         <input_file_ref idref="fl-13"/>
      </object_component>
      <object_component id="oc-dc">
         <name>.debug_line</name>
         <load_address>0x154c</load_address>
         <run_address>0x154c</run_address>
         <size>0x30</size>
         <input_file_ref idref="fl-14"/>
      </object_component>
      <object_component id="oc-e1">
         <name>.debug_line</name>
         <load_address>0x157c</load_address>
         <run_address>0x157c</run_address>
         <size>0x35</size>
         <input_file_ref idref="fl-15"/>
      </object_component>
      <object_component id="oc-e6">
         <name>.debug_line</name>
         <load_address>0x15b1</load_address>
         <run_address>0x15b1</run_address>
         <size>0x35</size>
         <input_file_ref idref="fl-16"/>
      </object_component>
      <object_component id="oc-eb">
         <name>.debug_line</name>
         <load_address>0x15e6</load_address>
         <run_address>0x15e6</run_address>
         <size>0x154</size>
         <input_file_ref idref="fl-17"/>
      </object_component>
      <object_component id="oc-f0">
         <name>.debug_line</name>
         <load_address>0x173a</load_address>
         <run_address>0x173a</run_address>
         <size>0x34</size>
         <input_file_ref idref="fl-18"/>
      </object_component>
      <object_component id="oc-f5">
         <name>.debug_line</name>
         <load_address>0x176e</load_address>
         <run_address>0x176e</run_address>
         <size>0x78</size>
         <input_file_ref idref="fl-19"/>
      </object_component>
      <object_component id="oc-fa">
         <name>.debug_line</name>
         <load_address>0x17e6</load_address>
         <run_address>0x17e6</run_address>
         <size>0x4d</size>
         <input_file_ref idref="fl-1a"/>
      </object_component>
      <object_component id="oc-ff">
         <name>.debug_line</name>
         <load_address>0x1833</load_address>
         <run_address>0x1833</run_address>
         <size>0x34</size>
         <input_file_ref idref="fl-1b"/>
      </object_component>
      <object_component id="oc-104">
         <name>.debug_line</name>
         <load_address>0x1867</load_address>
         <run_address>0x1867</run_address>
         <size>0x6d</size>
         <input_file_ref idref="fl-1c"/>
      </object_component>
      <object_component id="oc-109">
         <name>.debug_line</name>
         <load_address>0x18d4</load_address>
         <run_address>0x18d4</run_address>
         <size>0x7e</size>
         <input_file_ref idref="fl-1d"/>
      </object_component>
      <object_component id="oc-10e">
         <name>.debug_line</name>
         <load_address>0x1952</load_address>
         <run_address>0x1952</run_address>
         <size>0x33</size>
         <input_file_ref idref="fl-1e"/>
      </object_component>
      <object_component id="oc-113">
         <name>.debug_line</name>
         <load_address>0x1985</load_address>
         <run_address>0x1985</run_address>
         <size>0x32</size>
         <input_file_ref idref="fl-1f"/>
      </object_component>
      <object_component id="oc-118">
         <name>.debug_line</name>
         <load_address>0x19b7</load_address>
         <run_address>0x19b7</run_address>
         <size>0x33</size>
         <input_file_ref idref="fl-20"/>
      </object_component>
      <object_component id="oc-11d">
         <name>.debug_line</name>
         <load_address>0x19ea</load_address>
         <run_address>0x19ea</run_address>
         <size>0x34</size>
         <input_file_ref idref="fl-21"/>
      </object_component>
      <object_component id="oc-122">
         <name>.debug_line</name>
         <load_address>0x1a1e</load_address>
         <run_address>0x1a1e</run_address>
         <size>0x34</size>
         <input_file_ref idref="fl-22"/>
      </object_component>
      <object_component id="oc-127">
         <name>.debug_line</name>
         <load_address>0x1a52</load_address>
         <run_address>0x1a52</run_address>
         <size>0x33</size>
         <input_file_ref idref="fl-23"/>
      </object_component>
      <object_component id="oc-12c">
         <name>.debug_line</name>
         <load_address>0x1a85</load_address>
         <run_address>0x1a85</run_address>
         <size>0x50</size>
         <input_file_ref idref="fl-24"/>
      </object_component>
      <object_component id="oc-131">
         <name>.debug_line</name>
         <load_address>0x1ad5</load_address>
         <run_address>0x1ad5</run_address>
         <size>0x34</size>
         <input_file_ref idref="fl-25"/>
      </object_component>
      <object_component id="oc-137">
         <name>.debug_line</name>
         <load_address>0x1b09</load_address>
         <run_address>0x1b09</run_address>
         <size>0x8a</size>
         <input_file_ref idref="fl-26"/>
      </object_component>
      <object_component id="oc-13c">
         <name>.debug_line</name>
         <load_address>0x1b93</load_address>
         <run_address>0x1b93</run_address>
         <size>0x5e</size>
         <input_file_ref idref="fl-27"/>
      </object_component>
      <object_component id="oc-143">
         <name>.debug_line</name>
         <load_address>0x1bf1</load_address>
         <run_address>0x1bf1</run_address>
         <size>0x32</size>
         <input_file_ref idref="fl-29"/>
      </object_component>
      <object_component id="oc-149">
         <name>.debug_line</name>
         <load_address>0x1c23</load_address>
         <run_address>0x1c23</run_address>
         <size>0x33</size>
         <input_file_ref idref="fl-2a"/>
      </object_component>
      <object_component id="oc-150">
         <name>.debug_line</name>
         <load_address>0x1c56</load_address>
         <run_address>0x1c56</run_address>
         <size>0x34</size>
         <input_file_ref idref="fl-2c"/>
      </object_component>
      <object_component id="oc-157">
         <name>.debug_line</name>
         <load_address>0x1c8a</load_address>
         <run_address>0x1c8a</run_address>
         <size>0xc1</size>
         <input_file_ref idref="fl-2e"/>
      </object_component>
      <object_component id="oc-15c">
         <name>.debug_line</name>
         <load_address>0x1d4b</load_address>
         <run_address>0x1d4b</run_address>
         <size>0x33</size>
         <input_file_ref idref="fl-2f"/>
      </object_component>
      <object_component id="oc-161">
         <name>.debug_line</name>
         <load_address>0x1d7e</load_address>
         <run_address>0x1d7e</run_address>
         <size>0x34</size>
         <input_file_ref idref="fl-30"/>
      </object_component>
      <object_component id="oc-166">
         <name>.debug_line</name>
         <load_address>0x1db2</load_address>
         <run_address>0x1db2</run_address>
         <size>0x52</size>
         <input_file_ref idref="fl-31"/>
      </object_component>
      <object_component id="oc-16c">
         <name>.debug_line</name>
         <load_address>0x1e04</load_address>
         <run_address>0x1e04</run_address>
         <size>0x71</size>
         <input_file_ref idref="fl-32"/>
      </object_component>
      <object_component id="oc-171">
         <name>.debug_line</name>
         <load_address>0x1e75</load_address>
         <run_address>0x1e75</run_address>
         <size>0x53</size>
         <input_file_ref idref="fl-33"/>
      </object_component>
      <object_component id="oc-176">
         <name>.debug_line</name>
         <load_address>0x1ec8</load_address>
         <run_address>0x1ec8</run_address>
         <size>0x33</size>
         <input_file_ref idref="fl-34"/>
      </object_component>
      <object_component id="oc-17b">
         <name>.debug_line</name>
         <load_address>0x1efb</load_address>
         <run_address>0x1efb</run_address>
         <size>0x34</size>
         <input_file_ref idref="fl-35"/>
      </object_component>
      <object_component id="oc-180">
         <name>.debug_line</name>
         <load_address>0x1f2f</load_address>
         <run_address>0x1f2f</run_address>
         <size>0x34</size>
         <input_file_ref idref="fl-36"/>
      </object_component>
      <object_component id="oc-186">
         <name>.debug_line</name>
         <load_address>0x1f63</load_address>
         <run_address>0x1f63</run_address>
         <size>0xc3</size>
         <input_file_ref idref="fl-37"/>
      </object_component>
      <object_component id="oc-18d">
         <name>.debug_line</name>
         <load_address>0x2026</load_address>
         <run_address>0x2026</run_address>
         <size>0x7e</size>
         <input_file_ref idref="fl-3d"/>
      </object_component>
      <object_component id="oc-192">
         <name>.debug_line</name>
         <load_address>0x20a4</load_address>
         <run_address>0x20a4</run_address>
         <size>0x55</size>
         <input_file_ref idref="fl-3e"/>
      </object_component>
      <object_component id="oc-197">
         <name>.debug_line</name>
         <load_address>0x20f9</load_address>
         <run_address>0x20f9</run_address>
         <size>0x3a</size>
         <input_file_ref idref="fl-3f"/>
      </object_component>
      <object_component id="oc-19c">
         <name>.debug_line</name>
         <load_address>0x2133</load_address>
         <run_address>0x2133</run_address>
         <size>0x3e</size>
         <input_file_ref idref="fl-40"/>
      </object_component>
      <object_component id="oc-1a1">
         <name>.debug_line</name>
         <load_address>0x2171</load_address>
         <run_address>0x2171</run_address>
         <size>0x6a</size>
         <input_file_ref idref="fl-41"/>
      </object_component>
      <object_component id="oc-1a6">
         <name>.debug_line</name>
         <load_address>0x21db</load_address>
         <run_address>0x21db</run_address>
         <size>0x50</size>
         <input_file_ref idref="fl-42"/>
      </object_component>
      <object_component id="oc-1ad">
         <name>.debug_line</name>
         <load_address>0x222b</load_address>
         <run_address>0x222b</run_address>
         <size>0x65</size>
         <input_file_ref idref="fl-43"/>
      </object_component>
      <object_component id="oc-1b2">
         <name>.debug_line</name>
         <load_address>0x2290</load_address>
         <run_address>0x2290</run_address>
         <size>0x5e</size>
         <input_file_ref idref="fl-44"/>
      </object_component>
      <object_component id="oc-1b7">
         <name>.debug_line</name>
         <load_address>0x22ee</load_address>
         <run_address>0x22ee</run_address>
         <size>0xa7</size>
         <input_file_ref idref="fl-45"/>
      </object_component>
      <object_component id="oc-50">
         <name>.debug_abbrev</name>
         <load_address>0x0</load_address>
         <run_address>0x0</run_address>
         <size>0x2f</size>
         <input_file_ref idref="fl-4"/>
      </object_component>
      <object_component id="oc-55">
         <name>.debug_abbrev</name>
         <load_address>0x2f</load_address>
         <run_address>0x2f</run_address>
         <size>0x21</size>
         <input_file_ref idref="fl-5"/>
      </object_component>
      <object_component id="oc-5b">
         <name>.debug_abbrev</name>
         <load_address>0x50</load_address>
         <run_address>0x50</run_address>
         <size>0xfd</size>
         <input_file_ref idref="fl-6"/>
      </object_component>
      <object_component id="oc-61">
         <name>.debug_abbrev</name>
         <load_address>0x14d</load_address>
         <run_address>0x14d</run_address>
         <size>0xa8</size>
         <input_file_ref idref="fl-7"/>
      </object_component>
      <object_component id="oc-96">
         <name>.debug_abbrev</name>
         <load_address>0x1f5</load_address>
         <run_address>0x1f5</run_address>
         <size>0xb7</size>
         <input_file_ref idref="fl-8"/>
      </object_component>
      <object_component id="oc-9a">
         <name>.debug_abbrev</name>
         <load_address>0x2ac</load_address>
         <run_address>0x2ac</run_address>
         <size>0xc8</size>
         <input_file_ref idref="fl-9"/>
      </object_component>
      <object_component id="oc-9f">
         <name>.debug_abbrev</name>
         <load_address>0x374</load_address>
         <run_address>0x374</run_address>
         <size>0x116</size>
         <input_file_ref idref="fl-a"/>
      </object_component>
      <object_component id="oc-a4">
         <name>.debug_abbrev</name>
         <load_address>0x48a</load_address>
         <run_address>0x48a</run_address>
         <size>0xea</size>
         <input_file_ref idref="fl-b"/>
      </object_component>
      <object_component id="oc-a9">
         <name>.debug_abbrev</name>
         <load_address>0x574</load_address>
         <run_address>0x574</run_address>
         <size>0x17b</size>
         <input_file_ref idref="fl-c"/>
      </object_component>
      <object_component id="oc-ae">
         <name>.debug_abbrev</name>
         <load_address>0x6ef</load_address>
         <run_address>0x6ef</run_address>
         <size>0x2f</size>
         <input_file_ref idref="fl-d"/>
      </object_component>
      <object_component id="oc-b6">
         <name>.debug_abbrev</name>
         <load_address>0x71e</load_address>
         <run_address>0x71e</run_address>
         <size>0x1d1</size>
         <input_file_ref idref="fl-e"/>
      </object_component>
      <object_component id="oc-bd">
         <name>.debug_abbrev</name>
         <load_address>0x8ef</load_address>
         <run_address>0x8ef</run_address>
         <size>0x145</size>
         <input_file_ref idref="fl-f"/>
      </object_component>
      <object_component id="oc-c2">
         <name>.debug_abbrev</name>
         <load_address>0xa34</load_address>
         <run_address>0xa34</run_address>
         <size>0x118</size>
         <input_file_ref idref="fl-10"/>
      </object_component>
      <object_component id="oc-c9">
         <name>.debug_abbrev</name>
         <load_address>0xb4c</load_address>
         <run_address>0xb4c</run_address>
         <size>0x19e</size>
         <input_file_ref idref="fl-11"/>
      </object_component>
      <object_component id="oc-d2">
         <name>.debug_abbrev</name>
         <load_address>0xcea</load_address>
         <run_address>0xcea</run_address>
         <size>0x228</size>
         <input_file_ref idref="fl-12"/>
      </object_component>
      <object_component id="oc-d8">
         <name>.debug_abbrev</name>
         <load_address>0xf12</load_address>
         <run_address>0xf12</run_address>
         <size>0x112</size>
         <input_file_ref idref="fl-13"/>
      </object_component>
      <object_component id="oc-dd">
         <name>.debug_abbrev</name>
[...]
      <symbol id="sm-252">
         <name>_InitScibGpio</name>
         <value>0x9e1c</value>
         <object_component_ref idref="oc-1d6"/>
      </symbol>
      <symbol id="sm-253">
         <name>_InitSciaGpio</name>
         <value>0x9e06</value>
         <object_component_ref idref="oc-1d6"/>
      </symbol>
      <symbol id="sm-254">
         <name>_InitSciGpio</name>
         <value>0x9dff</value>
         <object_component_ref idref="oc-1d6"/>
      </symbol>
      <symbol id="sm-255">
         <name>_InitSci</name>
         <value>0x9dfe</value>
         <object_component_ref idref="oc-1d6"/>
      </symbol>
      <symbol id="sm-26b">
         <name>_InitPll</name>
         <value>0x9837</value>
         <object_component_ref idref="oc-1c8"/>
      </symbol>
      <symbol id="sm-26c">
         <name>_DisableDog</name>
         <value>0x982f</value>
         <object_component_ref idref="oc-1c8"/>
      </symbol>
      <symbol id="sm-26d">
         <name>_InitPeripheralClocks</name>
         <value>0x9888</value>
         <object_component_ref idref="oc-1c8"/>
      </symbol>
      <symbol id="sm-26e">
         <name>_CsmUnlock</name>
         <value>0x98e3</value>
         <object_component_ref idref="oc-1c8"/>
      </symbol>
      <symbol id="sm-26f">
         <name>_ServiceDog</name>
         <value>0x9825</value>
         <object_component_ref idref="oc-1c8"/>
      </symbol>
      <symbol id="sm-270">
         <name>_InitSysCtrl</name>
         <value>0x981c</value>
         <object_component_ref idref="oc-1c8"/>
      </symbol>
      <symbol id="sm-27c">
         <name>_DSP28x_usDelay</name>
         <value>0x80c2</value>
         <object_component_ref idref="oc-ab"/>
      </symbol>
      <symbol id="sm-298">
         <name>_ConsoleTxDone</name>
         <value>0x80a5</value>
         <object_component_ref idref="oc-1ce"/>
      </symbol>
      <symbol id="sm-299">
         <name>_main</name>
         <value>0x9914</value>
         <object_component_ref idref="oc-1c3"/>
      </symbol>
      <symbol id="sm-29a">
         <name>_ConsoleRecDone</name>
         <value>0x80b9</value>
         <object_component_ref idref="oc-1ce"/>
      </symbol>
      <symbol id="sm-29b">
         <name>_cpu_timer0_isr</name>
         <value>0x9e8c</value>
         <object_component_ref idref="oc-b3"/>
      </symbol>
      <symbol id="sm-29c">
         <name>_rcBytes</name>
         <value>0xc182</value>
         <object_component_ref idref="oc-b2"/>
      </symbol>
      <symbol id="sm-29d">
         <name>_ConsoleText</name>
         <value>0xc1de</value>
         <object_component_ref idref="oc-b2"/>
      </symbol>
      <symbol id="sm-29e">
         <name>_strl</name>
         <value>0xc180</value>
         <object_component_ref idref="oc-b2"/>
      </symbol>
      <symbol id="sm-29f">
         <name>_ConsoleRecData</name>
         <value>0xc1c0</value>
         <object_component_ref idref="oc-b2"/>
      </symbol>
      <symbol id="sm-2c2">
         <name>_AO_Blinky</name>
         <value>0xc240</value>
         <object_component_ref idref="oc-ba"/>
      </symbol>
      <symbol id="sm-2c3">
         <name>_BlinkyCtor</name>
         <value>0x99b5</value>
         <object_component_ref idref="oc-1d1"/>
      </symbol>
      <symbol id="sm-2d3">
         <name>_BSP_Led_On</name>
         <value>0xa046</value>
         <object_component_ref idref="oc-1c1"/>
      </symbol>
      <symbol id="sm-2d4">
         <name>_QF_onCleanup</name>
         <value>0xa05d</value>
         <object_component_ref idref="oc-1c1"/>
      </symbol>
      <symbol id="sm-2d5">
         <name>_QF_onStartup</name>
         <value>0xa050</value>
         <object_component_ref idref="oc-1c1"/>
      </symbol>
      <symbol id="sm-2d6">
         <name>_QF_onIdle</name>
         <value>0x80c6</value>
         <object_component_ref idref="oc-1dc"/>
      </symbol>
      <symbol id="sm-2d7">
         <name>_BSP_init</name>
         <value>0xa040</value>
         <object_component_ref idref="oc-1c1"/>
      </symbol>
      <symbol id="sm-2d8">
         <name>_BSP_Led_Off</name>
         <value>0xa041</value>
         <object_component_ref idref="oc-1c1"/>
      </symbol>
      <symbol id="sm-2d9">
         <name>_Q_onAssert</name>
         <value>0xa04b</value>
         <object_component_ref idref="oc-1c1"/>
      </symbol>
      <symbol id="sm-318">
         <name>_TextMenu_3</name>
         <value>0xc096</value>
         <object_component_ref idref="oc-c6"/>
      </symbol>
      <symbol id="sm-319">
         <name>_TextMenu_2</name>
         <value>0xc040</value>
         <object_component_ref idref="oc-c6"/>
      </symbol>
      <symbol id="sm-31a">
         <name>_TextMenu_1</name>
         <value>0xc056</value>
         <object_component_ref idref="oc-c6"/>
      </symbol>
      <symbol id="sm-31b">
         <name>_TextMenu_5</name>
         <value>0xc0c0</value>
         <object_component_ref idref="oc-c6"/>
      </symbol>
      <symbol id="sm-31c">
         <name>_TextMenu_4</name>
         <value>0xc080</value>
         <object_component_ref idref="oc-c6"/>
      </symbol>
      <symbol id="sm-31d">
         <name>_menuPtr</name>
         <value>0xc000</value>
         <object_component_ref idref="oc-c6"/>
      </symbol>
      <symbol id="sm-31e">
         <name>_AO_ConsoleTx</name>
         <value>0xc004</value>
         <object_component_ref idref="oc-c6"/>
      </symbol>
      <symbol id="sm-31f">
         <name>_AO_ConsoleRx</name>
         <value>0xc002</value>
         <object_component_ref idref="oc-c6"/>
      </symbol>
      <symbol id="sm-320">
         <name>_ErrorText</name>
         <value>0xc01a</value>
         <object_component_ref idref="oc-c6"/>
      </symbol>
      <symbol id="sm-321">
         <name>_ConsoleTxCtor</name>
         <value>0x9720</value>
         <object_component_ref idref="oc-1d2"/>
      </symbol>
      <symbol id="sm-322">
         <name>_MenuMsgItem_1</name>
         <value>0xc012</value>
         <object_component_ref idref="oc-c6"/>
      </symbol>
      <symbol id="sm-323">
         <name>_MenuMsgItem_2</name>
         <value>0xc016</value>
         <object_component_ref idref="oc-c6"/>
      </symbol>
      <symbol id="sm-324">
         <name>_MenuMsgItem_3</name>
         <value>0xc006</value>
         <object_component_ref idref="oc-c6"/>
      </symbol>
      <symbol id="sm-325">
         <name>_MenuMsgItem_4</name>
         <value>0xc00a</value>
         <object_component_ref idref="oc-c6"/>
      </symbol>
      <symbol id="sm-326">
         <name>_MenuMsgItem_5</name>
         <value>0xc00e</value>
         <object_component_ref idref="oc-c6"/>
      </symbol>
      <symbol id="sm-36d">
         <name>_Console_TransferWriteNonBlocking</name>
         <value>0x954c</value>
         <object_component_ref idref="oc-1cd"/>
      </symbol>
      <symbol id="sm-36e">
         <name>_Console_TransferReadNonBlocking</name>
         <value>0x957a</value>
         <object_component_ref idref="oc-1cd"/>
      </symbol>
      <symbol id="sm-36f">
         <name>_Console_Rx_Handle</name>
         <value>0xc224</value>
         <object_component_ref idref="oc-cd"/>
      </symbol>
      <symbol id="sm-370">
         <name>_Console_ReadBlocking</name>
         <value>0x94fb</value>
         <object_component_ref idref="oc-1cd"/>
      </symbol>
      <symbol id="sm-371">
         <name>_Console_FlagsPtr</name>
         <value>0xc206</value>
         <object_component_ref idref="oc-cd"/>
      </symbol>
      <symbol id="sm-372">
         <name>_Console_Flags</name>
         <value>0xc200</value>
         <object_component_ref idref="oc-cd"/>
      </symbol>
      <symbol id="sm-373">
         <name>_Console_ConfigPtr</name>
         <value>0xc202</value>
         <object_component_ref idref="oc-cd"/>
      </symbol>
      <symbol id="sm-374">
         <name>_Console_GetStatusFlags</name>
         <value>0x94bf</value>
         <object_component_ref idref="oc-1cd"/>
      </symbol>
      <symbol id="sm-375">
         <name>_Console_TxCreateHandle</name>
         <value>0x9502</value>
         <object_component_ref idref="oc-1cd"/>
      </symbol>
      <symbol id="sm-376">
         <name>_Console_Init</name>
         <value>0x9316</value>
         <object_component_ref idref="oc-1cd"/>
      </symbol>
      <symbol id="sm-377">
         <name>_Console_RxCreateHandle</name>
         <value>0x9521</value>
         <object_component_ref idref="oc-1cd"/>
      </symbol>
      <symbol id="sm-378">
         <name>_ConsoleReceivingISR</name>
         <value>0x9a4c</value>
         <object_component_ref idref="oc-cf"/>
      </symbol>
      <symbol id="sm-379">
         <name>_Console_Tx_Handle</name>
         <value>0xc216</value>
         <object_component_ref idref="oc-cd"/>
      </symbol>
      <symbol id="sm-37a">
         <name>_Console_WriteBlocking</name>
         <value>0x9470</value>
         <object_component_ref idref="oc-1cd"/>
      </symbol>
      <symbol id="sm-37b">
         <name>_ConsoleSendingISR</name>
         <value>0x8000</value>
         <object_component_ref idref="oc-ce"/>
      </symbol>
      <symbol id="sm-37c">
         <name>_Console_AbortSending</name>
         <value>0x95c1</value>
         <object_component_ref idref="oc-1cd"/>
      </symbol>
      <symbol id="sm-37d">
         <name>_ConsoleRxTimeoutISR</name>
         <value>0x8063</value>
         <object_component_ref idref="oc-ce"/>
      </symbol>
      <symbol id="sm-37e">
         <name>_Console_TransferGetSentCount</name>
         <value>0x95bb</value>
         <object_component_ref idref="oc-1cd"/>
      </symbol>
      <symbol id="sm-37f">
         <name>_Console_ReadChar</name>
         <value>0x94c4</value>
         <object_component_ref idref="oc-1cd"/>
      </symbol>
      <symbol id="sm-380">
         <name>_Console_Tx_HandlePtr</name>
         <value>0xc208</value>
         <object_component_ref idref="oc-cd"/>
      </symbol>
      <symbol id="sm-381">
         <name>_Console_GetDefaultConfig</name>
         <value>0x941d</value>
         <object_component_ref idref="oc-1cd"/>
      </symbol>
      <symbol id="sm-382">
         <name>_Console_WriteChar</name>
         <value>0x9432</value>
         <object_component_ref idref="oc-1cd"/>
      </symbol>
      <symbol id="sm-383">
         <name>_ReceivingDone</name>
         <value>0xc201</value>
         <object_component_ref idref="oc-cd"/>
      </symbol>
      <symbol id="sm-384">
         <name>_Console_Config</name>
         <value>0xc20a</value>
         <object_component_ref idref="oc-cd"/>
      </symbol>
      <symbol id="sm-385">
         <name>_Console_Rx_HandlePtr</name>
         <value>0xc204</value>
         <object_component_ref idref="oc-cd"/>
      </symbol>
      <symbol id="sm-396">
         <name>_QF_zero</name>
         <value>0x9f18</value>
         <object_component_ref idref="oc-1d0"/>
      </symbol>
      <symbol id="sm-397">
         <name>_QF_maxSignal_</name>
         <value>0xc23c</value>
         <object_component_ref idref="oc-d5"/>
      </symbol>
      <symbol id="sm-398">
         <name>_QF_subscrList_</name>
         <value>0xc23e</value>
         <object_component_ref idref="oc-d5"/>
      </symbol>
      <symbol id="sm-399">
         <name>_QF_psInit</name>
         <value>0x9f2b</value>
         <object_component_ref idref="oc-1d0"/>
      </symbol>
      <symbol id="sm-39a">
         <name>_bzero</name>
         <value>0x9f05</value>
         <object_component_ref idref="oc-1d0"/>
      </symbol>
      <symbol id="sm-3a7">
         <name>_QEP_reservedEvt_</name>
         <value>0xd282</value>
         <object_component_ref idref="oc-1e8"/>
      </symbol>
      <symbol id="sm-3ee">
         <name>_QHsm_dispatch</name>
         <value>0x95c6</value>
         <object_component_ref idref="oc-1da"/>
      </symbol>
      <symbol id="sm-410">
         <name>_QHsm_init</name>
         <value>0x9c32</value>
         <object_component_ref idref="oc-1e0"/>
      </symbol>
      <symbol id="sm-41d">
         <name>_QHsm_top</name>
         <value>0x9ffa</value>
         <object_component_ref idref="oc-1e1"/>
      </symbol>
      <symbol id="sm-43d">
         <name>_QActive_postFIFO</name>
         <value>0x9c99</value>
         <object_component_ref idref="oc-1c2"/>
      </symbol>
      <symbol id="sm-453">
         <name>_QF_getQueueMargin</name>
         <value>0x9b1f</value>
         <object_component_ref idref="oc-1d9"/>
      </symbol>
      <symbol id="sm-454">
         <name>_QActive_get_</name>
         <value>0x9ace</value>
         <object_component_ref idref="oc-1d9"/>
      </symbol>
      <symbol id="sm-49e">
         <name>_QEQueue_init</name>
         <value>0xa05e</value>
         <object_component_ref idref="oc-1de"/>
      </symbol>
      <symbol id="sm-4c3">
         <name>_QF_intLockNest_</name>
         <value>0xc280</value>
         <object_component_ref idref="oc-135"/>
      </symbol>
      <symbol id="sm-4c4">
         <name>_QF_getVersion</name>
         <value>0x9cf6</value>
         <object_component_ref idref="oc-1df"/>
      </symbol>
      <symbol id="sm-4c5">
         <name>_QF_add_</name>
         <value>0x9cf9</value>
         <object_component_ref idref="oc-1df"/>
      </symbol>
      <symbol id="sm-4c6">
         <name>_QF_remove_</name>
         <value>0x9d24</value>
         <object_component_ref idref="oc-1df"/>
      </symbol>
      <symbol id="sm-4c7">
         <name>_QF_active_</name>
         <value>0xc282</value>
         <object_component_ref idref="oc-135"/>
      </symbol>
      <symbol id="sm-4dd">
         <name>_QF_gc</name>
         <value>0x9f69</value>
         <object_component_ref idref="oc-1db"/>
      </symbol>
      <symbol id="sm-4e6">
         <name>_QF_log2Lkup</name>
         <value>0xd000</value>
         <object_component_ref idref="oc-1d8"/>
      </symbol>
      <symbol id="sm-4fd">
         <name>_QF_pool_</name>
         <value>0xc162</value>
         <object_component_ref idref="oc-147"/>
      </symbol>
      <symbol id="sm-4fe">
         <name>_QF_maxPool_</name>
         <value>0xc160</value>
         <object_component_ref idref="oc-147"/>
      </symbol>
      <symbol id="sm-517">
         <name>_QF_invPwr2Lkup</name>
         <value>0xd200</value>
         <object_component_ref idref="oc-1e6"/>
      </symbol>
      <symbol id="sm-518">
         <name>_QF_pwr2Lkup</name>
         <value>0xd241</value>
         <object_component_ref idref="oc-1c6"/>
      </symbol>
      <symbol id="sm-536">
         <name>_QF_tick</name>
         <value>0x9b47</value>
         <object_component_ref idref="oc-1ba"/>
      </symbol>
      <symbol id="sm-55e">
         <name>_QMPool_put</name>
         <value>0x9f39</value>
         <object_component_ref idref="oc-1ea"/>
      </symbol>
      <symbol id="sm-575">
         <name>_QF_noTimeEvtsActive</name>
         <value>0x9efd</value>
         <object_component_ref idref="oc-1e3"/>
      </symbol>
      <symbol id="sm-576">
         <name>_QTimeEvt_arm_</name>
         <value>0x9eca</value>
         <object_component_ref idref="oc-1e3"/>
      </symbol>
      <symbol id="sm-577">
         <name>_QF_timeEvtListHead_</name>
         <value>0xc27a</value>
         <object_component_ref idref="oc-16a"/>
      </symbol>
      <symbol id="sm-588">
         <name>_QTimeEvt_ctor</name>
         <value>0xa020</value>
         <object_component_ref idref="oc-1e2"/>
      </symbol>
      <symbol id="sm-5bc">
         <name>_QF_run</name>
         <value>0x9d54</value>
         <object_component_ref idref="oc-1cf"/>
      </symbol>
      <symbol id="sm-5bd">
         <name>_QActive_start</name>
         <value>0x9d7e</value>
         <object_component_ref idref="oc-1cf"/>
      </symbol>
      <symbol id="sm-5be">
         <name>_QActive_stop</name>
         <value>0x9da2</value>
         <object_component_ref idref="oc-1cf"/>
      </symbol>
      <symbol id="sm-5bf">
         <name>_QF_readySet_</name>
         <value>0xc1ff</value>
         <object_component_ref idref="oc-184"/>
      </symbol>
      <symbol id="sm-5c0">
         <name>_QF_init</name>
         <value>0x9d50</value>
         <object_component_ref idref="oc-1cf"/>
      </symbol>
      <symbol id="sm-5c1">
         <name>_QF_stop</name>
         <value>0x9d51</value>
         <object_component_ref idref="oc-1cf"/>
      </symbol>
      <symbol id="sm-5de">
         <name>_c_int00</name>
         <value>0x9da8</value>
         <object_component_ref idref="oc-189"/>
      </symbol>
      <symbol id="sm-5df">
         <name>__stack</name>
         <value>0x400</value>
         <object_component_ref idref="oc-18a"/>
      </symbol>
      <symbol id="sm-5ef">
         <name>__args_main</name>
         <value>0xa093</value>
         <object_component_ref idref="oc-1be"/>
      </symbol>
      <symbol id="sm-5fc">
         <name>__system_post_cinit</name>
         <value>0xa0b6</value>
         <object_component_ref idref="oc-1bd"/>
      </symbol>
      <symbol id="sm-609">
         <name>__system_pre_init</name>
         <value>0xa0b4</value>
         <object_component_ref idref="oc-1bb"/>
      </symbol>
      <symbol id="sm-61f">
         <name>_copy_in</name>
         <value>0x9e46</value>
         <object_component_ref idref="oc-1bc"/>
      </symbol>
      <symbol id="sm-62e">
         <name>_ppcopy</name>
         <value>0xa079</value>
         <object_component_ref idref="oc-1a4"/>
      </symbol>
      <symbol id="sm-62f">
         <name>_dpcopy</name>
         <value>0xa079</value>
         <object_component_ref idref="oc-1a4"/>
      </symbol>
      <symbol id="sm-630">
         <name>_pdcopy</name>
         <value>0xa079</value>
         <object_component_ref idref="oc-1a4"/>
      </symbol>
      <symbol id="sm-631">
         <name>_ddcopy</name>
         <value>0xa079</value>
         <object_component_ref idref="oc-1a4"/>
      </symbol>
      <symbol id="sm-646">
         <name>C$$EXIT</name>
         <value>0x9f98</value>
         <object_component_ref idref="oc-1bf"/>
      </symbol>
      <symbol id="sm-647">
         <name>_exit</name>
         <value>0x9f9a</value>
         <object_component_ref idref="oc-1bf"/>
      </symbol>
      <symbol id="sm-648">
         <name>___TI_cleanup_ptr</name>
         <value>0xc238</value>
         <object_component_ref idref="oc-1ab"/>
      </symbol>
      <symbol id="sm-649">
         <name>___TI_enable_exit_profile_output</name>
         <value>0xc236</value>
         <object_component_ref idref="oc-1ab"/>
      </symbol>
      <symbol id="sm-64a">
         <name>_abort</name>
         <value>0x9f98</value>
         <object_component_ref idref="oc-1bf"/>
      </symbol>
      <symbol id="sm-64b">
         <name>___TI_dtors_ptr</name>
         <value>0xc23a</value>
         <object_component_ref idref="oc-1ab"/>
      </symbol>
      <symbol id="sm-660">
         <name>__unlock</name>
         <value>0xc278</value>
         <object_component_ref idref="oc-1e4"/>
      </symbol>
      <symbol id="sm-661">
         <name>__lock</name>
         <value>0xc276</value>
         <object_component_ref idref="oc-1c4"/>
      </symbol>
      <symbol id="sm-662">
         <name>__register_lock</name>
         <value>0x9fed</value>
         <object_component_ref idref="oc-1d3"/>
      </symbol>
      <symbol id="sm-663">
         <name>__nop</name>
         <value>0x9ff1</value>
         <object_component_ref idref="oc-1d3"/>
      </symbol>
      <symbol id="sm-664">
         <name>__register_unlock</name>
         <value>0x9fe9</value>
         <object_component_ref idref="oc-1d3"/>
      </symbol>
      <symbol id="sm-672">
         <name>_strlen</name>
         <value>0xa0ac</value>
         <object_component_ref idref="oc-1cc"/>
      </symbol>
   </symbol_table>
   <title>Link successful</title>
</link_info>
