<?xml version="1.0"?>
<link_info>
   <banner>TMS320C2000 Linker PC v15.12.3.LTS</banner>
   <copyright>Copyright (c) 1996-2015 Texas Instruments Incorporated</copyright>
   <link_time>0x59c8cb2e</link_time>
   <link_errors>0x0</link_errors>
   <output_file>Example_2833xLEDBlink.out</output_file>
   <entry_point>
      <name>code_start</name>
      <address>0x0</address>
   </entry_point>
   <input_file_list>
      <input_file id="fl-4">
         <path>.\</path>
         <kind>object</kind>
         <file>DSP2833x_ADC_cal.obj</file>
         <name>DSP2833x_ADC_cal.obj</name>
      </input_file>
      <input_file id="fl-5">
         <path>.\</path>
         <kind>object</kind>
         <file>DSP2833x_CodeStartBranch.obj</file>
         <name>DSP2833x_CodeStartBranch.obj</name>
      </input_file>
      <input_file id="fl-6">
         <path>.\</path>
         <kind>object</kind>
         <file>DSP2833x_CpuTimers.obj</file>
         <name>DSP2833x_CpuTimers.obj</name>
      </input_file>
      <input_file id="fl-7">
         <path>.\</path>
         <kind>object</kind>
         <file>DSP2833x_DefaultIsr.obj</file>
         <name>DSP2833x_DefaultIsr.obj</name>
      </input_file>
      <input_file id="fl-8">
         <path>.\</path>
         <kind>object</kind>
         <file>DSP2833x_GlobalVariableDefs.obj</file>
         <name>DSP2833x_GlobalVariableDefs.obj</name>
      </input_file>
      <input_file id="fl-9">
         <path>.\</path>
         <kind>object</kind>
         <file>DSP2833x_PieCtrl.obj</file>
         <name>DSP2833x_PieCtrl.obj</name>
      </input_file>
      <input_file id="fl-a">
         <path>.\</path>
         <kind>object</kind>
         <file>DSP2833x_PieVect.obj</file>
         <name>DSP2833x_PieVect.obj</name>
      </input_file>
      <input_file id="fl-b">
         <path>.\</path>
         <kind>object</kind>
         <file>DSP2833x_Sci.obj</file>
         <name>DSP2833x_Sci.obj</name>
      </input_file>
      <input_file id="fl-c">
         <path>.\</path>
         <kind>object</kind>
         <file>DSP2833x_SysCtrl.obj</file>
         <name>DSP2833x_SysCtrl.obj</name>
      </input_file>
      <input_file id="fl-d">
         <path>.\</path>
         <kind>object</kind>
         <file>DSP2833x_usDelay.obj</file>
         <name>DSP2833x_usDelay.obj</name>
      </input_file>
      <input_file id="fl-e">
         <path>.\</path>
         <kind>object</kind>
         <file>Example_2833xLEDBlink.obj</file>
         <name>Example_2833xLEDBlink.obj</name>
      </input_file>
      <input_file id="fl-f">
         <path>.\Blinky\</path>
         <kind>object</kind>
         <file>Blinky.obj</file>
         <name>Blinky.obj</name>
      </input_file>
      <input_file id="fl-10">
         <path>.\Blinky\</path>
         <kind>object</kind>
         <file>bsp.obj</file>
         <name>bsp.obj</name>
      </input_file>
      <input_file id="fl-11">
         <path>.\Console\</path>
         <kind>object</kind>
         <file>Console.obj</file>
         <name>Console.obj</name>
      </input_file>
      <input_file id="fl-12">
         <path>.\Console\</path>
         <kind>object</kind>
         <file>Console_BSP.obj</file>
         <name>Console_BSP.obj</name>
      </input_file>
      <input_file id="fl-13">
         <path>.\QP_port\</path>
         <kind>object</kind>
         <file>qf_port.obj</file>
         <name>qf_port.obj</name>
      </input_file>
      <input_file id="fl-14">
         <path>.\QP_qep\</path>
         <kind>object</kind>
         <file>qep.obj</file>
         <name>qep.obj</name>
      </input_file>
      <input_file id="fl-15">
         <path>.\QP_qep\</path>
         <kind>object</kind>
         <file>qfsm_dis.obj</file>
         <name>qfsm_dis.obj</name>
      </input_file>
      <input_file id="fl-16">
         <path>.\QP_qep\</path>
         <kind>object</kind>
         <file>qfsm_ini.obj</file>
         <name>qfsm_ini.obj</name>
      </input_file>
      <input_file id="fl-17">
         <path>.\QP_qep\</path>
         <kind>object</kind>
         <file>qhsm_dis.obj</file>
         <name>qhsm_dis.obj</name>
      </input_file>
      <input_file id="fl-18">
         <path>.\QP_qep\</path>
         <kind>object</kind>
         <file>qhsm_in.obj</file>
         <name>qhsm_in.obj</name>
      </input_file>
      <input_file id="fl-19">
         <path>.\QP_qep\</path>
         <kind>object</kind>
         <file>qhsm_ini.obj</file>
         <name>qhsm_ini.obj</name>
      </input_file>
      <input_file id="fl-1a">
         <path>.\QP_qep\</path>
         <kind>object</kind>
         <file>qhsm_top.obj</file>
         <name>qhsm_top.obj</name>
      </input_file>
      <input_file id="fl-1b">
         <path>.\QP_qf\</path>
         <kind>object</kind>
         <file>qa_defer.obj</file>
         <name>qa_defer.obj</name>
      </input_file>
      <input_file id="fl-1c">
         <path>.\QP_qf\</path>
         <kind>object</kind>
         <file>qa_fifo.obj</file>
         <name>qa_fifo.obj</name>
      </input_file>
      <input_file id="fl-1d">
         <path>.\QP_qf\</path>
         <kind>object</kind>
         <file>qa_get_.obj</file>
         <name>qa_get_.obj</name>
      </input_file>
      <input_file id="fl-1e">
         <path>.\QP_qf\</path>
         <kind>object</kind>
         <file>qa_lifo.obj</file>
         <name>qa_lifo.obj</name>
      </input_file>
      <input_file id="fl-1f">
         <path>.\QP_qf\</path>
         <kind>object</kind>
         <file>qa_sub.obj</file>
         <name>qa_sub.obj</name>
      </input_file>
      <input_file id="fl-20">
         <path>.\QP_qf\</path>
         <kind>object</kind>
         <file>qa_usub.obj</file>
         <name>qa_usub.obj</name>
      </input_file>
      <input_file id="fl-21">
         <path>.\QP_qf\</path>
         <kind>object</kind>
         <file>qa_usuba.obj</file>
         <name>qa_usuba.obj</name>
      </input_file>
      <input_file id="fl-22">
         <path>.\QP_qf\</path>
         <kind>object</kind>
         <file>qeq_fifo.obj</file>
         <name>qeq_fifo.obj</name>
      </input_file>
      <input_file id="fl-23">
         <path>.\QP_qf\</path>
         <kind>object</kind>
         <file>qeq_get.obj</file>
         <name>qeq_get.obj</name>
      </input_file>
      <input_file id="fl-24">
         <path>.\QP_qf\</path>
         <kind>object</kind>
         <file>qeq_init.obj</file>
         <name>qeq_init.obj</name>
      </input_file>
      <input_file id="fl-25">
         <path>.\QP_qf\</path>
         <kind>object</kind>
         <file>qeq_lifo.obj</file>
         <name>qeq_lifo.obj</name>
      </input_file>
      <input_file id="fl-26">
         <path>.\QP_qf\</path>
         <kind>object</kind>
         <file>qf_act.obj</file>
         <name>qf_act.obj</name>
      </input_file>
      <input_file id="fl-27">
         <path>.\QP_qf\</path>
         <kind>object</kind>
         <file>qf_gc.obj</file>
         <name>qf_gc.obj</name>
      </input_file>
      <input_file id="fl-28">
         <path>.\QP_qf\</path>
         <kind>object</kind>
         <file>qf_log2.obj</file>
         <name>qf_log2.obj</name>
      </input_file>
      <input_file id="fl-29">
         <path>.\QP_qf\</path>
         <kind>object</kind>
         <file>qf_new.obj</file>
         <name>qf_new.obj</name>
      </input_file>
      <input_file id="fl-2a">
         <path>.\QP_qf\</path>
         <kind>object</kind>
         <file>qf_pool.obj</file>
         <name>qf_pool.obj</name>
      </input_file>
      <input_file id="fl-2b">
         <path>.\QP_qf\</path>
         <kind>object</kind>
         <file>qf_psini.obj</file>
         <name>qf_psini.obj</name>
      </input_file>
      <input_file id="fl-2c">
         <path>.\QP_qf\</path>
         <kind>object</kind>
         <file>qf_pspub.obj</file>
         <name>qf_pspub.obj</name>
      </input_file>
      <input_file id="fl-2d">
         <path>.\QP_qf\</path>
         <kind>object</kind>
         <file>qf_pwr2.obj</file>
         <name>qf_pwr2.obj</name>
      </input_file>
      <input_file id="fl-2e">
         <path>.\QP_qf\</path>
         <kind>object</kind>
         <file>qf_tick.obj</file>
         <name>qf_tick.obj</name>
      </input_file>
      <input_file id="fl-2f">
         <path>.\QP_qf\</path>
         <kind>object</kind>
         <file>qmp_get.obj</file>
         <name>qmp_get.obj</name>
      </input_file>
      <input_file id="fl-30">
         <path>.\QP_qf\</path>
         <kind>object</kind>
         <file>qmp_init.obj</file>
         <name>qmp_init.obj</name>
      </input_file>
      <input_file id="fl-31">
         <path>.\QP_qf\</path>
         <kind>object</kind>
         <file>qmp_put.obj</file>
         <name>qmp_put.obj</name>
      </input_file>
      <input_file id="fl-32">
         <path>.\QP_qf\</path>
         <kind>object</kind>
         <file>qte_arm.obj</file>
         <name>qte_arm.obj</name>
      </input_file>
      <input_file id="fl-33">
         <path>.\QP_qf\</path>
         <kind>object</kind>
         <file>qte_ctor.obj</file>
         <name>qte_ctor.obj</name>
      </input_file>
      <input_file id="fl-34">
         <path>.\QP_qf\</path>
         <kind>object</kind>
         <file>qte_ctr.obj</file>
         <name>qte_ctr.obj</name>
      </input_file>
      <input_file id="fl-35">
         <path>.\QP_qf\</path>
         <kind>object</kind>
         <file>qte_darm.obj</file>
         <name>qte_darm.obj</name>
      </input_file>
      <input_file id="fl-36">
         <path>.\QP_qf\</path>
         <kind>object</kind>
         <file>qte_rarm.obj</file>
         <name>qte_rarm.obj</name>
      </input_file>
      <input_file id="fl-37">
         <path>.\QP_qf\</path>
         <kind>object</kind>
         <file>qvanilla.obj</file>
         <name>qvanilla.obj</name>
      </input_file>
      <input_file id="fl-3d">
         <path>C:\ti\ccsv6\tools\compiler\c2000_15.12.3.LTS\lib\</path>
         <kind>archive</kind>
         <file>rts2800_fpu32.lib</file>
         <name>boot.obj</name>
      </input_file>
      <input_file id="fl-3e">
         <path>C:\ti\ccsv6\tools\compiler\c2000_15.12.3.LTS\lib\</path>
         <kind>archive</kind>
         <file>rts2800_fpu32.lib</file>
         <name>args_main.obj</name>
      </input_file>
      <input_file id="fl-3f">
         <path>C:\ti\ccsv6\tools\compiler\c2000_15.12.3.LTS\lib\</path>
         <kind>archive</kind>
         <file>rts2800_fpu32.lib</file>
         <name>startup.obj</name>
      </input_file>
      <input_file id="fl-40">
         <path>C:\ti\ccsv6\tools\compiler\c2000_15.12.3.LTS\lib\</path>
         <kind>archive</kind>
         <file>rts2800_fpu32.lib</file>
         <name>pre_init.obj</name>
      </input_file>
      <input_file id="fl-41">
         <path>C:\ti\ccsv6\tools\compiler\c2000_15.12.3.LTS\lib\</path>
         <kind>archive</kind>
         <file>rts2800_fpu32.lib</file>
         <name>cpy_tbl.obj</name>
      </input_file>
      <input_file id="fl-42">
         <path>C:\ti\ccsv6\tools\compiler\c2000_15.12.3.LTS\lib\</path>
         <kind>archive</kind>
         <file>rts2800_fpu32.lib</file>
         <name>cpy_utils.obj</name>
      </input_file>
      <input_file id="fl-43">
         <path>C:\ti\ccsv6\tools\compiler\c2000_15.12.3.LTS\lib\</path>
         <kind>archive</kind>
         <file>rts2800_fpu32.lib</file>
         <name>exit.obj</name>
      </input_file>
      <input_file id="fl-44">
         <path>C:\ti\ccsv6\tools\compiler\c2000_15.12.3.LTS\lib\</path>
         <kind>archive</kind>
         <file>rts2800_fpu32.lib</file>
         <name>_lock.obj</name>
      </input_file>
      <input_file id="fl-45">
         <path>C:\ti\ccsv6\tools\compiler\c2000_15.12.3.LTS\lib\</path>
         <kind>archive</kind>
         <file>rts2800_fpu32.lib</file>
         <name>strlen.obj</name>
      </input_file>
   </input_file_list>
   <object_component_list>
      <object_component id="oc-4c">
         <name>codestart</name>
         <load_address>0x0</load_address>
         <run_address>0x0</run_address>
         <size>0x2</size>
         <input_file_ref idref="fl-5"/>
      </object_component>
      <object_component id="oc-ce">
         <name>ramfuncs:retain</name>
         <load_address>0x8000</load_address>
         <run_address>0x8000</run_address>
         <size>0xa5</size>
         <input_file_ref idref="fl-12"/>
      </object_component>
      <object_component id="oc-1ce">
         <name>ramfuncs</name>
         <load_address>0x80a5</load_address>
         <run_address>0x80a5</run_address>
         <size>0x15</size>
         <input_file_ref idref="fl-e"/>
      </object_component>
      <object_component id="oc-ab">
         <name>ramfuncs</name>
         <load_address>0x80ba</load_address>
         <run_address>0x80ba</run_address>
         <size>0x4</size>
         <input_file_ref idref="fl-d"/>
      </object_component>
      <object_component id="oc-1dc">
         <name>ramfuncs</name>
         <load_address>0x80be</load_address>
         <run_address>0x80be</run_address>
         <size>0x4</size>
         <input_file_ref idref="fl-10"/>
      </object_component>
      <object_component id="oc-5e">
         <name>.text:retain</name>
         <load_address>0x9000</load_address>
         <run_address>0x9000</run_address>
         <size>0x316</size>
         <input_file_ref idref="fl-7"/>
      </object_component>
      <object_component id="oc-1cd">
         <name>.text</name>
         <load_address>0x9316</load_address>
         <run_address>0x9316</run_address>
         <size>0x2b0</size>
         <input_file_ref idref="fl-12"/>
      </object_component>
      <object_component id="oc-1d2">
         <name>.text</name>
         <load_address>0x95c6</load_address>
         <run_address>0x95c6</run_address>
         <size>0x171</size>
         <input_file_ref idref="fl-11"/>
      </object_component>
      <object_component id="oc-1da">
         <name>.text</name>
         <load_address>0x9737</load_address>
         <run_address>0x9737</run_address>
         <size>0x15a</size>
         <input_file_ref idref="fl-17"/>
      </object_component>
      <object_component id="oc-1c8">
         <name>.text</name>
         <load_address>0x9891</load_address>
         <run_address>0x9891</run_address>
         <size>0xf8</size>
         <input_file_ref idref="fl-c"/>
      </object_component>
      <object_component id="oc-1d1">
         <name>.text</name>
         <load_address>0x9989</load_address>
         <run_address>0x9989</run_address>
         <size>0xbb</size>
         <input_file_ref idref="fl-f"/>
      </object_component>
      <object_component id="oc-1c3">
         <name>.text</name>
         <load_address>0x9a44</load_address>
         <run_address>0x9a44</run_address>
         <size>0xaf</size>
         <input_file_ref idref="fl-e"/>
      </object_component>
      <object_component id="oc-cf">
         <name>.text:retain</name>
         <load_address>0x9af3</load_address>
         <run_address>0x9af3</run_address>
         <size>0x82</size>
         <input_file_ref idref="fl-12"/>
      </object_component>
      <object_component id="oc-1d9">
         <name>.text</name>
         <load_address>0x9b75</load_address>
         <run_address>0x9b75</run_address>
         <size>0x79</size>
         <input_file_ref idref="fl-1d"/>
      </object_component>
      <object_component id="oc-1ba">
         <name>.text</name>
         <load_address>0x9bee</load_address>
         <run_address>0x9bee</run_address>
         <size>0x78</size>
         <input_file_ref idref="fl-2e"/>
      </object_component>
      <object_component id="oc-1cb">
         <name>.text</name>
         <load_address>0x9c66</load_address>
         <run_address>0x9c66</run_address>
         <size>0x73</size>
         <input_file_ref idref="fl-6"/>
      </object_component>
      <object_component id="oc-1e0">
         <name>.text</name>
         <load_address>0x9cd9</load_address>
         <run_address>0x9cd9</run_address>
         <size>0x67</size>
         <input_file_ref idref="fl-19"/>
      </object_component>
      <object_component id="oc-1f9">
         <name>.text</name>
         <load_address>0x9d40</load_address>
         <run_address>0x9d40</run_address>
         <size>0x63</size>
         <input_file_ref idref="fl-1e"/>
      </object_component>
      <object_component id="oc-1e8">
         <name>.text</name>
         <load_address>0x9da3</load_address>
         <run_address>0x9da3</run_address>
         <size>0x62</size>
         <input_file_ref idref="fl-30"/>
      </object_component>
      <object_component id="oc-1c2">
         <name>.text</name>
         <load_address>0x9e05</load_address>
         <run_address>0x9e05</run_address>
         <size>0x5d</size>
         <input_file_ref idref="fl-1c"/>
      </object_component>
      <object_component id="oc-1df">
         <name>.text</name>
         <load_address>0x9e62</load_address>
         <run_address>0x9e62</run_address>
         <size>0x5a</size>
         <input_file_ref idref="fl-26"/>
      </object_component>
      <object_component id="oc-1f6">
         <name>.text</name>
         <load_address>0x9ebc</load_address>
         <run_address>0x9ebc</run_address>
         <size>0x59</size>
         <input_file_ref idref="fl-2f"/>
      </object_component>
      <object_component id="oc-1cf">
         <name>.text</name>
         <load_address>0x9f15</load_address>
         <run_address>0x9f15</run_address>
         <size>0x58</size>
         <input_file_ref idref="fl-37"/>
      </object_component>
      <object_component id="oc-189">
         <name>.text</name>
         <load_address>0x9f6d</load_address>
         <run_address>0x9f6d</run_address>
         <size>0x56</size>
         <input_file_ref idref="fl-3d"/>
      </object_component>
      <object_component id="oc-1e3">
         <name>.text</name>
         <load_address>0x9fc3</load_address>
         <run_address>0x9fc3</run_address>
         <size>0x3b</size>
         <input_file_ref idref="fl-32"/>
      </object_component>
      <object_component id="oc-1bb">
         <name>.text</name>
         <load_address>0x9ffe</load_address>
         <run_address>0x9ffe</run_address>
         <size>0x2</size>
         <input_file_ref idref="fl-40"/>
      </object_component>
      <object_component id="oc-1d7">
         <name>.text</name>
         <load_address>0xa000</load_address>
         <run_address>0xa000</run_address>
         <size>0x48</size>
         <input_file_ref idref="fl-b"/>
      </object_component>
      <object_component id="oc-1bc">
         <name>.text</name>
         <load_address>0xa048</load_address>
         <run_address>0xa048</run_address>
         <size>0x46</size>
         <input_file_ref idref="fl-41"/>
      </object_component>
      <object_component id="oc-1f7">
         <name>.text</name>
         <load_address>0xa08e</load_address>
         <run_address>0xa08e</run_address>
         <size>0x3f</size>
         <input_file_ref idref="fl-22"/>
      </object_component>
      <object_component id="oc-b3">
         <name>.text:retain</name>
         <load_address>0xa0cd</load_address>
         <run_address>0xa0cd</run_address>
         <size>0x3e</size>
         <input_file_ref idref="fl-e"/>
      </object_component>
      <object_component id="oc-1e4">
         <name>.text</name>
         <load_address>0xa10b</load_address>
         <run_address>0xa10b</run_address>
         <size>0x36</size>
         <input_file_ref idref="fl-29"/>
      </object_component>
      <object_component id="oc-1d3">
         <name>.text</name>
         <load_address>0xa141</load_address>
         <run_address>0xa141</run_address>
         <size>0x35</size>
         <input_file_ref idref="fl-2a"/>
      </object_component>
      <object_component id="oc-1d0">
         <name>.text</name>
         <load_address>0xa176</load_address>
         <run_address>0xa176</run_address>
         <size>0x34</size>
         <input_file_ref idref="fl-13"/>
      </object_component>
      <object_component id="oc-1e6">
         <name>.text</name>
         <load_address>0xa1aa</load_address>
         <run_address>0xa1aa</run_address>
         <size>0x31</size>
         <input_file_ref idref="fl-1b"/>
      </object_component>
      <object_component id="oc-1ef">
         <name>.text</name>
         <load_address>0xa1db</load_address>
         <run_address>0xa1db</run_address>
         <size>0x30</size>
         <input_file_ref idref="fl-31"/>
      </object_component>
      <object_component id="oc-1db">
         <name>.text</name>
         <load_address>0xa20b</load_address>
         <run_address>0xa20b</run_address>
         <size>0x2f</size>
         <input_file_ref idref="fl-27"/>
      </object_component>
      <object_component id="oc-1f8">
         <name>.text</name>
         <load_address>0xa23a</load_address>
         <run_address>0xa23a</run_address>
         <size>0x2e</size>
         <input_file_ref idref="fl-23"/>
      </object_component>
      <object_component id="oc-1bf">
         <name>.text</name>
         <load_address>0xa268</load_address>
         <run_address>0xa268</run_address>
         <size>0x29</size>
         <input_file_ref idref="fl-43"/>
      </object_component>
      <object_component id="oc-1c9">
         <name>.text</name>
         <load_address>0xa291</load_address>
         <run_address>0xa291</run_address>
         <size>0x28</size>
         <input_file_ref idref="fl-9"/>
      </object_component>
      <object_component id="oc-1ca">
         <name>.text</name>
         <load_address>0xa2b9</load_address>
         <run_address>0xa2b9</run_address>
         <size>0x20</size>
         <input_file_ref idref="fl-a"/>
      </object_component>
      <object_component id="oc-1e2">
         <name>.text</name>
         <load_address>0xa2d9</load_address>
         <run_address>0xa2d9</run_address>
         <size>0x20</size>
         <input_file_ref idref="fl-33"/>
      </object_component>
      <object_component id="oc-1c1">
         <name>.text</name>
         <load_address>0xa2f9</load_address>
         <run_address>0xa2f9</run_address>
         <size>0x1e</size>
         <input_file_ref idref="fl-10"/>
      </object_component>
      <object_component id="oc-1de">
         <name>.text</name>
         <load_address>0xa317</load_address>
         <run_address>0xa317</run_address>
         <size>0x1b</size>
         <input_file_ref idref="fl-24"/>
      </object_component>
      <object_component id="oc-1a4">
         <name>.text</name>
         <load_address>0xa332</load_address>
         <run_address>0xa332</run_address>
         <size>0x1a</size>
         <input_file_ref idref="fl-42"/>
      </object_component>
      <object_component id="oc-1be">
         <name>.text</name>
         <load_address>0xa34c</load_address>
         <run_address>0xa34c</run_address>
         <size>0x19</size>
         <input_file_ref idref="fl-3e"/>
      </object_component>
      <object_component id="oc-1d4">
         <name>.text</name>
         <load_address>0xa365</load_address>
         <run_address>0xa365</run_address>
         <size>0x9</size>
         <input_file_ref idref="fl-44"/>
      </object_component>
      <object_component id="oc-52">
         <name>.text</name>
         <load_address>0xa36e</load_address>
         <run_address>0xa36e</run_address>
         <size>0x8</size>
         <input_file_ref idref="fl-5"/>
      </object_component>
      <object_component id="oc-1cc">
         <name>.text</name>
         <load_address>0xa376</load_address>
         <run_address>0xa376</run_address>
         <size>0x8</size>
         <input_file_ref idref="fl-45"/>
      </object_component>
      <object_component id="oc-1e1">
         <name>.text</name>
         <load_address>0xa37e</load_address>
         <run_address>0xa37e</run_address>
         <size>0x6</size>
         <input_file_ref idref="fl-1a"/>
      </object_component>
      <object_component id="oc-1bd">
         <name>.text</name>
         <load_address>0xa384</load_address>
         <run_address>0xa384</run_address>
         <size>0x1</size>
         <input_file_ref idref="fl-3f"/>
      </object_component>
      <object_component id="oc-b1">
         <name>.cinit</name>
         <load_address>0x8000</load_address>
         <run_address>0x8000</run_address>
         <size>0x30</size>
         <input_file_ref idref="fl-e"/>
      </object_component>
      <object_component id="oc-b9">
         <name>.cinit</name>
         <load_address>0x8030</load_address>
         <run_address>0x8030</run_address>
         <size>0x4b</size>
         <input_file_ref idref="fl-f"/>
      </object_component>
      <object_component id="oc-c5">
         <name>.cinit</name>
         <load_address>0x807b</load_address>
         <run_address>0x807b</run_address>
         <size>0xc3</size>
         <input_file_ref idref="fl-11"/>
      </object_component>
      <object_component id="oc-cc">
         <name>.cinit</name>
         <load_address>0x813e</load_address>
         <run_address>0x813e</run_address>
         <size>0x14</size>
         <input_file_ref idref="fl-12"/>
      </object_component>
      <object_component id="oc-1aa">
         <name>.cinit</name>
         <load_address>0x8152</load_address>
         <run_address>0x8152</run_address>
         <size>0xe</size>
         <input_file_ref idref="fl-43"/>
      </object_component>
      <object_component id="oc-1d5">
         <name>.cinit:__unlock</name>
         <load_address>0x8160</load_address>
         <run_address>0x8160</run_address>
         <size>0x5</size>
         <input_file_ref idref="fl-44"/>
      </object_component>
      <object_component id="oc-1c5">
         <name>.cinit:__lock</name>
         <load_address>0x8165</load_address>
         <run_address>0x8165</run_address>
         <size>0x5</size>
         <input_file_ref idref="fl-44"/>
      </object_component>
      <object_component id="oc-18a">
         <name>.stack</name>
         <uninitialized>true</uninitialized>
         <run_address>0x400</run_address>
         <size>0x0</size>
         <input_file_ref idref="fl-3d"/>
      </object_component>
      <object_component id="oc-256">
         <name>.stack</name>
         <uninitialized>true</uninitialized>
         <run_address>0x400</run_address>
         <size>0x0</size>
      </object_component>
      <object_component id="oc-58">
         <name>.ebss</name>
         <uninitialized>true</uninitialized>
         <run_address>0xc3c0</run_address>
         <size>0x18</size>
         <input_file_ref idref="fl-6"/>
      </object_component>
      <object_component id="oc-b2">
         <name>.ebss</name>
         <uninitialized>true</uninitialized>
         <run_address>0xc200</run_address>
         <size>0xfc</size>
         <input_file_ref idref="fl-e"/>
      </object_component>
      <object_component id="oc-ba">
         <name>.ebss</name>
         <uninitialized>true</uninitialized>
         <run_address>0xc300</run_address>
         <size>0x80</size>
         <input_file_ref idref="fl-f"/>
      </object_component>
      <object_component id="oc-c6">
         <name>.ebss</name>
         <uninitialized>true</uninitialized>
         <run_address>0xc000</run_address>
         <size>0x1e0</size>
         <input_file_ref idref="fl-11"/>
      </object_component>
      <object_component id="oc-cd">
         <name>.ebss</name>
         <uninitialized>true</uninitialized>
         <run_address>0xc380</run_address>
         <size>0x36</size>
         <input_file_ref idref="fl-12"/>
      </object_component>
      <object_component id="oc-d5">
         <name>.ebss</name>
         <uninitialized>true</uninitialized>
         <run_address>0xc2fc</run_address>
         <size>0x4</size>
         <input_file_ref idref="fl-13"/>
      </object_component>
      <object_component id="oc-135">
         <name>.ebss</name>
         <uninitialized>true</uninitialized>
         <run_address>0xc3d8</run_address>
         <size>0x10</size>
         <input_file_ref idref="fl-26"/>
      </object_component>
      <object_component id="oc-147">
         <name>.ebss</name>
         <uninitialized>true</uninitialized>
         <run_address>0xc1e0</run_address>
         <size>0x20</size>
         <input_file_ref idref="fl-2a"/>
      </object_component>
      <object_component id="oc-16a">
         <name>.ebss</name>
         <uninitialized>true</uninitialized>
         <run_address>0xc3e8</run_address>
         <size>0x2</size>
         <input_file_ref idref="fl-32"/>
      </object_component>
      <object_component id="oc-184">
         <name>.ebss</name>
         <uninitialized>true</uninitialized>
         <run_address>0xc3ea</run_address>
         <size>0x1</size>
         <input_file_ref idref="fl-37"/>
      </object_component>
      <object_component id="oc-1ab">
         <name>.ebss</name>
         <uninitialized>true</uninitialized>
         <run_address>0xc3b6</run_address>
         <size>0x6</size>
         <input_file_ref idref="fl-43"/>
      </object_component>
      <object_component id="oc-1e9">
         <name>.ebss:__unlock</name>
         <uninitialized>true</uninitialized>
         <run_address>0xc3be</run_address>
         <size>0x2</size>
         <input_file_ref idref="fl-44"/>
      </object_component>
      <object_component id="oc-1c4">
         <name>.ebss:__lock</name>
         <uninitialized>true</uninitialized>
         <run_address>0xc3bc</run_address>
         <size>0x2</size>
         <input_file_ref idref="fl-44"/>
      </object_component>
      <object_component id="oc-1d8">
         <name>.econst:.string:_QF_log2Lkup</name>
         <load_address>0xd000</load_address>
         <run_address>0xd000</run_address>
         <size>0x100</size>
         <input_file_ref idref="fl-28"/>
      </object_component>
      <object_component id="oc-1d6">
         <name>.econst:_PieVectTableInit</name>
         <load_address>0xd100</load_address>
         <run_address>0xd100</run_address>
         <size>0x100</size>
         <input_file_ref idref="fl-a"/>
      </object_component>
      <object_component id="oc-1eb">
         <name>.econst:.string:_QF_invPwr2Lkup</name>
         <load_address>0xd200</load_address>
         <run_address>0xd200</run_address>
         <size>0x41</size>
         <input_file_ref idref="fl-2d"/>
      </object_component>
      <object_component id="oc-1c6">
         <name>.econst:.string:_QF_pwr2Lkup</name>
         <load_address>0xd241</load_address>
         <run_address>0xd241</run_address>
         <size>0x41</size>
         <input_file_ref idref="fl-2d"/>
      </object_component>
      <object_component id="oc-1ed">
         <name>.econst:_QEP_reservedEvt_</name>
         <load_address>0xd282</load_address>
         <run_address>0xd282</run_address>
         <size>0xc</size>
         <input_file_ref idref="fl-14"/>
      </object_component>
      <object_component id="oc-1fa">
         <name>.econst:.string:_l_this_file</name>
         <load_address>0xd28e</load_address>
         <run_address>0xd28e</run_address>
         <size>0x9</size>
         <input_file_ref idref="fl-1b"/>
      </object_component>
      <object_component id="oc-1fe">
         <name>.econst:.string:_l_this_file</name>
         <load_address>0xd297</load_address>
         <run_address>0xd297</run_address>
         <size>0x9</size>
         <input_file_ref idref="fl-22"/>
      </object_component>
      <object_component id="oc-1ec">
         <name>.econst:.string:_l_this_file</name>
         <load_address>0xd2a0</load_address>
         <run_address>0xd2a0</run_address>
         <size>0x9</size>
         <input_file_ref idref="fl-17"/>
      </object_component>
      <object_component id="oc-1f2">
         <name>.econst:.string:_l_this_file</name>
         <load_address>0xd2a9</load_address>
         <run_address>0xd2a9</run_address>
         <size>0x9</size>
         <input_file_ref idref="fl-19"/>
      </object_component>
      <object_component id="oc-1fb">
         <name>.econst:.string:_l_this_file</name>
         <load_address>0xd2b2</load_address>
         <run_address>0xd2b2</run_address>
         <size>0x9</size>
         <input_file_ref idref="fl-30"/>
      </object_component>
      <object_component id="oc-1f3">
         <name>.econst:.string:_l_this_file</name>
         <load_address>0xd2bb</load_address>
         <run_address>0xd2bb</run_address>
         <size>0x9</size>
         <input_file_ref idref="fl-33"/>
      </object_component>
      <object_component id="oc-1dd">
         <name>.econst:.string:_l_this_file</name>
         <load_address>0xd2c4</load_address>
         <run_address>0xd2c4</run_address>
         <size>0x9</size>
         <input_file_ref idref="fl-37"/>
      </object_component>
      <object_component id="oc-1c7">
         <name>.econst:.string:_l_this_file</name>
         <load_address>0xd2cd</load_address>
         <run_address>0xd2cd</run_address>
         <size>0x8</size>
         <input_file_ref idref="fl-1c"/>
      </object_component>
      <object_component id="oc-1ea">
         <name>.econst:.string:_l_this_file</name>
         <load_address>0xd2d5</load_address>
         <run_address>0xd2d5</run_address>
         <size>0x8</size>
         <input_file_ref idref="fl-1d"/>
      </object_component>
      <object_component id="oc-1ff">
         <name>.econst:.string:_l_this_file</name>
         <load_address>0xd2dd</load_address>
         <run_address>0xd2dd</run_address>
         <size>0x8</size>
         <input_file_ref idref="fl-1e"/>
      </object_component>
      <object_component id="oc-1e7">
         <name>.econst:.string:_l_this_file</name>
         <load_address>0xd2e5</load_address>
         <run_address>0xd2e5</run_address>
         <size>0x8</size>
         <input_file_ref idref="fl-2a"/>
      </object_component>
      <object_component id="oc-1c0">
         <name>.econst:.string:_l_this_file</name>
         <load_address>0xd2ed</load_address>
         <run_address>0xd2ed</run_address>
         <size>0x8</size>
         <input_file_ref idref="fl-2e"/>
      </object_component>
      <object_component id="oc-1fd">
         <name>.econst:.string:_l_this_file</name>
         <load_address>0xd2f5</load_address>
         <run_address>0xd2f5</run_address>
         <size>0x8</size>
         <input_file_ref idref="fl-2f"/>
      </object_component>
      <object_component id="oc-1fc">
         <name>.econst:.string:_l_this_file</name>
         <load_address>0xd2fd</load_address>
         <run_address>0xd2fd</run_address>
         <size>0x8</size>
         <input_file_ref idref="fl-31"/>
      </object_component>
      <object_component id="oc-1f4">
         <name>.econst:.string:_l_this_file</name>
         <load_address>0xd305</load_address>
         <run_address>0xd305</run_address>
         <size>0x8</size>
         <input_file_ref idref="fl-32"/>
      </object_component>
      <object_component id="oc-1f1">
         <name>.econst:.string:_l_this_file</name>
         <load_address>0xd30d</load_address>
         <run_address>0xd30d</run_address>
         <size>0x7</size>
         <input_file_ref idref="fl-26"/>
      </object_component>
      <object_component id="oc-1f5">
         <name>.econst:.string:_l_this_file</name>
         <load_address>0xd314</load_address>
         <run_address>0xd314</run_address>
         <size>0x7</size>
         <input_file_ref idref="fl-29"/>
      </object_component>
      <object_component id="oc-1f0">
         <name>.econst:.string:_version$1</name>
         <load_address>0xd31b</load_address>
         <run_address>0xd31b</run_address>
         <size>0x7</size>
         <input_file_ref idref="fl-26"/>
      </object_component>
      <object_component id="oc-1ee">
         <name>.econst:.string:_l_this_file</name>
         <load_address>0xd322</load_address>
         <run_address>0xd322</run_address>
         <size>0x6</size>
         <input_file_ref idref="fl-27"/>
      </object_component>
      <object_component id="oc-1e5">
         <name>.econst:_menuEvt</name>
         <load_address>0xd328</load_address>
         <run_address>0xd328</run_address>
         <size>0x3</size>
         <input_file_ref idref="fl-f"/>
      </object_component>
      <object_component id="oc-18b">
         <name>.reset</name>
         <load_address>0x3fffc0</load_address>
         <run_address>0x3fffc0</run_address>
         <size>0x2</size>
         <input_file_ref idref="fl-3d"/>
      </object_component>
      <object_component id="oc-4d">
         <name>.adc_cal</name>
         <load_address>0x380080</load_address>
         <run_address>0x380080</run_address>
         <size>0x7</size>
         <input_file_ref idref="fl-4"/>
      </object_component>
      <object_component id="oc-95">
         <name>PieVectTableFile</name>
         <uninitialized>true</uninitialized>
         <run_address>0xd00</run_address>
         <size>0x100</size>
         <input_file_ref idref="fl-8"/>
      </object_component>
      <object_component id="oc-91">
         <name>DevEmuRegsFile</name>
         <uninitialized>true</uninitialized>
         <run_address>0x880</run_address>
         <size>0xd0</size>
         <input_file_ref idref="fl-8"/>
      </object_component>
      <object_component id="oc-67">
         <name>FlashRegsFile</name>
         <uninitialized>true</uninitialized>
         <run_address>0xa80</run_address>
         <size>0x8</size>
         <input_file_ref idref="fl-8"/>
      </object_component>
      <object_component id="oc-6f">
         <name>CsmRegsFile</name>
         <uninitialized>true</uninitialized>
         <run_address>0xae0</run_address>
         <size>0x10</size>
         <input_file_ref idref="fl-8"/>
      </object_component>
      <object_component id="oc-70">
         <name>AdcMirrorFile</name>
         <uninitialized>true</uninitialized>
         <run_address>0xb00</run_address>
         <size>0x10</size>
         <input_file_ref idref="fl-8"/>
      </object_component>
      <object_component id="oc-74">
         <name>XintfRegsFile</name>
         <uninitialized>true</uninitialized>
         <run_address>0xb20</run_address>
         <size>0x1e</size>
         <input_file_ref idref="fl-8"/>
      </object_component>
      <object_component id="oc-68">
         <name>CpuTimer0RegsFile</name>
         <uninitialized>true</uninitialized>
         <run_address>0xc00</run_address>
         <size>0x8</size>
         <input_file_ref idref="fl-8"/>
      </object_component>
      <object_component id="oc-69">
         <name>CpuTimer1RegsFile</name>
         <uninitialized>true</uninitialized>
         <run_address>0xc08</run_address>
         <size>0x8</size>
         <input_file_ref idref="fl-8"/>
      </object_component>
      <object_component id="oc-65">
         <name>CpuTimer2RegsFile</name>
         <uninitialized>true</uninitialized>
         <run_address>0xc10</run_address>
         <size>0x8</size>
         <input_file_ref idref="fl-8"/>
      </object_component>
      <object_component id="oc-72">
         <name>PieCtrlRegsFile</name>
         <uninitialized>true</uninitialized>
         <run_address>0xce0</run_address>
         <size>0x1a</size>
         <input_file_ref idref="fl-8"/>
      </object_component>
      <object_component id="oc-92">
         <name>DmaRegsFile</name>
         <uninitialized>true</uninitialized>
         <run_address>0x1000</run_address>
         <size>0xe0</size>
         <input_file_ref idref="fl-8"/>
      </object_component>
      <object_component id="oc-85">
         <name>McbspaRegsFile</name>
         <uninitialized>true</uninitialized>
         <run_address>0x5000</run_address>
         <size>0x25</size>
         <input_file_ref idref="fl-8"/>
      </object_component>
      <object_component id="oc-84">
         <name>McbspbRegsFile</name>
         <uninitialized>true</uninitialized>
         <run_address>0x5040</run_address>
         <size>0x25</size>
         <input_file_ref idref="fl-8"/>
      </object_component>
      <object_component id="oc-87">
         <name>ECanaRegsFile</name>
         <uninitialized>true</uninitialized>
         <run_address>0x6000</run_address>
         <size>0x34</size>
         <input_file_ref idref="fl-8"/>
      </object_component>
      <object_component id="oc-8b">
         <name>ECanaLAMRegsFile</name>
         <uninitialized>true</uninitialized>
         <run_address>0x6040</run_address>
         <size>0x40</size>
         <input_file_ref idref="fl-8"/>
      </object_component>
      <object_component id="oc-94">
         <name>ECanaMboxesFile</name>
         <uninitialized>true</uninitialized>
         <run_address>0x6100</run_address>
         <size>0x100</size>
         <input_file_ref idref="fl-8"/>
      </object_component>
      <object_component id="oc-8c">
         <name>ECanaMOTSRegsFile</name>
         <uninitialized>true</uninitialized>
         <run_address>0x6080</run_address>
         <size>0x40</size>
         <input_file_ref idref="fl-8"/>
      </object_component>
      <object_component id="oc-89">
         <name>ECanaMOTORegsFile</name>
         <uninitialized>true</uninitialized>
         <run_address>0x60c0</run_address>
         <size>0x40</size>
         <input_file_ref idref="fl-8"/>
      </object_component>
      <object_component id="oc-88">
         <name>ECanbRegsFile</name>
         <uninitialized>true</uninitialized>
         <run_address>0x6200</run_address>
         <size>0x34</size>
         <input_file_ref idref="fl-8"/>
      </object_component>
      <object_component id="oc-90">
         <name>ECanbLAMRegsFile</name>
         <uninitialized>true</uninitialized>
         <run_address>0x6240</run_address>
         <size>0x40</size>
         <input_file_ref idref="fl-8"/>
      </object_component>
      <object_component id="oc-93">
         <name>ECanbMboxesFile</name>
         <uninitialized>true</uninitialized>
         <run_address>0x6300</run_address>
         <size>0x100</size>
         <input_file_ref idref="fl-8"/>
      </object_component>
      <object_component id="oc-8a">
         <name>ECanbMOTSRegsFile</name>
         <uninitialized>true</uninitialized>
         <run_address>0x6280</run_address>
         <size>0x40</size>
         <input_file_ref idref="fl-8"/>
      </object_component>
      <object_component id="oc-8d">
         <name>ECanbMOTORegsFile</name>
         <uninitialized>true</uninitialized>
         <run_address>0x62c0</run_address>
         <size>0x40</size>
         <input_file_ref idref="fl-8"/>
      </object_component>
      <object_component id="oc-82">
         <name>EPwm1RegsFile</name>
         <uninitialized>true</uninitialized>
         <run_address>0x6800</run_address>
         <size>0x22</size>
         <input_file_ref idref="fl-8"/>
      </object_component>
      <object_component id="oc-7d">
         <name>EPwm2RegsFile</name>
         <uninitialized>true</uninitialized>
         <run_address>0x6840</run_address>
         <size>0x22</size>
         <input_file_ref idref="fl-8"/>
      </object_component>
      <object_component id="oc-7e">
         <name>EPwm3RegsFile</name>
         <uninitialized>true</uninitialized>
         <run_address>0x6880</run_address>
         <size>0x22</size>
         <input_file_ref idref="fl-8"/>
      </object_component>
      <object_component id="oc-83">
         <name>EPwm4RegsFile</name>
         <uninitialized>true</uninitialized>
         <run_address>0x68c0</run_address>
         <size>0x22</size>
         <input_file_ref idref="fl-8"/>
      </object_component>
      <object_component id="oc-80">
         <name>EPwm5RegsFile</name>
         <uninitialized>true</uninitialized>
         <run_address>0x6900</run_address>
         <size>0x22</size>
         <input_file_ref idref="fl-8"/>
      </object_component>
      <object_component id="oc-81">
         <name>EPwm6RegsFile</name>
         <uninitialized>true</uninitialized>
         <run_address>0x6940</run_address>
         <size>0x22</size>
         <input_file_ref idref="fl-8"/>
      </object_component>
      <object_component id="oc-77">
         <name>ECap1RegsFile</name>
         <uninitialized>true</uninitialized>
         <run_address>0x6a00</run_address>
         <size>0x20</size>
         <input_file_ref idref="fl-8"/>
      </object_component>
      <object_component id="oc-78">
         <name>ECap2RegsFile</name>
         <uninitialized>true</uninitialized>
         <run_address>0x6a20</run_address>
         <size>0x20</size>
         <input_file_ref idref="fl-8"/>
      </object_component>
      <object_component id="oc-75">
         <name>ECap3RegsFile</name>
         <uninitialized>true</uninitialized>
         <run_address>0x6a40</run_address>
         <size>0x20</size>
         <input_file_ref idref="fl-8"/>
      </object_component>
      <object_component id="oc-76">
         <name>ECap4RegsFile</name>
         <uninitialized>true</uninitialized>
         <run_address>0x6a60</run_address>
         <size>0x20</size>
         <input_file_ref idref="fl-8"/>
      </object_component>
      <object_component id="oc-7b">
         <name>ECap5RegsFile</name>
         <uninitialized>true</uninitialized>
         <run_address>0x6a80</run_address>
         <size>0x20</size>
         <input_file_ref idref="fl-8"/>
      </object_component>
      <object_component id="oc-7c">
         <name>ECap6RegsFile</name>
         <uninitialized>true</uninitialized>
         <run_address>0x6aa0</run_address>
         <size>0x20</size>
         <input_file_ref idref="fl-8"/>
      </object_component>
      <object_component id="oc-8e">
         <name>EQep1RegsFile</name>
         <uninitialized>true</uninitialized>
         <run_address>0x6b00</run_address>
         <size>0x40</size>
         <input_file_ref idref="fl-8"/>
      </object_component>
      <object_component id="oc-8f">
         <name>EQep2RegsFile</name>
         <uninitialized>true</uninitialized>
         <run_address>0x6b40</run_address>
         <size>0x40</size>
         <input_file_ref idref="fl-8"/>
      </object_component>
      <object_component id="oc-86">
         <name>GpioCtrlRegsFile</name>
         <uninitialized>true</uninitialized>
         <run_address>0x6f80</run_address>
         <size>0x2e</size>
         <input_file_ref idref="fl-8"/>
      </object_component>
      <object_component id="oc-79">
         <name>GpioDataRegsFile</name>
         <uninitialized>true</uninitialized>
         <run_address>0x6fc0</run_address>
         <size>0x20</size>
         <input_file_ref idref="fl-8"/>
      </object_component>
      <object_component id="oc-6a">
         <name>GpioIntRegsFile</name>
         <uninitialized>true</uninitialized>
         <run_address>0x6fe0</run_address>
         <size>0xa</size>
         <input_file_ref idref="fl-8"/>
      </object_component>
      <object_component id="oc-7a">
         <name>SysCtrlRegsFile</name>
         <uninitialized>true</uninitialized>
         <run_address>0x7010</run_address>
         <size>0x20</size>
         <input_file_ref idref="fl-8"/>
      </object_component>
      <object_component id="oc-6b">
         <name>SpiaRegsFile</name>
         <uninitialized>true</uninitialized>
         <run_address>0x7040</run_address>
         <size>0x10</size>
         <input_file_ref idref="fl-8"/>
      </object_component>
      <object_component id="oc-6e">
         <name>SciaRegsFile</name>
         <uninitialized>true</uninitialized>
         <run_address>0x7050</run_address>
         <size>0x10</size>
         <input_file_ref idref="fl-8"/>
      </object_component>
      <object_component id="oc-71">
         <name>XIntruptRegsFile</name>
         <uninitialized>true</uninitialized>
         <run_address>0x7070</run_address>
         <size>0x10</size>
         <input_file_ref idref="fl-8"/>
      </object_component>
      <object_component id="oc-73">
         <name>AdcRegsFile</name>
         <uninitialized>true</uninitialized>
         <run_address>0x7100</run_address>
         <size>0x1e</size>
         <input_file_ref idref="fl-8"/>
      </object_component>
      <object_component id="oc-6c">
         <name>ScibRegsFile</name>
         <uninitialized>true</uninitialized>
         <run_address>0x7750</run_address>
         <size>0x10</size>
         <input_file_ref idref="fl-8"/>
      </object_component>
      <object_component id="oc-6d">
         <name>ScicRegsFile</name>
         <uninitialized>true</uninitialized>
         <run_address>0x7770</run_address>
         <size>0x10</size>
         <input_file_ref idref="fl-8"/>
      </object_component>
      <object_component id="oc-7f">
         <name>I2caRegsFile</name>
         <uninitialized>true</uninitialized>
         <run_address>0x7900</run_address>
         <size>0x22</size>
         <input_file_ref idref="fl-8"/>
      </object_component>
      <object_component id="oc-66">
         <name>CsmPwlFile</name>
         <uninitialized>true</uninitialized>
         <run_address>0x33fff8</run_address>
         <size>0x8</size>
         <input_file_ref idref="fl-8"/>
      </object_component>
      <object_component id="oc-64">
         <name>PartIdRegsFile</name>
         <uninitialized>true</uninitialized>
         <run_address>0x380090</run_address>
         <size>0x1</size>
         <input_file_ref idref="fl-8"/>
      </object_component>
      <object_component id="oc-4e">
         <name>.debug_info</name>
         <load_address>0x0</load_address>
         <run_address>0x0</run_address>
         <size>0x181</size>
         <input_file_ref idref="fl-4"/>
      </object_component>
      <object_component id="oc-53">
         <name>.debug_info</name>
         <load_address>0x181</load_address>
         <run_address>0x181</run_address>
         <size>0x1fa</size>
         <input_file_ref idref="fl-5"/>
      </object_component>
      <object_component id="oc-57">
         <name>.debug_info</name>
         <load_address>0x37b</load_address>
         <run_address>0x37b</run_address>
         <size>0xafc</size>
         <input_file_ref idref="fl-6"/>
      </object_component>
      <object_component id="oc-5d">
         <name>.debug_info</name>
         <load_address>0xe77</load_address>
         <run_address>0xe77</run_address>
         <size>0x491b</size>
         <input_file_ref idref="fl-7"/>
      </object_component>
      <object_component id="oc-63">
         <name>.debug_info</name>
         <load_address>0x5792</load_address>
         <run_address>0x5792</run_address>
         <size>0x13470</size>
         <input_file_ref idref="fl-8"/>
      </object_component>
      <object_component id="oc-97">
         <name>.debug_info</name>
         <load_address>0x18c02</load_address>
         <run_address>0x18c02</run_address>
         <size>0xca4</size>
         <input_file_ref idref="fl-9"/>
      </object_component>
      <object_component id="oc-9c">
         <name>.debug_info</name>
         <load_address>0x198a6</load_address>
         <run_address>0x198a6</run_address>
         <size>0x23ac</size>
         <input_file_ref idref="fl-a"/>
      </object_component>
      <object_component id="oc-a1">
         <name>.debug_info</name>
         <load_address>0x1bc52</load_address>
         <run_address>0x1bc52</run_address>
         <size>0x1da2</size>
         <input_file_ref idref="fl-b"/>
      </object_component>
      <object_component id="oc-a6">
         <name>.debug_info</name>
         <load_address>0x1d9f4</load_address>
         <run_address>0x1d9f4</run_address>
         <size>0x23cd</size>
         <input_file_ref idref="fl-c"/>
      </object_component>
      <object_component id="oc-ac">
         <name>.debug_info</name>
         <load_address>0x1fdc1</load_address>
         <run_address>0x1fdc1</run_address>
         <size>0x181</size>
         <input_file_ref idref="fl-d"/>
      </object_component>
      <object_component id="oc-b0">
         <name>.debug_info</name>
         <load_address>0x1ff42</load_address>
         <run_address>0x1ff42</run_address>
         <size>0x56e5</size>
         <input_file_ref idref="fl-e"/>
      </object_component>
      <object_component id="oc-b8">
         <name>.debug_info</name>
         <load_address>0x25627</load_address>
         <run_address>0x25627</run_address>
         <size>0xd0e</size>
         <input_file_ref idref="fl-f"/>
      </object_component>
      <object_component id="oc-bf">
         <name>.debug_info</name>
         <load_address>0x26335</load_address>
         <run_address>0x26335</run_address>
         <size>0x1c45</size>
         <input_file_ref idref="fl-10"/>
      </object_component>
      <object_component id="oc-c4">
         <name>.debug_info</name>
         <load_address>0x27f7a</load_address>
         <run_address>0x27f7a</run_address>
         <size>0x25ce</size>
         <input_file_ref idref="fl-11"/>
      </object_component>
      <object_component id="oc-cb">
         <name>.debug_info</name>
         <load_address>0x2a548</load_address>
         <run_address>0x2a548</run_address>
         <size>0x44ec</size>
         <input_file_ref idref="fl-12"/>
      </object_component>
      <object_component id="oc-d4">
         <name>.debug_info</name>
         <load_address>0x2ea34</load_address>
         <run_address>0x2ea34</run_address>
         <size>0xa1e</size>
         <input_file_ref idref="fl-13"/>
      </object_component>
      <object_component id="oc-da">
         <name>.debug_info</name>
         <load_address>0x2f452</load_address>
         <run_address>0x2f452</run_address>
         <size>0x465</size>
         <input_file_ref idref="fl-14"/>
      </object_component>
      <object_component id="oc-df">
         <name>.debug_info</name>
         <load_address>0x2f8b7</load_address>
         <run_address>0x2f8b7</run_address>
         <size>0x554</size>
         <input_file_ref idref="fl-15"/>
      </object_component>
      <object_component id="oc-e4">
         <name>.debug_info</name>
         <load_address>0x2fe0b</load_address>
         <run_address>0x2fe0b</run_address>
         <size>0x554</size>
         <input_file_ref idref="fl-16"/>
      </object_component>
      <object_component id="oc-e9">
         <name>.debug_info</name>
         <load_address>0x3035f</load_address>
         <run_address>0x3035f</run_address>
         <size>0x75e</size>
         <input_file_ref idref="fl-17"/>
      </object_component>
      <object_component id="oc-ee">
         <name>.debug_info</name>
         <load_address>0x30abd</load_address>
         <run_address>0x30abd</run_address>
         <size>0x55d</size>
         <input_file_ref idref="fl-18"/>
      </object_component>
      <object_component id="oc-f3">
         <name>.debug_info</name>
         <load_address>0x3101a</load_address>
         <run_address>0x3101a</run_address>
         <size>0x6fb</size>
         <input_file_ref idref="fl-19"/>
      </object_component>
      <object_component id="oc-f8">
         <name>.debug_info</name>
         <load_address>0x31715</load_address>
         <run_address>0x31715</run_address>
         <size>0x4ca</size>
         <input_file_ref idref="fl-1a"/>
      </object_component>
      <object_component id="oc-fd">
         <name>.debug_info</name>
         <load_address>0x31bdf</load_address>
         <run_address>0x31bdf</run_address>
         <size>0x967</size>
         <input_file_ref idref="fl-1b"/>
      </object_component>
      <object_component id="oc-102">
         <name>.debug_info</name>
         <load_address>0x32546</load_address>
         <run_address>0x32546</run_address>
         <size>0x829</size>
         <input_file_ref idref="fl-1c"/>
      </object_component>
      <object_component id="oc-107">
         <name>.debug_info</name>
         <load_address>0x32d6f</load_address>
         <run_address>0x32d6f</run_address>
         <size>0x92e</size>
         <input_file_ref idref="fl-1d"/>
      </object_component>
      <object_component id="oc-10c">
         <name>.debug_info</name>
         <load_address>0x3369d</load_address>
         <run_address>0x3369d</run_address>
         <size>0x829</size>
         <input_file_ref idref="fl-1e"/>
      </object_component>
      <object_component id="oc-111">
         <name>.debug_info</name>
         <load_address>0x33ec6</load_address>
         <run_address>0x33ec6</run_address>
         <size>0x7f5</size>
         <input_file_ref idref="fl-1f"/>
      </object_component>
      <object_component id="oc-116">
         <name>.debug_info</name>
         <load_address>0x346bb</load_address>
         <run_address>0x346bb</run_address>
         <size>0x7fc</size>
         <input_file_ref idref="fl-20"/>
      </object_component>
      <object_component id="oc-11b">
         <name>.debug_info</name>
         <load_address>0x34eb7</load_address>
         <run_address>0x34eb7</run_address>
         <size>0x813</size>
         <input_file_ref idref="fl-21"/>
      </object_component>
      <object_component id="oc-120">
         <name>.debug_info</name>
         <load_address>0x356ca</load_address>
         <run_address>0x356ca</run_address>
         <size>0x6ae</size>
         <input_file_ref idref="fl-22"/>
      </object_component>
      <object_component id="oc-125">
         <name>.debug_info</name>
         <load_address>0x35d78</load_address>
         <run_address>0x35d78</run_address>
         <size>0x5ef</size>
         <input_file_ref idref="fl-23"/>
      </object_component>
      <object_component id="oc-12a">
         <name>.debug_info</name>
         <load_address>0x36367</load_address>
         <run_address>0x36367</run_address>
         <size>0x5b0</size>
         <input_file_ref idref="fl-24"/>
      </object_component>
      <object_component id="oc-12f">
         <name>.debug_info</name>
         <load_address>0x36917</load_address>
         <run_address>0x36917</run_address>
         <size>0x5c0</size>
         <input_file_ref idref="fl-25"/>
      </object_component>
      <object_component id="oc-134">
         <name>.debug_info</name>
         <load_address>0x36ed7</load_address>
         <run_address>0x36ed7</run_address>
         <size>0x917</size>
         <input_file_ref idref="fl-26"/>
      </object_component>
      <object_component id="oc-13a">
         <name>.debug_info</name>
         <load_address>0x377ee</load_address>
         <run_address>0x377ee</run_address>
         <size>0x73e</size>
         <input_file_ref idref="fl-27"/>
      </object_component>
      <object_component id="oc-13f">
         <name>.debug_info</name>
         <load_address>0x37f2c</load_address>
         <run_address>0x37f2c</run_address>
         <size>0x1dd</size>
         <input_file_ref idref="fl-28"/>
      </object_component>
      <object_component id="oc-141">
         <name>.debug_info</name>
         <load_address>0x38109</load_address>
         <run_address>0x38109</run_address>
         <size>0x719</size>
         <input_file_ref idref="fl-29"/>
      </object_component>
      <object_component id="oc-146">
         <name>.debug_info</name>
         <load_address>0x38822</load_address>
         <run_address>0x38822</run_address>
         <size>0x6d5</size>
         <input_file_ref idref="fl-2a"/>
      </object_component>
      <object_component id="oc-14c">
         <name>.debug_info</name>
         <load_address>0x38ef7</load_address>
         <run_address>0x38ef7</run_address>
         <size>0x191</size>
         <input_file_ref idref="fl-2b"/>
      </object_component>
      <object_component id="oc-14e">
         <name>.debug_info</name>
         <load_address>0x39088</load_address>
         <run_address>0x39088</run_address>
         <size>0x841</size>
         <input_file_ref idref="fl-2c"/>
      </object_component>
      <object_component id="oc-153">
         <name>.debug_info</name>
         <load_address>0x398c9</load_address>
         <run_address>0x398c9</run_address>
         <size>0x207</size>
         <input_file_ref idref="fl-2d"/>
      </object_component>
      <object_component id="oc-155">
         <name>.debug_info</name>
         <load_address>0x39ad0</load_address>
         <run_address>0x39ad0</run_address>
         <size>0x8ae</size>
         <input_file_ref idref="fl-2e"/>
      </object_component>
      <object_component id="oc-15a">
         <name>.debug_info</name>
         <load_address>0x3a37e</load_address>
         <run_address>0x3a37e</run_address>
         <size>0x7ae</size>
         <input_file_ref idref="fl-2f"/>
      </object_component>
      <object_component id="oc-15f">
         <name>.debug_info</name>
         <load_address>0x3ab2c</load_address>
         <run_address>0x3ab2c</run_address>
         <size>0x6a6</size>
         <input_file_ref idref="fl-30"/>
      </object_component>
      <object_component id="oc-164">
         <name>.debug_info</name>
         <load_address>0x3b1d2</load_address>
         <run_address>0x3b1d2</run_address>
         <size>0x677</size>
         <input_file_ref idref="fl-31"/>
      </object_component>
      <object_component id="oc-169">
         <name>.debug_info</name>
         <load_address>0x3b849</load_address>
         <run_address>0x3b849</run_address>
         <size>0x92c</size>
         <input_file_ref idref="fl-32"/>
      </object_component>
      <object_component id="oc-16f">
         <name>.debug_info</name>
         <load_address>0x3c175</load_address>
         <run_address>0x3c175</run_address>
         <size>0x7dc</size>
         <input_file_ref idref="fl-33"/>
      </object_component>
      <object_component id="oc-174">
         <name>.debug_info</name>
         <load_address>0x3c951</load_address>
         <run_address>0x3c951</run_address>
         <size>0x6fb</size>
         <input_file_ref idref="fl-34"/>
      </object_component>
      <object_component id="oc-179">
         <name>.debug_info</name>
         <load_address>0x3d04c</load_address>
         <run_address>0x3d04c</run_address>
         <size>0x6f2</size>
         <input_file_ref idref="fl-35"/>
      </object_component>
      <object_component id="oc-17e">
         <name>.debug_info</name>
         <load_address>0x3d73e</load_address>
         <run_address>0x3d73e</run_address>
         <size>0x796</size>
         <input_file_ref idref="fl-36"/>
      </object_component>
      <object_component id="oc-183">
         <name>.debug_info</name>
         <load_address>0x3ded4</load_address>
         <run_address>0x3ded4</run_address>
         <size>0xcd4</size>
         <input_file_ref idref="fl-37"/>
      </object_component>
      <object_component id="oc-18c">
         <name>.debug_info</name>
         <load_address>0x3eba8</load_address>
         <run_address>0x3eba8</run_address>
         <size>0x16c</size>
         <input_file_ref idref="fl-3d"/>
      </object_component>
      <object_component id="oc-190">
         <name>.debug_info</name>
         <load_address>0x3ed14</load_address>
         <run_address>0x3ed14</run_address>
         <size>0x4cf</size>
         <input_file_ref idref="fl-3e"/>
      </object_component>
      <object_component id="oc-195">
         <name>.debug_info</name>
         <load_address>0x3f1e3</load_address>
         <run_address>0x3f1e3</run_address>
         <size>0x3e0</size>
         <input_file_ref idref="fl-3f"/>
      </object_component>
      <object_component id="oc-19a">
         <name>.debug_info</name>
         <load_address>0x3f5c3</load_address>
         <run_address>0x3f5c3</run_address>
         <size>0x3e3</size>
         <input_file_ref idref="fl-40"/>
      </object_component>
      <object_component id="oc-19f">
         <name>.debug_info</name>
         <load_address>0x3f9a6</load_address>
         <run_address>0x3f9a6</run_address>
         <size>0x628</size>
         <input_file_ref idref="fl-41"/>
      </object_component>
      <object_component id="oc-1a5">
         <name>.debug_info</name>
         <load_address>0x3ffce</load_address>
         <run_address>0x3ffce</run_address>
         <size>0x113</size>
         <input_file_ref idref="fl-42"/>
      </object_component>
      <object_component id="oc-1a9">
         <name>.debug_info</name>
         <load_address>0x400e1</load_address>
         <run_address>0x400e1</run_address>
         <size>0x5ac</size>
         <input_file_ref idref="fl-43"/>
      </object_component>
      <object_component id="oc-1b0">
         <name>.debug_info</name>
         <load_address>0x4068d</load_address>
         <run_address>0x4068d</run_address>
         <size>0x502</size>
         <input_file_ref idref="fl-44"/>
      </object_component>
      <object_component id="oc-1b5">
         <name>.debug_info</name>
         <load_address>0x40b8f</load_address>
         <run_address>0x40b8f</run_address>
         <size>0x4d0</size>
         <input_file_ref idref="fl-45"/>
      </object_component>
      <object_component id="oc-259">
         <name>.debug_info</name>
         <load_address>0x4105f</load_address>
         <run_address>0x4105f</run_address>
         <size>0xb6</size>
      </object_component>
      <object_component id="oc-4f">
         <name>.debug_line</name>
         <load_address>0x0</load_address>
         <run_address>0x0</run_address>
         <size>0x8b</size>
         <input_file_ref idref="fl-4"/>
      </object_component>
      <object_component id="oc-54">
         <name>.debug_line</name>
         <load_address>0x8b</load_address>
         <run_address>0x8b</run_address>
         <size>0xa3</size>
         <input_file_ref idref="fl-5"/>
      </object_component>
      <object_component id="oc-5a">
         <name>.debug_line</name>
         <load_address>0x12e</load_address>
         <run_address>0x12e</run_address>
         <size>0xc6</size>
         <input_file_ref idref="fl-6"/>
      </object_component>
      <object_component id="oc-60">
         <name>.debug_line</name>
         <load_address>0x1f4</load_address>
         <run_address>0x1f4</run_address>
         <size>0x790</size>
         <input_file_ref idref="fl-7"/>
      </object_component>
      <object_component id="oc-99">
         <name>.debug_line</name>
         <load_address>0x984</load_address>
         <run_address>0x984</run_address>
         <size>0xc8</size>
         <input_file_ref idref="fl-9"/>
      </object_component>
      <object_component id="oc-9e">
         <name>.debug_line</name>
         <load_address>0xa4c</load_address>
         <run_address>0xa4c</run_address>
         <size>0xaa</size>
         <input_file_ref idref="fl-a"/>
      </object_component>
      <object_component id="oc-a3">
         <name>.debug_line</name>
         <load_address>0xaf6</load_address>
         <run_address>0xaf6</run_address>
         <size>0xba</size>
         <input_file_ref idref="fl-b"/>
      </object_component>
      <object_component id="oc-a8">
         <name>.debug_line</name>
         <load_address>0xbb0</load_address>
         <run_address>0xbb0</run_address>
         <size>0x187</size>
         <input_file_ref idref="fl-c"/>
      </object_component>
      <object_component id="oc-ad">
         <name>.debug_line</name>
         <load_address>0xd37</load_address>
         <run_address>0xd37</run_address>
         <size>0x8a</size>
         <input_file_ref idref="fl-d"/>
      </object_component>
      <object_component id="oc-b5">
         <name>.debug_line</name>
         <load_address>0xdc1</load_address>
         <run_address>0xdc1</run_address>
         <size>0xd1</size>
         <input_file_ref idref="fl-e"/>
      </object_component>
      <object_component id="oc-bc">
         <name>.debug_line</name>
         <load_address>0xe92</load_address>
         <run_address>0xe92</run_address>
         <size>0xee</size>
         <input_file_ref idref="fl-f"/>
      </object_component>
      <object_component id="oc-c1">
         <name>.debug_line</name>
         <load_address>0xf80</load_address>
         <run_address>0xf80</run_address>
         <size>0xd7</size>
         <input_file_ref idref="fl-10"/>
      </object_component>
      <object_component id="oc-c8">
         <name>.debug_line</name>
         <load_address>0x1057</load_address>
         <run_address>0x1057</run_address>
         <size>0x197</size>
         <input_file_ref idref="fl-11"/>
      </object_component>
      <object_component id="oc-d1">
         <name>.debug_line</name>
         <load_address>0x11ee</load_address>
         <run_address>0x11ee</run_address>
         <size>0x345</size>
         <input_file_ref idref="fl-12"/>
      </object_component>
      <object_component id="oc-d7">
         <name>.debug_line</name>
         <load_address>0x1533</load_address>
         <run_address>0x1533</run_address>
         <size>0x89</size>
         <input_file_ref idref="fl-13"/>
      </object_component>
      <object_component id="oc-dc">
         <name>.debug_line</name>
         <load_address>0x15bc</load_address>
         <run_address>0x15bc</run_address>
         <size>0x30</size>
         <input_file_ref idref="fl-14"/>
      </object_component>
      <object_component id="oc-e1">
         <name>.debug_line</name>
         <load_address>0x15ec</load_address>
         <run_address>0x15ec</run_address>
         <size>0x35</size>
         <input_file_ref idref="fl-15"/>
      </object_component>
      <object_component id="oc-e6">
         <name>.debug_line</name>
         <load_address>0x1621</load_address>
         <run_address>0x1621</run_address>
         <size>0x35</size>
         <input_file_ref idref="fl-16"/>
      </object_component>
      <object_component id="oc-eb">
         <name>.debug_line</name>
         <load_address>0x1656</load_address>
         <run_address>0x1656</run_address>
         <size>0x154</size>
         <input_file_ref idref="fl-17"/>
      </object_component>
      <object_component id="oc-f0">
         <name>.debug_line</name>
         <load_address>0x17aa</load_address>
         <run_address>0x17aa</run_address>
         <size>0x34</size>
         <input_file_ref idref="fl-18"/>
      </object_component>
      <object_component id="oc-f5">
         <name>.debug_line</name>
         <load_address>0x17de</load_address>
         <run_address>0x17de</run_address>
         <size>0x78</size>
         <input_file_ref idref="fl-19"/>
      </object_component>
      <object_component id="oc-fa">
         <name>.debug_line</name>
         <load_address>0x1856</load_address>
         <run_address>0x1856</run_address>
         <size>0x4d</size>
         <input_file_ref idref="fl-1a"/>
      </object_component>
      <object_component id="oc-ff">
         <name>.debug_line</name>
         <load_address>0x18a3</load_address>
         <run_address>0x18a3</run_address>
         <size>0x7e</size>
         <input_file_ref idref="fl-1b"/>
      </object_component>
      <object_component id="oc-104">
         <name>.debug_line</name>
         <load_address>0x1921</load_address>
         <run_address>0x1921</run_address>
         <size>0x6d</size>
         <input_file_ref idref="fl-1c"/>
      </object_component>
      <object_component id="oc-109">
         <name>.debug_line</name>
         <load_address>0x198e</load_address>
         <run_address>0x198e</run_address>
         <size>0x7e</size>
         <input_file_ref idref="fl-1d"/>
      </object_component>
      <object_component id="oc-10e">
         <name>.debug_line</name>
         <load_address>0x1a0c</load_address>
         <run_address>0x1a0c</run_address>
         <size>0x6e</size>
         <input_file_ref idref="fl-1e"/>
      </object_component>
      <object_component id="oc-113">
         <name>.debug_line</name>
         <load_address>0x1a7a</load_address>
         <run_address>0x1a7a</run_address>
         <size>0x32</size>
         <input_file_ref idref="fl-1f"/>
      </object_component>
      <object_component id="oc-118">
         <name>.debug_line</name>
         <load_address>0x1aac</load_address>
         <run_address>0x1aac</run_address>
         <size>0x33</size>
         <input_file_ref idref="fl-20"/>
      </object_component>
      <object_component id="oc-11d">
         <name>.debug_line</name>
         <load_address>0x1adf</load_address>
         <run_address>0x1adf</run_address>
         <size>0x34</size>
         <input_file_ref idref="fl-21"/>
      </object_component>
      <object_component id="oc-122">
         <name>.debug_line</name>
         <load_address>0x1b13</load_address>
         <run_address>0x1b13</run_address>
         <size>0x6d</size>
         <input_file_ref idref="fl-22"/>
      </object_component>
      <object_component id="oc-127">
         <name>.debug_line</name>
         <load_address>0x1b80</load_address>
         <run_address>0x1b80</run_address>
         <size>0x68</size>
         <input_file_ref idref="fl-23"/>
      </object_component>
      <object_component id="oc-12c">
         <name>.debug_line</name>
         <load_address>0x1be8</load_address>
         <run_address>0x1be8</run_address>
         <size>0x50</size>
         <input_file_ref idref="fl-24"/>
      </object_component>
      <object_component id="oc-131">
         <name>.debug_line</name>
         <load_address>0x1c38</load_address>
         <run_address>0x1c38</run_address>
         <size>0x34</size>
         <input_file_ref idref="fl-25"/>
      </object_component>
      <object_component id="oc-137">
         <name>.debug_line</name>
         <load_address>0x1c6c</load_address>
         <run_address>0x1c6c</run_address>
         <size>0x8a</size>
         <input_file_ref idref="fl-26"/>
      </object_component>
      <object_component id="oc-13c">
         <name>.debug_line</name>
         <load_address>0x1cf6</load_address>
         <run_address>0x1cf6</run_address>
         <size>0x5e</size>
         <input_file_ref idref="fl-27"/>
      </object_component>
      <object_component id="oc-143">
         <name>.debug_line</name>
         <load_address>0x1d54</load_address>
         <run_address>0x1d54</run_address>
         <size>0x5d</size>
         <input_file_ref idref="fl-29"/>
      </object_component>
      <object_component id="oc-149">
         <name>.debug_line</name>
         <load_address>0x1db1</load_address>
         <run_address>0x1db1</run_address>
         <size>0x4e</size>
         <input_file_ref idref="fl-2a"/>
      </object_component>
      <object_component id="oc-150">
         <name>.debug_line</name>
         <load_address>0x1dff</load_address>
         <run_address>0x1dff</run_address>
         <size>0x34</size>
         <input_file_ref idref="fl-2c"/>
      </object_component>
      <object_component id="oc-157">
         <name>.debug_line</name>
         <load_address>0x1e33</load_address>
         <run_address>0x1e33</run_address>
         <size>0xc1</size>
         <input_file_ref idref="fl-2e"/>
      </object_component>
      <object_component id="oc-15c">
         <name>.debug_line</name>
         <load_address>0x1ef4</load_address>
         <run_address>0x1ef4</run_address>
         <size>0x78</size>
         <input_file_ref idref="fl-2f"/>
      </object_component>
      <object_component id="oc-161">
         <name>.debug_line</name>
         <load_address>0x1f6c</load_address>
         <run_address>0x1f6c</run_address>
         <size>0x6f</size>
         <input_file_ref idref="fl-30"/>
      </object_component>
      <object_component id="oc-166">
         <name>.debug_line</name>
         <load_address>0x1fdb</load_address>
         <run_address>0x1fdb</run_address>
         <size>0x52</size>
         <input_file_ref idref="fl-31"/>
      </object_component>
      <object_component id="oc-16c">
         <name>.debug_line</name>
         <load_address>0x202d</load_address>
         <run_address>0x202d</run_address>
         <size>0x71</size>
         <input_file_ref idref="fl-32"/>
      </object_component>
      <object_component id="oc-171">
         <name>.debug_line</name>
         <load_address>0x209e</load_address>
         <run_address>0x209e</run_address>
         <size>0x53</size>
         <input_file_ref idref="fl-33"/>
      </object_component>
      <object_component id="oc-176">
         <name>.debug_line</name>
         <load_address>0x20f1</load_address>
         <run_address>0x20f1</run_address>
         <size>0x33</size>
         <input_file_ref idref="fl-34"/>
      </object_component>
      <object_component id="oc-17b">
         <name>.debug_line</name>
         <load_address>0x2124</load_address>
         <run_address>0x2124</run_address>
         <size>0x34</size>
         <input_file_ref idref="fl-35"/>
      </object_component>
      <object_component id="oc-180">
         <name>.debug_line</name>
         <load_address>0x2158</load_address>
         <run_address>0x2158</run_address>
         <size>0x34</size>
         <input_file_ref idref="fl-36"/>
      </object_component>
      <object_component id="oc-186">
         <name>.debug_line</name>
         <load_address>0x218c</load_address>
         <run_address>0x218c</run_address>
         <size>0xc3</size>
         <input_file_ref idref="fl-37"/>
      </object_component>
      <object_component id="oc-18d">
         <name>.debug_line</name>
         <load_address>0x224f</load_address>
         <run_address>0x224f</run_address>
         <size>0x7e</size>
         <input_file_ref idref="fl-3d"/>
      </object_component>
      <object_component id="oc-192">
         <name>.debug_line</name>
         <load_address>0x22cd</load_address>
         <run_address>0x22cd</run_address>
         <size>0x55</size>
         <input_file_ref idref="fl-3e"/>
      </object_component>
      <object_component id="oc-197">
         <name>.debug_line</name>
         <load_address>0x2322</load_address>
         <run_address>0x2322</run_address>
         <size>0x3a</size>
         <input_file_ref idref="fl-3f"/>
      </object_component>
      <object_component id="oc-19c">
         <name>.debug_line</name>
         <load_address>0x235c</load_address>
         <run_address>0x235c</run_address>
         <size>0x3e</size>
         <input_file_ref idref="fl-40"/>
      </object_component>
      <object_component id="oc-1a1">
         <name>.debug_line</name>
         <load_address>0x239a</load_address>
         <run_address>0x239a</run_address>
         <size>0x6a</size>
         <input_file_ref idref="fl-41"/>
      </object_component>
      <object_component id="oc-1a6">
         <name>.debug_line</name>
         <load_address>0x2404</load_address>
         <run_address>0x2404</run_address>
         <size>0x50</size>
         <input_file_ref idref="fl-42"/>
      </object_component>
      <object_component id="oc-1ad">
         <name>.debug_line</name>
         <load_address>0x2454</load_address>
         <run_address>0x2454</run_address>
         <size>0x65</size>
         <input_file_ref idref="fl-43"/>
      </object_component>
      <object_component id="oc-1b2">
         <name>.debug_line</name>
         <load_address>0x24b9</load_address>
         <run_address>0x24b9</run_address>
         <size>0x5e</size>
         <input_file_ref idref="fl-44"/>
      </object_component>
      <object_component id="oc-1b7">
         <name>.debug_line</name>
         <load_address>0x2517</load_address>
         <run_address>0x2517</run_address>
         <size>0xa7</size>
         <input_file_ref idref="fl-45"/>
      </object_component>
      <object_component id="oc-50">
         <name>.debug_abbrev</name>
         <load_address>0x0</load_address>
         <run_address>0x0</run_address>
         <size>0x2f</size>
         <input_file_ref idref="fl-4"/>
[...]
         <name>_ConsoleText</name>
         <value>0xc280</value>
         <object_component_ref idref="oc-b2"/>
      </symbol>
      <symbol id="sm-29f">
         <name>_strl</name>
         <value>0xc200</value>
         <object_component_ref idref="oc-b2"/>
      </symbol>
      <symbol id="sm-2a0">
         <name>_ConsoleRecData</name>
         <value>0xc25e</value>
         <object_component_ref idref="oc-b2"/>
      </symbol>
      <symbol id="sm-2a1">
         <name>_TxDoneEvent</name>
         <value>0xc204</value>
         <object_component_ref idref="oc-b2"/>
      </symbol>
      <symbol id="sm-2c8">
         <name>_txEvent</name>
         <value>0xc302</value>
         <object_component_ref idref="oc-ba"/>
      </symbol>
      <symbol id="sm-2c9">
         <name>_AO_Blinky</name>
         <value>0xc300</value>
         <object_component_ref idref="oc-ba"/>
      </symbol>
      <symbol id="sm-2ca">
         <name>_menuEvt</name>
         <value>0xd328</value>
         <object_component_ref idref="oc-1e5"/>
      </symbol>
      <symbol id="sm-2cb">
         <name>_BlinkyCtor</name>
         <value>0x9989</value>
         <object_component_ref idref="oc-1d1"/>
      </symbol>
      <symbol id="sm-2cc">
         <name>_TextMsg2Send2</name>
         <value>0xc360</value>
         <object_component_ref idref="oc-ba"/>
      </symbol>
      <symbol id="sm-2cd">
         <name>_TextMsg2Send1</name>
         <value>0xc340</value>
         <object_component_ref idref="oc-ba"/>
      </symbol>
      <symbol id="sm-2dd">
         <name>_BSP_Led_On</name>
         <value>0xa2ff</value>
         <object_component_ref idref="oc-1c1"/>
      </symbol>
      <symbol id="sm-2de">
         <name>_QF_onCleanup</name>
         <value>0xa316</value>
         <object_component_ref idref="oc-1c1"/>
      </symbol>
      <symbol id="sm-2df">
         <name>_QF_onStartup</name>
         <value>0xa309</value>
         <object_component_ref idref="oc-1c1"/>
      </symbol>
      <symbol id="sm-2e0">
         <name>_QF_onIdle</name>
         <value>0x80be</value>
         <object_component_ref idref="oc-1dc"/>
      </symbol>
      <symbol id="sm-2e1">
         <name>_BSP_init</name>
         <value>0xa2f9</value>
         <object_component_ref idref="oc-1c1"/>
      </symbol>
      <symbol id="sm-2e2">
         <name>_BSP_Led_Off</name>
         <value>0xa2fa</value>
         <object_component_ref idref="oc-1c1"/>
      </symbol>
      <symbol id="sm-2e3">
         <name>_Q_onAssert</name>
         <value>0xa304</value>
         <object_component_ref idref="oc-1c1"/>
      </symbol>
      <symbol id="sm-32e">
         <name>_TextMenu_3</name>
         <value>0xc096</value>
         <object_component_ref idref="oc-c6"/>
      </symbol>
      <symbol id="sm-32f">
         <name>_TextMenu_2</name>
         <value>0xc040</value>
         <object_component_ref idref="oc-c6"/>
      </symbol>
      <symbol id="sm-330">
         <name>_TextMenu_1</name>
         <value>0xc056</value>
         <object_component_ref idref="oc-c6"/>
      </symbol>
      <symbol id="sm-331">
         <name>_TextMenu_5</name>
         <value>0xc0c0</value>
         <object_component_ref idref="oc-c6"/>
      </symbol>
      <symbol id="sm-332">
         <name>_TextMenu_4</name>
         <value>0xc080</value>
         <object_component_ref idref="oc-c6"/>
      </symbol>
      <symbol id="sm-333">
         <name>_menuPtr</name>
         <value>0xc004</value>
         <object_component_ref idref="oc-c6"/>
      </symbol>
      <symbol id="sm-334">
         <name>_menuItem</name>
         <value>0xc006</value>
         <object_component_ref idref="oc-c6"/>
      </symbol>
      <symbol id="sm-335">
         <name>_InfoText_1</name>
         <value>0xc01c</value>
         <object_component_ref idref="oc-c6"/>
      </symbol>
      <symbol id="sm-336">
         <name>_AO_ConsoleTx</name>
         <value>0xc002</value>
         <object_component_ref idref="oc-c6"/>
      </symbol>
      <symbol id="sm-337">
         <name>_AO_ConsoleRx</name>
         <value>0xc000</value>
         <object_component_ref idref="oc-c6"/>
      </symbol>
      <symbol id="sm-338">
         <name>_ConsoleTxCtor</name>
         <value>0x95c6</value>
         <object_component_ref idref="oc-1d2"/>
      </symbol>
      <symbol id="sm-339">
         <name>_MenuMsgItem_1</name>
         <value>0xc014</value>
         <object_component_ref idref="oc-c6"/>
      </symbol>
      <symbol id="sm-33a">
         <name>_MenuMsgItem_2</name>
         <value>0xc018</value>
         <object_component_ref idref="oc-c6"/>
      </symbol>
      <symbol id="sm-33b">
         <name>_MenuMsgItem_3</name>
         <value>0xc010</value>
         <object_component_ref idref="oc-c6"/>
      </symbol>
      <symbol id="sm-33c">
         <name>_MenuMsgItem_4</name>
         <value>0xc008</value>
         <object_component_ref idref="oc-c6"/>
      </symbol>
      <symbol id="sm-33d">
         <name>_MenuMsgItem_5</name>
         <value>0xc00c</value>
         <object_component_ref idref="oc-c6"/>
      </symbol>
      <symbol id="sm-384">
         <name>_Console_TransferWriteNonBlocking</name>
         <value>0x954c</value>
         <object_component_ref idref="oc-1cd"/>
      </symbol>
      <symbol id="sm-385">
         <name>_Console_TransferReadNonBlocking</name>
         <value>0x957a</value>
         <object_component_ref idref="oc-1cd"/>
      </symbol>
      <symbol id="sm-386">
         <name>_Console_Rx_Handle</name>
         <value>0xc3a4</value>
         <object_component_ref idref="oc-cd"/>
      </symbol>
      <symbol id="sm-387">
         <name>_Console_ReadBlocking</name>
         <value>0x94fb</value>
         <object_component_ref idref="oc-1cd"/>
      </symbol>
      <symbol id="sm-388">
         <name>_Console_FlagsPtr</name>
         <value>0xc386</value>
         <object_component_ref idref="oc-cd"/>
      </symbol>
      <symbol id="sm-389">
         <name>_Console_Flags</name>
         <value>0xc380</value>
         <object_component_ref idref="oc-cd"/>
      </symbol>
      <symbol id="sm-38a">
         <name>_Console_ConfigPtr</name>
         <value>0xc382</value>
         <object_component_ref idref="oc-cd"/>
      </symbol>
      <symbol id="sm-38b">
         <name>_Console_GetStatusFlags</name>
         <value>0x94bf</value>
         <object_component_ref idref="oc-1cd"/>
      </symbol>
      <symbol id="sm-38c">
         <name>_Console_TxCreateHandle</name>
         <value>0x9502</value>
         <object_component_ref idref="oc-1cd"/>
      </symbol>
      <symbol id="sm-38d">
         <name>_Console_Init</name>
         <value>0x9316</value>
         <object_component_ref idref="oc-1cd"/>
      </symbol>
      <symbol id="sm-38e">
         <name>_Console_RxCreateHandle</name>
         <value>0x9521</value>
         <object_component_ref idref="oc-1cd"/>
      </symbol>
      <symbol id="sm-38f">
         <name>_ConsoleReceivingISR</name>
         <value>0x9af3</value>
         <object_component_ref idref="oc-cf"/>
      </symbol>
      <symbol id="sm-390">
         <name>_Console_Tx_Handle</name>
         <value>0xc396</value>
         <object_component_ref idref="oc-cd"/>
      </symbol>
      <symbol id="sm-391">
         <name>_Console_WriteBlocking</name>
         <value>0x9470</value>
         <object_component_ref idref="oc-1cd"/>
      </symbol>
      <symbol id="sm-392">
         <name>_ConsoleSendingISR</name>
         <value>0x8000</value>
         <object_component_ref idref="oc-ce"/>
      </symbol>
      <symbol id="sm-393">
         <name>_Console_AbortSending</name>
         <value>0x95c1</value>
         <object_component_ref idref="oc-1cd"/>
      </symbol>
      <symbol id="sm-394">
         <name>_ConsoleRxTimeoutISR</name>
         <value>0x8063</value>
         <object_component_ref idref="oc-ce"/>
      </symbol>
      <symbol id="sm-395">
         <name>_Console_TransferGetSentCount</name>
         <value>0x95bb</value>
         <object_component_ref idref="oc-1cd"/>
      </symbol>
      <symbol id="sm-396">
         <name>_Console_ReadChar</name>
         <value>0x94c4</value>
         <object_component_ref idref="oc-1cd"/>
      </symbol>
      <symbol id="sm-397">
         <name>_Console_Tx_HandlePtr</name>
         <value>0xc388</value>
         <object_component_ref idref="oc-cd"/>
      </symbol>
      <symbol id="sm-398">
         <name>_Console_GetDefaultConfig</name>
         <value>0x941d</value>
         <object_component_ref idref="oc-1cd"/>
      </symbol>
      <symbol id="sm-399">
         <name>_Console_WriteChar</name>
         <value>0x9432</value>
         <object_component_ref idref="oc-1cd"/>
      </symbol>
      <symbol id="sm-39a">
         <name>_ReceivingDone</name>
         <value>0xc381</value>
         <object_component_ref idref="oc-cd"/>
      </symbol>
      <symbol id="sm-39b">
         <name>_Console_Config</name>
         <value>0xc38a</value>
         <object_component_ref idref="oc-cd"/>
      </symbol>
      <symbol id="sm-39c">
         <name>_Console_Rx_HandlePtr</name>
         <value>0xc384</value>
         <object_component_ref idref="oc-cd"/>
      </symbol>
      <symbol id="sm-3ad">
         <name>_QF_zero</name>
         <value>0xa189</value>
         <object_component_ref idref="oc-1d0"/>
      </symbol>
      <symbol id="sm-3ae">
         <name>_QF_maxSignal_</name>
         <value>0xc2fc</value>
         <object_component_ref idref="oc-d5"/>
      </symbol>
      <symbol id="sm-3af">
         <name>_QF_subscrList_</name>
         <value>0xc2fe</value>
         <object_component_ref idref="oc-d5"/>
      </symbol>
      <symbol id="sm-3b0">
         <name>_QF_psInit</name>
         <value>0xa19c</value>
         <object_component_ref idref="oc-1d0"/>
      </symbol>
      <symbol id="sm-3b1">
         <name>_bzero</name>
         <value>0xa176</value>
         <object_component_ref idref="oc-1d0"/>
      </symbol>
      <symbol id="sm-3be">
         <name>_QEP_reservedEvt_</name>
         <value>0xd282</value>
         <object_component_ref idref="oc-1ed"/>
      </symbol>
      <symbol id="sm-405">
         <name>_QHsm_dispatch</name>
         <value>0x9737</value>
         <object_component_ref idref="oc-1da"/>
      </symbol>
      <symbol id="sm-427">
         <name>_QHsm_init</name>
         <value>0x9cd9</value>
         <object_component_ref idref="oc-1e0"/>
      </symbol>
      <symbol id="sm-434">
         <name>_QHsm_top</name>
         <value>0xa37e</value>
         <object_component_ref idref="oc-1e1"/>
      </symbol>
      <symbol id="sm-448">
         <name>_QActive_defer</name>
         <value>0xa1aa</value>
         <object_component_ref idref="oc-1e6"/>
      </symbol>
      <symbol id="sm-449">
         <name>_QActive_recall</name>
         <value>0xa1b3</value>
         <object_component_ref idref="oc-1e6"/>
      </symbol>
      <symbol id="sm-45f">
         <name>_QActive_postFIFO</name>
         <value>0x9e05</value>
         <object_component_ref idref="oc-1c2"/>
      </symbol>
      <symbol id="sm-475">
         <name>_QF_getQueueMargin</name>
         <value>0x9bc6</value>
         <object_component_ref idref="oc-1d9"/>
      </symbol>
      <symbol id="sm-476">
         <name>_QActive_get_</name>
         <value>0x9b75</value>
         <object_component_ref idref="oc-1d9"/>
      </symbol>
      <symbol id="sm-48c">
         <name>_QActive_postLIFO</name>
         <value>0x9d40</value>
         <object_component_ref idref="oc-1f9"/>
      </symbol>
      <symbol id="sm-4c0">
         <name>_QEQueue_postFIFO</name>
         <value>0xa08e</value>
         <object_component_ref idref="oc-1f7"/>
      </symbol>
      <symbol id="sm-4d1">
         <name>_QEQueue_get</name>
         <value>0xa23a</value>
         <object_component_ref idref="oc-1f8"/>
      </symbol>
      <symbol id="sm-4df">
         <name>_QEQueue_init</name>
         <value>0xa317</value>
         <object_component_ref idref="oc-1de"/>
      </symbol>
      <symbol id="sm-504">
         <name>_QF_intLockNest_</name>
         <value>0xc3d8</value>
         <object_component_ref idref="oc-135"/>
      </symbol>
      <symbol id="sm-505">
         <name>_QF_getVersion</name>
         <value>0x9e62</value>
         <object_component_ref idref="oc-1df"/>
      </symbol>
      <symbol id="sm-506">
         <name>_QF_add_</name>
         <value>0x9e65</value>
         <object_component_ref idref="oc-1df"/>
      </symbol>
      <symbol id="sm-507">
         <name>_QF_remove_</name>
         <value>0x9e90</value>
         <object_component_ref idref="oc-1df"/>
      </symbol>
      <symbol id="sm-508">
         <name>_QF_active_</name>
         <value>0xc3da</value>
         <object_component_ref idref="oc-135"/>
      </symbol>
      <symbol id="sm-51e">
         <name>_QF_gc</name>
         <value>0xa20b</value>
         <object_component_ref idref="oc-1db"/>
      </symbol>
      <symbol id="sm-527">
         <name>_QF_log2Lkup</name>
         <value>0xd000</value>
         <object_component_ref idref="oc-1d8"/>
      </symbol>
      <symbol id="sm-53b">
         <name>_QF_new_</name>
         <value>0xa10b</value>
         <object_component_ref idref="oc-1e4"/>
      </symbol>
      <symbol id="sm-54f">
         <name>_QF_pool_</name>
         <value>0xc1e2</value>
         <object_component_ref idref="oc-147"/>
      </symbol>
      <symbol id="sm-550">
         <name>_QF_poolInit</name>
         <value>0xa141</value>
         <object_component_ref idref="oc-1d3"/>
      </symbol>
      <symbol id="sm-551">
         <name>_QF_maxPool_</name>
         <value>0xc1e0</value>
         <object_component_ref idref="oc-147"/>
      </symbol>
      <symbol id="sm-56a">
         <name>_QF_invPwr2Lkup</name>
         <value>0xd200</value>
         <object_component_ref idref="oc-1eb"/>
      </symbol>
      <symbol id="sm-56b">
         <name>_QF_pwr2Lkup</name>
         <value>0xd241</value>
         <object_component_ref idref="oc-1c6"/>
      </symbol>
      <symbol id="sm-589">
         <name>_QF_tick</name>
         <value>0x9bee</value>
         <object_component_ref idref="oc-1ba"/>
      </symbol>
      <symbol id="sm-59d">
         <name>_QMPool_get</name>
         <value>0x9ebc</value>
         <object_component_ref idref="oc-1f6"/>
      </symbol>
      <symbol id="sm-59e">
         <name>_QF_getPoolMargin</name>
         <value>0x9ef2</value>
         <object_component_ref idref="oc-1f6"/>
      </symbol>
      <symbol id="sm-5b6">
         <name>_QMPool_init</name>
         <value>0x9da3</value>
         <object_component_ref idref="oc-1e8"/>
      </symbol>
      <symbol id="sm-5ca">
         <name>_QMPool_put</name>
         <value>0xa1db</value>
         <object_component_ref idref="oc-1ef"/>
      </symbol>
      <symbol id="sm-5e1">
         <name>_QF_noTimeEvtsActive</name>
         <value>0x9ff6</value>
         <object_component_ref idref="oc-1e3"/>
      </symbol>
      <symbol id="sm-5e2">
         <name>_QTimeEvt_arm_</name>
         <value>0x9fc3</value>
         <object_component_ref idref="oc-1e3"/>
      </symbol>
      <symbol id="sm-5e3">
         <name>_QF_timeEvtListHead_</name>
         <value>0xc3e8</value>
         <object_component_ref idref="oc-16a"/>
      </symbol>
      <symbol id="sm-5f4">
         <name>_QTimeEvt_ctor</name>
         <value>0xa2d9</value>
         <object_component_ref idref="oc-1e2"/>
      </symbol>
      <symbol id="sm-628">
         <name>_QF_run</name>
         <value>0x9f19</value>
         <object_component_ref idref="oc-1cf"/>
      </symbol>
      <symbol id="sm-629">
         <name>_QActive_start</name>
         <value>0x9f43</value>
         <object_component_ref idref="oc-1cf"/>
      </symbol>
      <symbol id="sm-62a">
         <name>_QActive_stop</name>
         <value>0x9f67</value>
         <object_component_ref idref="oc-1cf"/>
      </symbol>
      <symbol id="sm-62b">
         <name>_QF_readySet_</name>
         <value>0xc3ea</value>
         <object_component_ref idref="oc-184"/>
      </symbol>
      <symbol id="sm-62c">
         <name>_QF_init</name>
         <value>0x9f15</value>
         <object_component_ref idref="oc-1cf"/>
      </symbol>
      <symbol id="sm-62d">
         <name>_QF_stop</name>
         <value>0x9f16</value>
         <object_component_ref idref="oc-1cf"/>
      </symbol>
      <symbol id="sm-64a">
         <name>_c_int00</name>
         <value>0x9f6d</value>
         <object_component_ref idref="oc-189"/>
      </symbol>
      <symbol id="sm-64b">
         <name>__stack</name>
         <value>0x400</value>
         <object_component_ref idref="oc-18a"/>
      </symbol>
      <symbol id="sm-65b">
         <name>__args_main</name>
         <value>0xa34c</value>
         <object_component_ref idref="oc-1be"/>
      </symbol>
      <symbol id="sm-668">
         <name>__system_post_cinit</name>
         <value>0xa384</value>
         <object_component_ref idref="oc-1bd"/>
      </symbol>
      <symbol id="sm-675">
         <name>__system_pre_init</name>
         <value>0x9ffe</value>
         <object_component_ref idref="oc-1bb"/>
      </symbol>
      <symbol id="sm-68b">
         <name>_copy_in</name>
         <value>0xa048</value>
         <object_component_ref idref="oc-1bc"/>
      </symbol>
      <symbol id="sm-69a">
         <name>_ppcopy</name>
         <value>0xa332</value>
         <object_component_ref idref="oc-1a4"/>
      </symbol>
      <symbol id="sm-69b">
         <name>_dpcopy</name>
         <value>0xa332</value>
         <object_component_ref idref="oc-1a4"/>
      </symbol>
      <symbol id="sm-69c">
         <name>_pdcopy</name>
         <value>0xa332</value>
         <object_component_ref idref="oc-1a4"/>
      </symbol>
      <symbol id="sm-69d">
         <name>_ddcopy</name>
         <value>0xa332</value>
         <object_component_ref idref="oc-1a4"/>
      </symbol>
      <symbol id="sm-6b2">
         <name>C$$EXIT</name>
         <value>0xa268</value>
         <object_component_ref idref="oc-1bf"/>
      </symbol>
      <symbol id="sm-6b3">
         <name>_exit</name>
         <value>0xa26a</value>
         <object_component_ref idref="oc-1bf"/>
      </symbol>
      <symbol id="sm-6b4">
         <name>___TI_cleanup_ptr</name>
         <value>0xc3b8</value>
         <object_component_ref idref="oc-1ab"/>
      </symbol>
      <symbol id="sm-6b5">
         <name>___TI_enable_exit_profile_output</name>
         <value>0xc3b6</value>
         <object_component_ref idref="oc-1ab"/>
      </symbol>
      <symbol id="sm-6b6">
         <name>_abort</name>
         <value>0xa268</value>
         <object_component_ref idref="oc-1bf"/>
      </symbol>
      <symbol id="sm-6b7">
         <name>___TI_dtors_ptr</name>
         <value>0xc3ba</value>
         <object_component_ref idref="oc-1ab"/>
      </symbol>
      <symbol id="sm-6cc">
         <name>__unlock</name>
         <value>0xc3be</value>
         <object_component_ref idref="oc-1e9"/>
      </symbol>
      <symbol id="sm-6cd">
         <name>__lock</name>
         <value>0xc3bc</value>
         <object_component_ref idref="oc-1c4"/>
      </symbol>
      <symbol id="sm-6ce">
         <name>__register_lock</name>
         <value>0xa369</value>
         <object_component_ref idref="oc-1d4"/>
      </symbol>
      <symbol id="sm-6cf">
         <name>__nop</name>
         <value>0xa36d</value>
         <object_component_ref idref="oc-1d4"/>
      </symbol>
      <symbol id="sm-6d0">
         <name>__register_unlock</name>
         <value>0xa365</value>
         <object_component_ref idref="oc-1d4"/>
      </symbol>
      <symbol id="sm-6de">
         <name>_strlen</name>
         <value>0xa376</value>
         <object_component_ref idref="oc-1cc"/>
      </symbol>
   </symbol_table>
   <title>Link successful</title>
</link_info>
