******************************************************************************
             TMS320C2000 Linker PC v15.12.3                    
******************************************************************************
>> Linked Fri Sep 22 10:32:30 2017

OUTPUT FILE NAME:   <Example_2833xLEDBlink.out>
ENTRY POINT SYMBOL: "code_start"  address: 00000000


MEMORY CONFIGURATION

         name            origin    length      used     unused   attr    fill
----------------------  --------  ---------  --------  --------  ----  --------
PAGE 0:
  BEGIN                 00000000   00000002  00000002  00000000  RWIX
  RAMM0                 00000050   000003b0  00000000  000003b0  RWIX
  RAML0                 00008000   00001000  000000c2  00000f3e  RWIX
  RAML1                 00009000   00001000  00001000  00000000  RWIX
  RAML2                 0000a000   00001000  00000103  00000efd  RWIX
  RAML3                 0000b000   00001000  00000000  00001000  RWIX
  ZONE7A                00200000   0000fc00  00000000  0000fc00  RWIX
  CSM_RSVD              0033ff80   00000076  00000000  00000076  RWIX
  CSM_PWL               0033fff8   00000008  00000000  00000008  RWIX
  ADC_CAL               00380080   00000009  00000007  00000002  RWIX
  IQTABLES              003fe000   00000b50  00000000  00000b50  RWIX
  IQTABLES2             003feb50   0000008c  00000000  0000008c  RWIX
  FPUTABLES             003febdc   000006a0  00000000  000006a0  RWIX
  BOOTROM               003ff27c   00000d44  00000000  00000d44  RWIX
  RESET                 003fffc0   00000002  00000000  00000002  RWIX

PAGE 1:
  BOOT_RSVD             00000002   0000004e  00000000  0000004e  RWIX
  RAMM1                 00000400   00000400  00000200  00000200  RWIX
  DEV_EMU               00000880   00000180  000000d0  000000b0  RWIX
  FLASH_REGS            00000a80   00000060  00000008  00000058  RWIX
  CSM                   00000ae0   00000010  00000010  00000000  RWIX
  ADC_MIRROR            00000b00   00000010  00000010  00000000  RWIX
  XINTF                 00000b20   00000020  0000001e  00000002  RWIX
  CPU_TIMER0            00000c00   00000008  00000008  00000000  RWIX
  CPU_TIMER1            00000c08   00000008  00000008  00000000  RWIX
  CPU_TIMER2            00000c10   00000008  00000008  00000000  RWIX
  PIE_CTRL              00000ce0   00000020  0000001a  00000006  RWIX
  PIE_VECT              00000d00   00000100  00000100  00000000  RWIX
  DMA                   00001000   00000200  000000e0  00000120  RWIX
  MCBSPA                00005000   00000040  00000025  0000001b  RWIX
  MCBSPB                00005040   00000040  00000025  0000001b  RWIX
  ECANA                 00006000   00000040  00000034  0000000c  RWIX
  ECANA_LAM             00006040   00000040  00000040  00000000  RWIX
  ECANA_MOTS            00006080   00000040  00000040  00000000  RWIX
  ECANA_MOTO            000060c0   00000040  00000040  00000000  RWIX
  ECANA_MBOX            00006100   00000100  00000100  00000000  RWIX
  ECANB                 00006200   00000040  00000034  0000000c  RWIX
  ECANB_LAM             00006240   00000040  00000040  00000000  RWIX
  ECANB_MOTS            00006280   00000040  00000040  00000000  RWIX
  ECANB_MOTO            000062c0   00000040  00000040  00000000  RWIX
  ECANB_MBOX            00006300   00000100  00000100  00000000  RWIX
  EPWM1                 00006800   00000022  00000022  00000000  RWIX
  EPWM2                 00006840   00000022  00000022  00000000  RWIX
  EPWM3                 00006880   00000022  00000022  00000000  RWIX
  EPWM4                 000068c0   00000022  00000022  00000000  RWIX
  EPWM5                 00006900   00000022  00000022  00000000  RWIX
  EPWM6                 00006940   00000022  00000022  00000000  RWIX
  ECAP1                 00006a00   00000020  00000020  00000000  RWIX
  ECAP2                 00006a20   00000020  00000020  00000000  RWIX
  ECAP3                 00006a40   00000020  00000020  00000000  RWIX
  ECAP4                 00006a60   00000020  00000020  00000000  RWIX
  ECAP5                 00006a80   00000020  00000020  00000000  RWIX
  ECAP6                 00006aa0   00000020  00000020  00000000  RWIX
  EQEP1                 00006b00   00000040  00000040  00000000  RWIX
  EQEP2                 00006b40   00000040  00000040  00000000  RWIX
  GPIOCTRL              00006f80   00000040  0000002e  00000012  RWIX
  GPIODAT               00006fc0   00000020  00000020  00000000  RWIX
  GPIOINT               00006fe0   00000020  0000000a  00000016  RWIX
  SYSTEM                00007010   00000020  00000020  00000000  RWIX
  SPIA                  00007040   00000010  00000010  00000000  RWIX
  SCIA                  00007050   00000010  00000010  00000000  RWIX
  XINTRUPT              00007070   00000010  00000010  00000000  RWIX
  ADC                   00007100   00000020  0000001e  00000002  RWIX
  SCIB                  00007750   00000010  00000010  00000000  RWIX
  SCIC                  00007770   00000010  00000010  00000000  RWIX
  I2CA                  00007900   00000040  00000022  0000001e  RWIX
  RAML4                 0000c000   00001000  000002d0  00000d30  RWIX
  RAML5                 0000d000   00001000  000002ee  00000d12  RWIX
  RAML6                 0000e000   00001000  00000000  00001000  RWIX
  RAML7                 0000f000   00001000  00000000  00001000  RWIX
  ZONE7B                0020fc00   00000400  00000000  00000400  RWIX
  CSM_PWL               0033fff8   00000008  00000008  00000000  RWIX
  PARTID                00380090   00000001  00000001  00000000  RWIX


SECTION ALLOCATION MAP

 output                                  attributes/
section   page    origin      length       input sections
--------  ----  ----------  ----------   ----------------
codestart 
*          0    00000000    00000002     
                  00000000    00000002     DSP2833x_CodeStartBranch.obj (codestart)

ramfuncs   0    00008000    000000c2     
                  00008000    000000a5     Console_BSP.obj (ramfuncs:retain)
                  000080a5    00000015     Example_2833xLEDBlink.obj (ramfuncs)
                  000080ba    00000004     DSP2833x_usDelay.obj (ramfuncs)
                  000080be    00000004     bsp.obj (ramfuncs)

.cinit     0    00008000    00000143     COPY SECTION
                  00008000    0000002a     Example_2833xLEDBlink.obj (.cinit)
                  0000802a    00000028     Blinky.obj (.cinit)
                  00008052    000000c3     Console.obj (.cinit)
                  00008115    00000014     Console_BSP.obj (.cinit)
                  00008129    0000000e     rts2800_fpu32.lib : exit.obj (.cinit)
                  00008137    00000005                       : _lock.obj (.cinit:__unlock)
                  0000813c    00000005                       : _lock.obj (.cinit:__lock)
                  00008141    00000002     --HOLE-- [fill = 0]

.pinit     0    00008000    00000000     UNINITIALIZED

.text.1    0    00009000    00001000     
                  00009000    00000316     DSP2833x_DefaultIsr.obj (.text:retain)
                  00009316    000002b0     Console_BSP.obj (.text)
                  000095c6    0000015a     qhsm_dis.obj (.text)
                  00009720    0000013a     Console.obj (.text)
                  0000985a    000000f8     DSP2833x_SysCtrl.obj (.text)
                  00009952    000000a5     Blinky.obj (.text)
                  000099f7    000000a1     Example_2833xLEDBlink.obj (.text)
                  00009a98    00000082     Console_BSP.obj (.text:retain)
                  00009b1a    00000079     qa_get_.obj (.text)
                  00009b93    00000078     qf_tick.obj (.text)
                  00009c0b    00000073     DSP2833x_CpuTimers.obj (.text)
                  00009c7e    00000067     qhsm_ini.obj (.text)
                  00009ce5    0000005d     qa_fifo.obj (.text)
                  00009d42    0000005a     qf_act.obj (.text)
                  00009d9c    00000058     qvanilla.obj (.text)
                  00009df4    00000056     rts2800_fpu32.lib : boot.obj (.text)
                  00009e4a    00000048     DSP2833x_Sci.obj (.text)
                  00009e92    00000046     rts2800_fpu32.lib : cpy_tbl.obj (.text)
                  00009ed8    0000003e     Example_2833xLEDBlink.obj (.text:retain)
                  00009f16    0000003b     qte_arm.obj (.text)
                  00009f51    00000034     qf_port.obj (.text)
                  00009f85    00000030     qmp_put.obj (.text)
                  00009fb5    0000002f     qf_gc.obj (.text)
                  00009fe4    0000001b     qeq_init.obj (.text)
                  00009fff    00000001     rts2800_fpu32.lib : startup.obj (.text)

.text.2    0    0000a000    00000103     
                  0000a000    00000029     rts2800_fpu32.lib : exit.obj (.text)
                  0000a029    00000028     DSP2833x_PieCtrl.obj (.text)
                  0000a051    00000020     DSP2833x_PieVect.obj (.text)
                  0000a071    00000020     qte_ctor.obj (.text)
                  0000a091    0000001e     bsp.obj (.text)
                  0000a0af    0000001a     rts2800_fpu32.lib : cpy_utils.obj (.text)
                  0000a0c9    00000019                       : args_main.obj (.text)
                  0000a0e2    00000009                       : _lock.obj (.text)
                  0000a0eb    00000008     DSP2833x_CodeStartBranch.obj (.text)
                  0000a0f3    00000008     rts2800_fpu32.lib : strlen.obj (.text)
                  0000a0fb    00000006     qhsm_top.obj (.text)
                  0000a101    00000002     rts2800_fpu32.lib : pre_init.obj (.text)

.adc_cal   0    00380080    00000007     NOLOAD SECTION
                  00380080    00000007     DSP2833x_ADC_cal.obj (.adc_cal)

.stack     1    00000400    00000200     UNINITIALIZED
                  00000400    00000200     --HOLE--

DevEmuRegsFile 
*          1    00000880    000000d0     UNINITIALIZED
                  00000880    000000d0     DSP2833x_GlobalVariableDefs.obj (DevEmuRegsFile)

FlashRegsFile 
*          1    00000a80    00000008     UNINITIALIZED
                  00000a80    00000008     DSP2833x_GlobalVariableDefs.obj (FlashRegsFile)

CsmRegsFile 
*          1    00000ae0    00000010     UNINITIALIZED
                  00000ae0    00000010     DSP2833x_GlobalVariableDefs.obj (CsmRegsFile)

AdcMirrorFile 
*          1    00000b00    00000010     UNINITIALIZED
                  00000b00    00000010     DSP2833x_GlobalVariableDefs.obj (AdcMirrorFile)

XintfRegsFile 
*          1    00000b20    0000001e     UNINITIALIZED
                  00000b20    0000001e     DSP2833x_GlobalVariableDefs.obj (XintfRegsFile)

CpuTimer0RegsFile 
*          1    00000c00    00000008     UNINITIALIZED
                  00000c00    00000008     DSP2833x_GlobalVariableDefs.obj (CpuTimer0RegsFile)

CpuTimer1RegsFile 
*          1    00000c08    00000008     UNINITIALIZED
                  00000c08    00000008     DSP2833x_GlobalVariableDefs.obj (CpuTimer1RegsFile)

CpuTimer2RegsFile 
*          1    00000c10    00000008     UNINITIALIZED
                  00000c10    00000008     DSP2833x_GlobalVariableDefs.obj (CpuTimer2RegsFile)

PieCtrlRegsFile 
*          1    00000ce0    0000001a     UNINITIALIZED
                  00000ce0    0000001a     DSP2833x_GlobalVariableDefs.obj (PieCtrlRegsFile)

PieVectTableFile 
*          1    00000d00    00000100     UNINITIALIZED
                  00000d00    00000100     DSP2833x_GlobalVariableDefs.obj (PieVectTableFile)

DmaRegsFile 
*          1    00001000    000000e0     UNINITIALIZED
                  00001000    000000e0     DSP2833x_GlobalVariableDefs.obj (DmaRegsFile)

McbspaRegsFile 
*          1    00005000    00000025     UNINITIALIZED
                  00005000    00000025     DSP2833x_GlobalVariableDefs.obj (McbspaRegsFile)

McbspbRegsFile 
*          1    00005040    00000025     UNINITIALIZED
                  00005040    00000025     DSP2833x_GlobalVariableDefs.obj (McbspbRegsFile)

ECanaRegsFile 
*          1    00006000    00000034     UNINITIALIZED
                  00006000    00000034     DSP2833x_GlobalVariableDefs.obj (ECanaRegsFile)

ECanaLAMRegsFile 
*          1    00006040    00000040     UNINITIALIZED
                  00006040    00000040     DSP2833x_GlobalVariableDefs.obj (ECanaLAMRegsFile)

ECanaMOTSRegsFile 
*          1    00006080    00000040     UNINITIALIZED
                  00006080    00000040     DSP2833x_GlobalVariableDefs.obj (ECanaMOTSRegsFile)

ECanaMOTORegsFile 
*          1    000060c0    00000040     UNINITIALIZED
                  000060c0    00000040     DSP2833x_GlobalVariableDefs.obj (ECanaMOTORegsFile)

ECanaMboxesFile 
*          1    00006100    00000100     UNINITIALIZED
                  00006100    00000100     DSP2833x_GlobalVariableDefs.obj (ECanaMboxesFile)

ECanbRegsFile 
*          1    00006200    00000034     UNINITIALIZED
                  00006200    00000034     DSP2833x_GlobalVariableDefs.obj (ECanbRegsFile)

ECanbLAMRegsFile 
*          1    00006240    00000040     UNINITIALIZED
                  00006240    00000040     DSP2833x_GlobalVariableDefs.obj (ECanbLAMRegsFile)

ECanbMOTSRegsFile 
*          1    00006280    00000040     UNINITIALIZED
                  00006280    00000040     DSP2833x_GlobalVariableDefs.obj (ECanbMOTSRegsFile)

ECanbMOTORegsFile 
*          1    000062c0    00000040     UNINITIALIZED
                  000062c0    00000040     DSP2833x_GlobalVariableDefs.obj (ECanbMOTORegsFile)

ECanbMboxesFile 
*          1    00006300    00000100     UNINITIALIZED
                  00006300    00000100     DSP2833x_GlobalVariableDefs.obj (ECanbMboxesFile)

EPwm1RegsFile 
*          1    00006800    00000022     UNINITIALIZED
                  00006800    00000022     DSP2833x_GlobalVariableDefs.obj (EPwm1RegsFile)

EPwm2RegsFile 
*          1    00006840    00000022     UNINITIALIZED
                  00006840    00000022     DSP2833x_GlobalVariableDefs.obj (EPwm2RegsFile)

EPwm3RegsFile 
*          1    00006880    00000022     UNINITIALIZED
                  00006880    00000022     DSP2833x_GlobalVariableDefs.obj (EPwm3RegsFile)

EPwm4RegsFile 
*          1    000068c0    00000022     UNINITIALIZED
                  000068c0    00000022     DSP2833x_GlobalVariableDefs.obj (EPwm4RegsFile)

EPwm5RegsFile 
*          1    00006900    00000022     UNINITIALIZED
                  00006900    00000022     DSP2833x_GlobalVariableDefs.obj (EPwm5RegsFile)

EPwm6RegsFile 
*          1    00006940    00000022     UNINITIALIZED
                  00006940    00000022     DSP2833x_GlobalVariableDefs.obj (EPwm6RegsFile)

ECap1RegsFile 
*          1    00006a00    00000020     UNINITIALIZED
                  00006a00    00000020     DSP2833x_GlobalVariableDefs.obj (ECap1RegsFile)

ECap2RegsFile 
*          1    00006a20    00000020     UNINITIALIZED
                  00006a20    00000020     DSP2833x_GlobalVariableDefs.obj (ECap2RegsFile)

ECap3RegsFile 
*          1    00006a40    00000020     UNINITIALIZED
                  00006a40    00000020     DSP2833x_GlobalVariableDefs.obj (ECap3RegsFile)

ECap4RegsFile 
*          1    00006a60    00000020     UNINITIALIZED
                  00006a60    00000020     DSP2833x_GlobalVariableDefs.obj (ECap4RegsFile)

ECap5RegsFile 
*          1    00006a80    00000020     UNINITIALIZED
                  00006a80    00000020     DSP2833x_GlobalVariableDefs.obj (ECap5RegsFile)

ECap6RegsFile 
*          1    00006aa0    00000020     UNINITIALIZED
                  00006aa0    00000020     DSP2833x_GlobalVariableDefs.obj (ECap6RegsFile)

EQep1RegsFile 
*          1    00006b00    00000040     UNINITIALIZED
                  00006b00    00000040     DSP2833x_GlobalVariableDefs.obj (EQep1RegsFile)

EQep2RegsFile 
*          1    00006b40    00000040     UNINITIALIZED
                  00006b40    00000040     DSP2833x_GlobalVariableDefs.obj (EQep2RegsFile)

GpioCtrlRegsFile 
*          1    00006f80    0000002e     UNINITIALIZED
                  00006f80    0000002e     DSP2833x_GlobalVariableDefs.obj (GpioCtrlRegsFile)

GpioDataRegsFile 
*          1    00006fc0    00000020     UNINITIALIZED
                  00006fc0    00000020     DSP2833x_GlobalVariableDefs.obj (GpioDataRegsFile)

GpioIntRegsFile 
*          1    00006fe0    0000000a     UNINITIALIZED
                  00006fe0    0000000a     DSP2833x_GlobalVariableDefs.obj (GpioIntRegsFile)

SysCtrlRegsFile 
*          1    00007010    00000020     UNINITIALIZED
                  00007010    00000020     DSP2833x_GlobalVariableDefs.obj (SysCtrlRegsFile)

SpiaRegsFile 
*          1    00007040    00000010     UNINITIALIZED
                  00007040    00000010     DSP2833x_GlobalVariableDefs.obj (SpiaRegsFile)

SciaRegsFile 
*          1    00007050    00000010     UNINITIALIZED
                  00007050    00000010     DSP2833x_GlobalVariableDefs.obj (SciaRegsFile)

XIntruptRegsFile 
*          1    00007070    00000010     UNINITIALIZED
                  00007070    00000010     DSP2833x_GlobalVariableDefs.obj (XIntruptRegsFile)

AdcRegsFile 
*          1    00007100    0000001e     UNINITIALIZED
                  00007100    0000001e     DSP2833x_GlobalVariableDefs.obj (AdcRegsFile)

ScibRegsFile 
*          1    00007750    00000010     UNINITIALIZED
                  00007750    00000010     DSP2833x_GlobalVariableDefs.obj (ScibRegsFile)

ScicRegsFile 
*          1    00007770    00000010     UNINITIALIZED
                  00007770    00000010     DSP2833x_GlobalVariableDefs.obj (ScicRegsFile)

I2caRegsFile 
*          1    00007900    00000022     UNINITIALIZED
                  00007900    00000022     DSP2833x_GlobalVariableDefs.obj (I2caRegsFile)

.ebss      1    0000c000    000002d0     UNINITIALIZED
                  0000c000    00000160     Console.obj (.ebss)
                  0000c160    00000020     qf_pool.obj (.ebss)
                  0000c180    0000007f     Example_2833xLEDBlink.obj (.ebss)
                  0000c1ff    00000001     qvanilla.obj (.ebss)
                  0000c200    00000060     Blinky.obj (.ebss)
                  0000c260    00000018     DSP2833x_CpuTimers.obj (.ebss)
                  0000c278    00000006     rts2800_fpu32.lib : exit.obj (.ebss)
                  0000c27e    00000002                       : _lock.obj (.ebss:__lock)
                  0000c280    00000036     Console_BSP.obj (.ebss)
                  0000c2b6    00000004     qf_port.obj (.ebss)
                  0000c2ba    00000002     rts2800_fpu32.lib : _lock.obj (.ebss:__unlock)
                  0000c2bc    00000002     qte_arm.obj (.ebss)
                  0000c2be    00000002     --HOLE--
                  0000c2c0    00000010     qf_act.obj (.ebss)

.econst    1    0000d000    000002ee     
                  0000d000    00000100     qf_log2.obj (.econst:.string:_QF_log2Lkup)
                  0000d100    00000100     DSP2833x_PieVect.obj (.econst:_PieVectTableInit)
                  0000d200    00000041     qf_pwr2.obj (.econst:.string:_QF_invPwr2Lkup)
                  0000d241    00000041     qf_pwr2.obj (.econst:.string:_QF_pwr2Lkup)
                  0000d282    0000000c     qep.obj (.econst:_QEP_reservedEvt_)
                  0000d28e    00000009     qhsm_dis.obj (.econst:.string:_l_this_file)
                  0000d297    00000009     qhsm_ini.obj (.econst:.string:_l_this_file)
                  0000d2a0    00000009     qte_ctor.obj (.econst:.string:_l_this_file)
                  0000d2a9    00000009     qvanilla.obj (.econst:.string:_l_this_file)
                  0000d2b2    00000008     qa_fifo.obj (.econst:.string:_l_this_file)
                  0000d2ba    00000008     qa_get_.obj (.econst:.string:_l_this_file)
                  0000d2c2    00000008     qf_tick.obj (.econst:.string:_l_this_file)
                  0000d2ca    00000008     qmp_put.obj (.econst:.string:_l_this_file)
                  0000d2d2    00000008     qte_arm.obj (.econst:.string:_l_this_file)
                  0000d2da    00000007     qf_act.obj (.econst:.string:_l_this_file)
                  0000d2e1    00000007     qf_act.obj (.econst:.string:_version$1)
                  0000d2e8    00000006     qf_gc.obj (.econst:.string:_l_this_file)

.reset     0    003fffc0    00000002     DSECT
                  003fffc0    00000002     rts2800_fpu32.lib : boot.obj (.reset)

csm_rsvd   0    0033ff80    00000000     DSECT

csmpasswds 
*          0    0033fff8    00000000     DSECT

CsmPwlFile 
*          1    0033fff8    00000008     UNINITIALIZED
                  0033fff8    00000008     DSP2833x_GlobalVariableDefs.obj (CsmPwlFile)

PartIdRegsFile 
*          1    00380090    00000001     UNINITIALIZED
                  00380090    00000001     DSP2833x_GlobalVariableDefs.obj (PartIdRegsFile)

MODULE SUMMARY

       Module                            code   ro data   rw data
       ------                            ----   -------   -------
    .\
       DSP2833x_GlobalVariableDefs.obj   0      0         2679   
       DSP2833x_DefaultIsr.obj           790    0         0      
       Example_2833xLEDBlink.obj         244    0         127    
       DSP2833x_PieVect.obj              32     0         256    
       DSP2833x_SysCtrl.obj              248    0         0      
       DSP2833x_CpuTimers.obj            115    0         24     
       DSP2833x_Sci.obj                  72     0         0      
       DSP2833x_PieCtrl.obj              40     0         0      
       DSP2833x_CodeStartBranch.obj      10     0         0      
       DSP2833x_ADC_cal.obj              7      0         0      
       DSP2833x_usDelay.obj              4      0         0      
    +--+---------------------------------+------+---------+---------+
       Total:                            1562   0         3086   
                                                                 
    .\Blinky\
       Blinky.obj                        165    0         96     
       bsp.obj                           34     0         0      
    +--+---------------------------------+------+---------+---------+
       Total:                            199    0         96     
                                                                 
    .\Console\
       Console_BSP.obj                   983    0         54     
       Console.obj                       314    0         352    
    +--+---------------------------------+------+---------+---------+
       Total:                            1297   0         406    
                                                                 
    .\QP_port\
       qf_port.obj                       52     0         4      
    +--+---------------------------------+------+---------+---------+
       Total:                            52     0         4      
                                                                 
    .\QP_qep\
       qhsm_dis.obj                      346    0         9      
       qhsm_ini.obj                      103    0         9      
       qep.obj                           0      0         12     
       qhsm_top.obj                      6      0         0      
    +--+---------------------------------+------+---------+---------+
       Total:                            455    0         30     
                                                                 
    .\QP_qf\
       qf_log2.obj                       0      0         256    
       qf_pwr2.obj                       0      0         130    
       qa_get_.obj                       121    0         8      
       qf_tick.obj                       120    0         8      
       qf_act.obj                        90     0         30     
       qa_fifo.obj                       93     0         8      
       qvanilla.obj                      88     0         10     
       qte_arm.obj                       59     0         10     
       qmp_put.obj                       48     0         8      
       qf_gc.obj                         47     0         6      
       qte_ctor.obj                      32     0         9      
       qf_pool.obj                       0      0         32     
       qeq_init.obj                      27     0         0      
    +--+---------------------------------+------+---------+---------+
       Total:                            725    0         515    
                                                                 
    C:/ti/ccsv6/tools/compiler/c2000_15.12.3.LTS/lib/rts2800_fpu32.lib
       boot.obj                          86     0         0      
       cpy_tbl.obj                       70     0         0      
       exit.obj                          41     0         6      
       cpy_utils.obj                     26     0         0      
       args_main.obj                     25     0         0      
       _lock.obj                         9      0         4      
       strlen.obj                        8      0         0      
       pre_init.obj                      2      0         0      
       startup.obj                       1      0         0      
    +--+---------------------------------+------+---------+---------+
       Total:                            268    0         10     
                                                                 
       Stack:                            0      0         512    
    +--+---------------------------------+------+---------+---------+
       Grand Total:                      4558   0         4659   


GLOBAL DATA SYMBOLS: SORTED BY DATA PAGE

address     data page           name
--------    ----------------    ----
00000400      10 (00000400)     __stack

00000880      22 (00000880)     _DevEmuRegs

00000a80      2a (00000a80)     _FlashRegs

00000ae0      2b (00000ac0)     _CsmRegs

00000b00      2c (00000b00)     _AdcMirror
00000b20      2c (00000b00)     _XintfRegs

00000c00      30 (00000c00)     _CpuTimer0Regs
00000c08      30 (00000c00)     _CpuTimer1Regs
00000c10      30 (00000c00)     _CpuTimer2Regs

00000ce0      33 (00000cc0)     _PieCtrlRegs

00000d00      34 (00000d00)     _PieVectTable

00001000      40 (00001000)     _DmaRegs

00005000     140 (00005000)     _McbspaRegs

00005040     141 (00005040)     _McbspbRegs

00006000     180 (00006000)     _ECanaRegs

00006040     181 (00006040)     _ECanaLAMRegs

00006080     182 (00006080)     _ECanaMOTSRegs

000060c0     183 (000060c0)     _ECanaMOTORegs

00006100     184 (00006100)     _ECanaMboxes

00006200     188 (00006200)     _ECanbRegs

00006240     189 (00006240)     _ECanbLAMRegs

00006280     18a (00006280)     _ECanbMOTSRegs

000062c0     18b (000062c0)     _ECanbMOTORegs

00006300     18c (00006300)     _ECanbMboxes

00006800     1a0 (00006800)     _EPwm1Regs

00006840     1a1 (00006840)     _EPwm2Regs

00006880     1a2 (00006880)     _EPwm3Regs

000068c0     1a3 (000068c0)     _EPwm4Regs

00006900     1a4 (00006900)     _EPwm5Regs

00006940     1a5 (00006940)     _EPwm6Regs

00006a00     1a8 (00006a00)     _ECap1Regs
00006a20     1a8 (00006a00)     _ECap2Regs

00006a40     1a9 (00006a40)     _ECap3Regs
00006a60     1a9 (00006a40)     _ECap4Regs

00006a80     1aa (00006a80)     _ECap5Regs
00006aa0     1aa (00006a80)     _ECap6Regs

00006b00     1ac (00006b00)     _EQep1Regs

00006b40     1ad (00006b40)     _EQep2Regs

00006f80     1be (00006f80)     _GpioCtrlRegs

00006fc0     1bf (00006fc0)     _GpioDataRegs
00006fe0     1bf (00006fc0)     _GpioIntRegs

00007010     1c0 (00007000)     _SysCtrlRegs

00007040     1c1 (00007040)     _SpiaRegs
00007050     1c1 (00007040)     _SciaRegs
00007070     1c1 (00007040)     _XIntruptRegs

00007100     1c4 (00007100)     _AdcRegs

00007750     1dd (00007740)     _ScibRegs
00007770     1dd (00007740)     _ScicRegs

00007900     1e4 (00007900)     _I2caRegs

0000c000     300 (0000c000)     _menuPtr
0000c002     300 (0000c000)     _AO_ConsoleTx
0000c004     300 (0000c000)     _AO_ConsoleRx
0000c006     300 (0000c000)     _MenuMsgItem_3
0000c00a     300 (0000c000)     _MenuMsgItem_4
0000c00e     300 (0000c000)     _MenuMsgItem_5
0000c012     300 (0000c000)     _MenuMsgItem_1
0000c016     300 (0000c000)     _MenuMsgItem_2
0000c01a     300 (0000c000)     _ErrorText

0000c040     301 (0000c040)     _TextMenu_2
0000c056     301 (0000c040)     _TextMenu_1

0000c080     302 (0000c080)     _TextMenu_4
0000c096     302 (0000c080)     _TextMenu_3

0000c0c0     303 (0000c0c0)     _TextMenu_5

0000c160     305 (0000c140)     _QF_maxPool_
0000c162     305 (0000c140)     _QF_pool_

0000c180     306 (0000c180)     _strl
0000c182     306 (0000c180)     _rcBytes
0000c184     306 (0000c180)     _TxDoneEvent

0000c1c0     307 (0000c1c0)     _ConsoleRecData
0000c1de     307 (0000c1c0)     _ConsoleText
0000c1ff     307 (0000c1c0)     _QF_readySet_

0000c200     308 (0000c200)     _AO_Blinky
0000c202     308 (0000c200)     _txEvent

0000c240     309 (0000c240)     _TextMsg2Send
0000c260     309 (0000c240)     _CpuTimer1
0000c268     309 (0000c240)     _CpuTimer2
0000c270     309 (0000c240)     _CpuTimer0
0000c278     309 (0000c240)     ___TI_enable_exit_profile_output
0000c27a     309 (0000c240)     ___TI_cleanup_ptr
0000c27c     309 (0000c240)     ___TI_dtors_ptr
0000c27e     309 (0000c240)     __lock

0000c280     30a (0000c280)     _Console_Flags
0000c281     30a (0000c280)     _ReceivingDone
0000c282     30a (0000c280)     _Console_ConfigPtr
0000c284     30a (0000c280)     _Console_Rx_HandlePtr
0000c286     30a (0000c280)     _Console_FlagsPtr
0000c288     30a (0000c280)     _Console_Tx_HandlePtr
0000c28a     30a (0000c280)     _Console_Config
0000c296     30a (0000c280)     _Console_Tx_Handle
0000c2a4     30a (0000c280)     _Console_Rx_Handle
0000c2b6     30a (0000c280)     _QF_maxSignal_
0000c2b8     30a (0000c280)     _QF_subscrList_
0000c2ba     30a (0000c280)     __unlock
0000c2bc     30a (0000c280)     _QF_timeEvtListHead_

0000c2c0     30b (0000c2c0)     _QF_intLockNest_
0000c2c2     30b (0000c2c0)     _QF_active_

0000d000     340 (0000d000)     _QF_log2Lkup

0000d100     344 (0000d100)     _PieVectTableInit

0000d200     348 (0000d200)     _QF_invPwr2Lkup

0000d241     349 (0000d240)     _QF_pwr2Lkup

0000d282     34a (0000d280)     _QEP_reservedEvt_

0033fff8    cfff (0033ffc0)     _CsmPwl

00380090    e002 (00380080)     _PartIdRegs


GLOBAL SYMBOLS: SORTED ALPHABETICALLY BY Name 

page  address   name                             
----  -------   ----                             
abs   ffffffff  .text                            
0     0000a000  C$$EXIT                          
0     000090e6  _ADCINT_ISR                      
0     00380080  _ADC_cal                         
1     0000c200  _AO_Blinky                       
1     0000c004  _AO_ConsoleRx                    
1     0000c002  _AO_ConsoleTx                    
1     00000b00  _AdcMirror                       
1     00007100  _AdcRegs                         
0     0000a092  _BSP_Led_Off                     
0     0000a097  _BSP_Led_On                      
0     0000a091  _BSP_init                        
0     00009952  _BlinkyCtor                      
0     00009c44  _ConfigCpuTimer                  
1     0000c1c0  _ConsoleRecData                  
0     000080b1  _ConsoleRecDone                  
0     00009a98  _ConsoleReceivingISR             
0     00008063  _ConsoleRxTimeoutISR             
0     00008000  _ConsoleSendingISR               
1     0000c1de  _ConsoleText                     
0     00009720  _ConsoleTxCtor                   
0     000080a5  _ConsoleTxDone                   
0     000095c1  _Console_AbortSending            
1     0000c28a  _Console_Config                  
1     0000c282  _Console_ConfigPtr               
1     0000c280  _Console_Flags                   
1     0000c286  _Console_FlagsPtr                
0     0000941d  _Console_GetDefaultConfig        
0     000094bf  _Console_GetStatusFlags          
0     00009316  _Console_Init                    
0     000094fb  _Console_ReadBlocking            
0     000094c4  _Console_ReadChar                
0     00009521  _Console_RxCreateHandle          
1     0000c2a4  _Console_Rx_Handle               
1     0000c284  _Console_Rx_HandlePtr            
0     000095bb  _Console_TransferGetSentCount    
0     0000957a  _Console_TransferReadNonBlocking 
0     0000954c  _Console_TransferWriteNonBlocking
0     00009502  _Console_TxCreateHandle          
1     0000c296  _Console_Tx_Handle               
1     0000c288  _Console_Tx_HandlePtr            
0     00009470  _Console_WriteBlocking           
0     00009432  _Console_WriteChar               
1     0000c270  _CpuTimer0                       
1     00000c00  _CpuTimer0Regs                   
1     0000c260  _CpuTimer1                       
1     00000c08  _CpuTimer1Regs                   
1     0000c268  _CpuTimer2                       
1     00000c10  _CpuTimer2Regs                   
1     0033fff8  _CsmPwl                          
1     00000ae0  _CsmRegs                         
0     00009921  _CsmUnlock                       
0     00009014  _DATALOG_ISR                     
0     00009208  _DINTCH1_ISR                     
0     00009212  _DINTCH2_ISR                     
0     0000921c  _DINTCH3_ISR                     
0     00009226  _DINTCH4_ISR                     
0     00009230  _DINTCH5_ISR                     
0     0000923a  _DINTCH6_ISR                     
0     000080ba  _DSP28x_usDelay                  
1     00000880  _DevEmuRegs                      
0     0000986d  _DisableDog                      
1     00001000  _DmaRegs                         
0     00009294  _ECAN0INTA_ISR                   
0     000092a8  _ECAN0INTB_ISR                   
0     0000929e  _ECAN1INTA_ISR                   
0     000092b2  _ECAN1INTB_ISR                   
0     0000917c  _ECAP1_INT_ISR                   
0     00009186  _ECAP2_INT_ISR                   
0     00009190  _ECAP3_INT_ISR                   
0     0000919a  _ECAP4_INT_ISR                   
0     000091a4  _ECAP5_INT_ISR                   
0     000091ae  _ECAP6_INT_ISR                   
1     00006040  _ECanaLAMRegs                    
1     000060c0  _ECanaMOTORegs                   
1     00006080  _ECanaMOTSRegs                   
1     00006100  _ECanaMboxes                     
1     00006000  _ECanaRegs                       
1     00006240  _ECanbLAMRegs                    
1     000062c0  _ECanbMOTORegs                   
1     00006280  _ECanbMOTSRegs                   
1     00006300  _ECanbMboxes                     
1     00006200  _ECanbRegs                       
1     00006a00  _ECap1Regs                       
1     00006a20  _ECap2Regs                       
1     00006a40  _ECap3Regs                       
1     00006a60  _ECap4Regs                       
1     00006a80  _ECap5Regs                       
1     00006aa0  _ECap6Regs                       
0     00009028  _EMUINT_ISR                      
0     00009140  _EPWM1_INT_ISR                   
0     00009104  _EPWM1_TZINT_ISR                 
0     0000914a  _EPWM2_INT_ISR                   
0     0000910e  _EPWM2_TZINT_ISR                 
0     00009154  _EPWM3_INT_ISR                   
0     00009118  _EPWM3_TZINT_ISR                 
0     0000915e  _EPWM4_INT_ISR                   
0     00009122  _EPWM4_TZINT_ISR                 
0     00009168  _EPWM5_INT_ISR                   
0     0000912c  _EPWM5_TZINT_ISR                 
0     00009172  _EPWM6_INT_ISR                   
0     00009136  _EPWM6_TZINT_ISR                 
1     00006800  _EPwm1Regs                       
1     00006840  _EPwm2Regs                       
1     00006880  _EPwm3Regs                       
1     000068c0  _EPwm4Regs                       
1     00006900  _EPwm5Regs                       
1     00006940  _EPwm6Regs                       
0     000091b8  _EQEP1_INT_ISR                   
0     000091c2  _EQEP2_INT_ISR                   
1     00006b00  _EQep1Regs                       
1     00006b40  _EQep2Regs                       
0     0000a048  _EnableInterrupts                
1     0000c01a  _ErrorText                       
1     00000a80  _FlashRegs                       
1     00006f80  _GpioCtrlRegs                    
1     00006fc0  _GpioDataRegs                    
1     00006fe0  _GpioIntRegs                     
0     00009244  _I2CINT1A_ISR                    
0     0000924e  _I2CINT2A_ISR                    
1     00007900  _I2caRegs                        
0     0000903c  _ILLEGAL_ISR                     
0     00009000  _INT13_ISR                       
0     0000900a  _INT14_ISR                       
0     00009c0b  _InitCpuTimers                   
0     000098c6  _InitPeripheralClocks            
0     0000a029  _InitPieCtrl                     
0     0000a051  _InitPieVectTable                
0     00009875  _InitPll                         
0     00009e4a  _InitSci                         
0     00009e4b  _InitSciGpio                     
0     00009e52  _InitSciaGpio                    
0     00009e68  _InitScibGpio                    
0     00009e7c  _InitScicGpio                    
0     0000985a  _InitSysCtrl                     
0     000092f8  _LUF_ISR                         
0     000092ee  _LVF_ISR                         
0     000091f4  _MRINTA_ISR                      
0     000091e0  _MRINTB_ISR                      
0     000091fe  _MXINTA_ISR                      
0     000091ea  _MXINTB_ISR                      
1     00005000  _McbspaRegs                      
1     00005040  _McbspbRegs                      
1     0000c012  _MenuMsgItem_1                   
1     0000c016  _MenuMsgItem_2                   
1     0000c006  _MenuMsgItem_3                   
1     0000c00a  _MenuMsgItem_4                   
1     0000c00e  _MenuMsgItem_5                   
0     00009032  _NMI_ISR                         
0     00009302  _PIE_RESERVED                    
1     00380090  _PartIdRegs                      
1     00000ce0  _PieCtrlRegs                     
1     00000d00  _PieVectTable                    
1     0000d100  _PieVectTableInit                
0     00009b1a  _QActive_get_                    
0     00009ce5  _QActive_postFIFO                
0     00009dca  _QActive_start                   
0     00009dee  _QActive_stop                    
1     0000d282  _QEP_reservedEvt_                
0     00009fe4  _QEQueue_init                    
1     0000c2c2  _QF_active_                      
0     00009d45  _QF_add_                         
0     00009fb5  _QF_gc                           
0     00009b6b  _QF_getQueueMargin               
0     00009d42  _QF_getVersion                   
0     00009d9c  _QF_init                         
1     0000c2c0  _QF_intLockNest_                 
1     0000d200  _QF_invPwr2Lkup                  
1     0000d000  _QF_log2Lkup                     
1     0000c160  _QF_maxPool_                     
1     0000c2b6  _QF_maxSignal_                   
0     00009f49  _QF_noTimeEvtsActive             
0     0000a0ae  _QF_onCleanup                    
0     000080be  _QF_onIdle                       
0     0000a0a1  _QF_onStartup                    
1     0000c162  _QF_pool_                        
0     00009f77  _QF_psInit                       
1     0000d241  _QF_pwr2Lkup                     
1     0000c1ff  _QF_readySet_                    
0     00009d70  _QF_remove_                      
0     00009da0  _QF_run                          
0     00009d9d  _QF_stop                         
1     0000c2b8  _QF_subscrList_                  
0     00009b93  _QF_tick                         
1     0000c2bc  _QF_timeEvtListHead_             
0     00009f64  _QF_zero                         
0     000095c6  _QHsm_dispatch                   
0     00009c7e  _QHsm_init                       
0     0000a0fb  _QHsm_top                        
0     00009f85  _QMPool_put                      
0     00009f16  _QTimeEvt_arm_                   
0     0000a071  _QTimeEvt_ctor                   
0     0000a09c  _Q_onAssert                      
0     0000901e  _RTOSINT_ISR                     
1     0000c281  _ReceivingDone                   
0     0000926c  _SCIRXINTA_ISR                   
0     00009280  _SCIRXINTB_ISR                   
0     00009258  _SCIRXINTC_ISR                   
0     00009276  _SCITXINTA_ISR                   
0     0000928a  _SCITXINTB_ISR                   
0     00009262  _SCITXINTC_ISR                   
0     000090be  _SEQ1INT_ISR                     
0     000090c8  _SEQ2INT_ISR                     
0     000091cc  _SPIRXINTA_ISR                   
0     000091d6  _SPITXINTA_ISR                   
1     00007050  _SciaRegs                        
1     00007750  _ScibRegs                        
1     00007770  _ScicRegs                        
0     00009863  _ServiceDog                      
1     00007040  _SpiaRegs                        
1     00007010  _SysCtrlRegs                     
0     000090f0  _TINT0_ISR                       
1     0000c056  _TextMenu_1                      
1     0000c040  _TextMenu_2                      
1     0000c096  _TextMenu_3                      
1     0000c080  _TextMenu_4                      
1     0000c0c0  _TextMenu_5                      
1     0000c240  _TextMsg2Send                    
1     0000c184  _TxDoneEvent                     
0     000090a0  _USER10_ISR                      
0     000090aa  _USER11_ISR                      
0     000090b4  _USER12_ISR                      
0     00009046  _USER1_ISR                       
0     00009050  _USER2_ISR                       
0     0000905a  _USER3_ISR                       
0     00009064  _USER4_ISR                       
0     0000906e  _USER5_ISR                       
0     00009078  _USER6_ISR                       
0     00009082  _USER7_ISR                       
0     0000908c  _USER8_ISR                       
0     00009096  _USER9_ISR                       
0     000090fa  _WAKEINT_ISR                     
0     000090d2  _XINT1_ISR                       
0     000090dc  _XINT2_ISR                       
0     000092bc  _XINT3_ISR                       
0     000092c6  _XINT4_ISR                       
0     000092d0  _XINT5_ISR                       
0     000092da  _XINT6_ISR                       
0     000092e4  _XINT7_ISR                       
1     00007070  _XIntruptRegs                    
1     00000b20  _XintfRegs                       
1     00000600  __STACK_END                      
abs   00000200  __STACK_SIZE                     
1     0000c27a  ___TI_cleanup_ptr                
1     0000c27c  ___TI_dtors_ptr                  
1     0000c278  ___TI_enable_exit_profile_output 
abs   ffffffff  ___TI_pprof_out_hndl             
abs   ffffffff  ___TI_prof_data_size             
abs   ffffffff  ___TI_prof_data_start            
abs   ffffffff  ___binit__                       
abs   ffffffff  ___c_args__                      
abs   ffffffff  ___cinit__                       
abs   ffffffff  ___etext__                       
abs   ffffffff  ___pinit__                       
abs   ffffffff  ___text__                        
0     0000a0c9  __args_main                      
1     0000c27e  __lock                           
0     0000a0ea  __nop                            
0     0000a0e6  __register_lock                  
0     0000a0e2  __register_unlock                
1     00000400  __stack                          
0     00009fff  __system_post_cinit              
0     0000a101  __system_pre_init                
1     0000c2ba  __unlock                         
0     0000a000  _abort                           
0     00009f51  _bzero                           
0     00009df4  _c_int00                         
0     00009e92  _copy_in                         
0     00009ed8  _cpu_timer0_isr                  
0     0000a0af  _ddcopy                          
0     0000a0af  _dpcopy                          
0     0000a002  _exit                            
0     000099f7  _main                            
1     0000c000  _menuPtr                         
0     0000a0af  _pdcopy                          
0     0000a0af  _ppcopy                          
1     0000c182  _rcBytes                         
0     0000930c  _rsvd_ISR                        
1     0000c180  _strl                            
0     0000a0f3  _strlen                          
1     0000c202  _txEvent                         
abs   ffffffff  binit                            
abs   ffffffff  cinit                            
0     00000000  code_start                       
abs   ffffffff  etext                            
abs   ffffffff  pinit                            


GLOBAL SYMBOLS: SORTED BY Symbol Address 

page  address   name                             
----  -------   ----                             
0     00000000  code_start                       
0     00008000  _ConsoleSendingISR               
0     00008063  _ConsoleRxTimeoutISR             
0     000080a5  _ConsoleTxDone                   
0     000080b1  _ConsoleRecDone                  
0     000080ba  _DSP28x_usDelay                  
0     000080be  _QF_onIdle                       
0     00009000  _INT13_ISR                       
0     0000900a  _INT14_ISR                       
0     00009014  _DATALOG_ISR                     
0     0000901e  _RTOSINT_ISR                     
0     00009028  _EMUINT_ISR                      
0     00009032  _NMI_ISR                         
0     0000903c  _ILLEGAL_ISR                     
0     00009046  _USER1_ISR                       
0     00009050  _USER2_ISR                       
0     0000905a  _USER3_ISR                       
0     00009064  _USER4_ISR                       
0     0000906e  _USER5_ISR                       
0     00009078  _USER6_ISR                       
0     00009082  _USER7_ISR                       
0     0000908c  _USER8_ISR                       
0     00009096  _USER9_ISR                       
0     000090a0  _USER10_ISR                      
0     000090aa  _USER11_ISR                      
0     000090b4  _USER12_ISR                      
0     000090be  _SEQ1INT_ISR                     
0     000090c8  _SEQ2INT_ISR                     
0     000090d2  _XINT1_ISR                       
0     000090dc  _XINT2_ISR                       
0     000090e6  _ADCINT_ISR                      
0     000090f0  _TINT0_ISR                       
0     000090fa  _WAKEINT_ISR                     
0     00009104  _EPWM1_TZINT_ISR                 
0     0000910e  _EPWM2_TZINT_ISR                 
0     00009118  _EPWM3_TZINT_ISR                 
0     00009122  _EPWM4_TZINT_ISR                 
0     0000912c  _EPWM5_TZINT_ISR                 
0     00009136  _EPWM6_TZINT_ISR                 
0     00009140  _EPWM1_INT_ISR                   
0     0000914a  _EPWM2_INT_ISR                   
0     00009154  _EPWM3_INT_ISR                   
0     0000915e  _EPWM4_INT_ISR                   
0     00009168  _EPWM5_INT_ISR                   
0     00009172  _EPWM6_INT_ISR                   
0     0000917c  _ECAP1_INT_ISR                   
0     00009186  _ECAP2_INT_ISR                   
0     00009190  _ECAP3_INT_ISR                   
0     0000919a  _ECAP4_INT_ISR                   
0     000091a4  _ECAP5_INT_ISR                   
0     000091ae  _ECAP6_INT_ISR                   
0     000091b8  _EQEP1_INT_ISR                   
0     000091c2  _EQEP2_INT_ISR                   
0     000091cc  _SPIRXINTA_ISR                   
0     000091d6  _SPITXINTA_ISR                   
0     000091e0  _MRINTB_ISR                      
0     000091ea  _MXINTB_ISR                      
0     000091f4  _MRINTA_ISR                      
0     000091fe  _MXINTA_ISR                      
0     00009208  _DINTCH1_ISR                     
0     00009212  _DINTCH2_ISR                     
0     0000921c  _DINTCH3_ISR                     
0     00009226  _DINTCH4_ISR                     
0     00009230  _DINTCH5_ISR                     
0     0000923a  _DINTCH6_ISR                     
0     00009244  _I2CINT1A_ISR                    
0     0000924e  _I2CINT2A_ISR                    
0     00009258  _SCIRXINTC_ISR                   
0     00009262  _SCITXINTC_ISR                   
0     0000926c  _SCIRXINTA_ISR                   
0     00009276  _SCITXINTA_ISR                   
0     00009280  _SCIRXINTB_ISR                   
0     0000928a  _SCITXINTB_ISR                   
0     00009294  _ECAN0INTA_ISR                   
0     0000929e  _ECAN1INTA_ISR                   
0     000092a8  _ECAN0INTB_ISR                   
0     000092b2  _ECAN1INTB_ISR                   
0     000092bc  _XINT3_ISR                       
0     000092c6  _XINT4_ISR                       
0     000092d0  _XINT5_ISR                       
0     000092da  _XINT6_ISR                       
0     000092e4  _XINT7_ISR                       
0     000092ee  _LVF_ISR                         
0     000092f8  _LUF_ISR                         
0     00009302  _PIE_RESERVED                    
0     0000930c  _rsvd_ISR                        
0     00009316  _Console_Init                    
0     0000941d  _Console_GetDefaultConfig        
0     00009432  _Console_WriteChar               
0     00009470  _Console_WriteBlocking           
0     000094bf  _Console_GetStatusFlags          
0     000094c4  _Console_ReadChar                
0     000094fb  _Console_ReadBlocking            
0     00009502  _Console_TxCreateHandle          
0     00009521  _Console_RxCreateHandle          
0     0000954c  _Console_TransferWriteNonBlocking
0     0000957a  _Console_TransferReadNonBlocking 
0     000095bb  _Console_TransferGetSentCount    
0     000095c1  _Console_AbortSending            
0     000095c6  _QHsm_dispatch                   
0     00009720  _ConsoleTxCtor                   
0     0000985a  _InitSysCtrl                     
0     00009863  _ServiceDog                      
0     0000986d  _DisableDog                      
0     00009875  _InitPll                         
0     000098c6  _InitPeripheralClocks            
0     00009921  _CsmUnlock                       
0     00009952  _BlinkyCtor                      
0     000099f7  _main                            
0     00009a98  _ConsoleReceivingISR             
0     00009b1a  _QActive_get_                    
0     00009b6b  _QF_getQueueMargin               
0     00009b93  _QF_tick                         
0     00009c0b  _InitCpuTimers                   
0     00009c44  _ConfigCpuTimer                  
0     00009c7e  _QHsm_init                       
0     00009ce5  _QActive_postFIFO                
0     00009d42  _QF_getVersion                   
0     00009d45  _QF_add_                         
0     00009d70  _QF_remove_                      
0     00009d9c  _QF_init                         
0     00009d9d  _QF_stop                         
0     00009da0  _QF_run                          
0     00009dca  _QActive_start                   
0     00009dee  _QActive_stop                    
0     00009df4  _c_int00                         
0     00009e4a  _InitSci                         
0     00009e4b  _InitSciGpio                     
0     00009e52  _InitSciaGpio                    
0     00009e68  _InitScibGpio                    
0     00009e7c  _InitScicGpio                    
0     00009e92  _copy_in                         
0     00009ed8  _cpu_timer0_isr                  
0     00009f16  _QTimeEvt_arm_                   
0     00009f49  _QF_noTimeEvtsActive             
0     00009f51  _bzero                           
0     00009f64  _QF_zero                         
0     00009f77  _QF_psInit                       
0     00009f85  _QMPool_put                      
0     00009fb5  _QF_gc                           
0     00009fe4  _QEQueue_init                    
0     00009fff  __system_post_cinit              
0     0000a000  C$$EXIT                          
0     0000a000  _abort                           
0     0000a002  _exit                            
0     0000a029  _InitPieCtrl                     
0     0000a048  _EnableInterrupts                
0     0000a051  _InitPieVectTable                
0     0000a071  _QTimeEvt_ctor                   
0     0000a091  _BSP_init                        
0     0000a092  _BSP_Led_Off                     
0     0000a097  _BSP_Led_On                      
0     0000a09c  _Q_onAssert                      
0     0000a0a1  _QF_onStartup                    
0     0000a0ae  _QF_onCleanup                    
0     0000a0af  _ddcopy                          
0     0000a0af  _dpcopy                          
0     0000a0af  _pdcopy                          
0     0000a0af  _ppcopy                          
0     0000a0c9  __args_main                      
0     0000a0e2  __register_unlock                
0     0000a0e6  __register_lock                  
0     0000a0ea  __nop                            
0     0000a0f3  _strlen                          
0     0000a0fb  _QHsm_top                        
0     0000a101  __system_pre_init                
0     00380080  _ADC_cal                         
1     00000400  __stack                          
1     00000600  __STACK_END                      
1     00000880  _DevEmuRegs                      
1     00000a80  _FlashRegs                       
1     00000ae0  _CsmRegs                         
1     00000b00  _AdcMirror                       
1     00000b20  _XintfRegs                       
1     00000c00  _CpuTimer0Regs                   
1     00000c08  _CpuTimer1Regs                   
1     00000c10  _CpuTimer2Regs                   
1     00000ce0  _PieCtrlRegs                     
1     00000d00  _PieVectTable                    
1     00001000  _DmaRegs                         
1     00005000  _McbspaRegs                      
1     00005040  _McbspbRegs                      
1     00006000  _ECanaRegs                       
1     00006040  _ECanaLAMRegs                    
1     00006080  _ECanaMOTSRegs                   
1     000060c0  _ECanaMOTORegs                   
1     00006100  _ECanaMboxes                     
1     00006200  _ECanbRegs                       
1     00006240  _ECanbLAMRegs                    
1     00006280  _ECanbMOTSRegs                   
1     000062c0  _ECanbMOTORegs                   
1     00006300  _ECanbMboxes                     
1     00006800  _EPwm1Regs                       
1     00006840  _EPwm2Regs                       
1     00006880  _EPwm3Regs                       
1     000068c0  _EPwm4Regs                       
1     00006900  _EPwm5Regs                       
1     00006940  _EPwm6Regs                       
1     00006a00  _ECap1Regs                       
1     00006a20  _ECap2Regs                       
1     00006a40  _ECap3Regs                       
1     00006a60  _ECap4Regs                       
1     00006a80  _ECap5Regs                       
1     00006aa0  _ECap6Regs                       
1     00006b00  _EQep1Regs                       
1     00006b40  _EQep2Regs                       
1     00006f80  _GpioCtrlRegs                    
1     00006fc0  _GpioDataRegs                    
1     00006fe0  _GpioIntRegs                     
1     00007010  _SysCtrlRegs                     
1     00007040  _SpiaRegs                        
1     00007050  _SciaRegs                        
1     00007070  _XIntruptRegs                    
1     00007100  _AdcRegs                         
1     00007750  _ScibRegs                        
1     00007770  _ScicRegs                        
1     00007900  _I2caRegs                        
1     0000c000  _menuPtr                         
1     0000c002  _AO_ConsoleTx                    
1     0000c004  _AO_ConsoleRx                    
1     0000c006  _MenuMsgItem_3                   
1     0000c00a  _MenuMsgItem_4                   
1     0000c00e  _MenuMsgItem_5                   
1     0000c012  _MenuMsgItem_1                   
1     0000c016  _MenuMsgItem_2                   
1     0000c01a  _ErrorText                       
1     0000c040  _TextMenu_2                      
1     0000c056  _TextMenu_1                      
1     0000c080  _TextMenu_4                      
1     0000c096  _TextMenu_3                      
1     0000c0c0  _TextMenu_5                      
1     0000c160  _QF_maxPool_                     
1     0000c162  _QF_pool_                        
1     0000c180  _strl                            
1     0000c182  _rcBytes                         
1     0000c184  _TxDoneEvent                     
1     0000c1c0  _ConsoleRecData                  
1     0000c1de  _ConsoleText                     
1     0000c1ff  _QF_readySet_                    
1     0000c200  _AO_Blinky                       
1     0000c202  _txEvent                         
1     0000c240  _TextMsg2Send                    
1     0000c260  _CpuTimer1                       
1     0000c268  _CpuTimer2                       
1     0000c270  _CpuTimer0                       
1     0000c278  ___TI_enable_exit_profile_output 
1     0000c27a  ___TI_cleanup_ptr                
1     0000c27c  ___TI_dtors_ptr                  
1     0000c27e  __lock                           
1     0000c280  _Console_Flags                   
1     0000c281  _ReceivingDone                   
1     0000c282  _Console_ConfigPtr               
1     0000c284  _Console_Rx_HandlePtr            
1     0000c286  _Console_FlagsPtr                
1     0000c288  _Console_Tx_HandlePtr            
1     0000c28a  _Console_Config                  
1     0000c296  _Console_Tx_Handle               
1     0000c2a4  _Console_Rx_Handle               
1     0000c2b6  _QF_maxSignal_                   
1     0000c2b8  _QF_subscrList_                  
1     0000c2ba  __unlock                         
1     0000c2bc  _QF_timeEvtListHead_             
1     0000c2c0  _QF_intLockNest_                 
1     0000c2c2  _QF_active_                      
1     0000d000  _QF_log2Lkup                     
1     0000d100  _PieVectTableInit                
1     0000d200  _QF_invPwr2Lkup                  
1     0000d241  _QF_pwr2Lkup                     
1     0000d282  _QEP_reservedEvt_                
1     0033fff8  _CsmPwl                          
1     00380090  _PartIdRegs                      
abs   00000200  __STACK_SIZE                     
abs   ffffffff  .text                            
abs   ffffffff  ___TI_pprof_out_hndl             
abs   ffffffff  ___TI_prof_data_size             
abs   ffffffff  ___TI_prof_data_start            
abs   ffffffff  ___binit__                       
abs   ffffffff  ___c_args__                      
abs   ffffffff  ___cinit__                       
abs   ffffffff  ___etext__                       
abs   ffffffff  ___pinit__                       
abs   ffffffff  ___text__                        
abs   ffffffff  binit                            
abs   ffffffff  cinit                            
abs   ffffffff  etext                            
abs   ffffffff  pinit                            

[286 symbols]
